ARM GAS  C:\Users\vlantaca\AppData\Local\Temp\ccVDVYCq.s 			page 1


   1              		.syntax unified
   2              		.cpu cortex-m3
   3              		.fpu softvfp
   4              		.eabi_attribute 20, 1
   5              		.eabi_attribute 21, 1
   6              		.eabi_attribute 23, 3
   7              		.eabi_attribute 24, 1
   8              		.eabi_attribute 25, 1
   9              		.eabi_attribute 26, 1
  10              		.eabi_attribute 30, 6
  11              		.eabi_attribute 18, 4
  12              		.thumb
  13              		.file	"ISR_Read.c"
  14              		.section	.debug_abbrev,"",%progbits
  15              	.Ldebug_abbrev0:
  16              		.section	.debug_info,"",%progbits
  17              	.Ldebug_info0:
  18              		.section	.debug_line,"",%progbits
  19              	.Ldebug_line0:
  20 0000 58010000 		.text
  20      02006000 
  20      00000201 
  20      FB0E0D00 
  20      01010101 
  21              	.Ltext0:
  22              		.cfi_sections	.debug_frame
  23              		.section	.text.ISR_Read_Start,"ax",%progbits
  24              		.align	2
  25              		.global	ISR_Read_Start
  26              		.thumb
  27              		.thumb_func
  28              		.type	ISR_Read_Start, %function
  29              	ISR_Read_Start:
  30              	.LFB0:
  31              		.file 1 ".\\Generated_Source\\PSoC5\\ISR_Read.c"
   1:.\Generated_Source\PSoC5/ISR_Read.c **** /*******************************************************************************
   2:.\Generated_Source\PSoC5/ISR_Read.c **** * File Name: ISR_Read.c  
   3:.\Generated_Source\PSoC5/ISR_Read.c **** * Version 1.60
   4:.\Generated_Source\PSoC5/ISR_Read.c **** *
   5:.\Generated_Source\PSoC5/ISR_Read.c **** *  Description:
   6:.\Generated_Source\PSoC5/ISR_Read.c **** *   API for controlling the state of an interrupt.
   7:.\Generated_Source\PSoC5/ISR_Read.c **** *
   8:.\Generated_Source\PSoC5/ISR_Read.c **** *
   9:.\Generated_Source\PSoC5/ISR_Read.c **** *  Note:
  10:.\Generated_Source\PSoC5/ISR_Read.c **** *
  11:.\Generated_Source\PSoC5/ISR_Read.c **** ********************************************************************************
  12:.\Generated_Source\PSoC5/ISR_Read.c **** * Copyright 2008-2010, Cypress Semiconductor Corporation.  All rights reserved.
  13:.\Generated_Source\PSoC5/ISR_Read.c **** * You may use this file only in accordance with the license, terms, conditions, 
  14:.\Generated_Source\PSoC5/ISR_Read.c **** * disclaimers, and limitations in the end user license agreement accompanying 
  15:.\Generated_Source\PSoC5/ISR_Read.c **** * the software package with which this file was provided.
  16:.\Generated_Source\PSoC5/ISR_Read.c **** ********************************************************************************/
  17:.\Generated_Source\PSoC5/ISR_Read.c **** 
  18:.\Generated_Source\PSoC5/ISR_Read.c **** 
  19:.\Generated_Source\PSoC5/ISR_Read.c **** #include <CYDEVICE.H>
  20:.\Generated_Source\PSoC5/ISR_Read.c **** #include <CYDEVICE_TRM.H>
  21:.\Generated_Source\PSoC5/ISR_Read.c **** #include <CYLIB.H>
  22:.\Generated_Source\PSoC5/ISR_Read.c **** #include <ISR_Read.H>
ARM GAS  C:\Users\vlantaca\AppData\Local\Temp\ccVDVYCq.s 			page 2


  23:.\Generated_Source\PSoC5/ISR_Read.c **** 
  24:.\Generated_Source\PSoC5/ISR_Read.c **** 
  25:.\Generated_Source\PSoC5/ISR_Read.c **** /*******************************************************************************
  26:.\Generated_Source\PSoC5/ISR_Read.c **** *  Place your includes, defines and code here 
  27:.\Generated_Source\PSoC5/ISR_Read.c **** ********************************************************************************/
  28:.\Generated_Source\PSoC5/ISR_Read.c **** /* `#START ISR_Read_intc` */
  29:.\Generated_Source\PSoC5/ISR_Read.c **** 
  30:.\Generated_Source\PSoC5/ISR_Read.c **** /* `#END` */
  31:.\Generated_Source\PSoC5/ISR_Read.c **** 
  32:.\Generated_Source\PSoC5/ISR_Read.c **** #ifndef CYINT_IRQ_BASE
  33:.\Generated_Source\PSoC5/ISR_Read.c **** #define CYINT_IRQ_BASE	16
  34:.\Generated_Source\PSoC5/ISR_Read.c **** #endif
  35:.\Generated_Source\PSoC5/ISR_Read.c **** #ifndef CYINT_VECT_TABLE
  36:.\Generated_Source\PSoC5/ISR_Read.c **** #define CYINT_VECT_TABLE    ((cyisraddress **) CYREG_NVIC_VECT_OFFSET)
  37:.\Generated_Source\PSoC5/ISR_Read.c **** #endif
  38:.\Generated_Source\PSoC5/ISR_Read.c **** 
  39:.\Generated_Source\PSoC5/ISR_Read.c **** /* Declared in startup, used to set unused interrupts to. */
  40:.\Generated_Source\PSoC5/ISR_Read.c **** CY_ISR_PROTO(IntDefaultHandler);
  41:.\Generated_Source\PSoC5/ISR_Read.c **** 
  42:.\Generated_Source\PSoC5/ISR_Read.c **** /*******************************************************************************
  43:.\Generated_Source\PSoC5/ISR_Read.c **** * Function Name: ISR_Read_Start
  44:.\Generated_Source\PSoC5/ISR_Read.c **** ********************************************************************************
  45:.\Generated_Source\PSoC5/ISR_Read.c **** * Summary:
  46:.\Generated_Source\PSoC5/ISR_Read.c **** *  Set up the interrupt and enable it.
  47:.\Generated_Source\PSoC5/ISR_Read.c **** *
  48:.\Generated_Source\PSoC5/ISR_Read.c **** * Parameters:  
  49:.\Generated_Source\PSoC5/ISR_Read.c **** *   void.
  50:.\Generated_Source\PSoC5/ISR_Read.c **** *
  51:.\Generated_Source\PSoC5/ISR_Read.c **** *
  52:.\Generated_Source\PSoC5/ISR_Read.c **** * Return:
  53:.\Generated_Source\PSoC5/ISR_Read.c **** *   void.
  54:.\Generated_Source\PSoC5/ISR_Read.c **** *
  55:.\Generated_Source\PSoC5/ISR_Read.c **** *******************************************************************************/
  56:.\Generated_Source\PSoC5/ISR_Read.c **** void ISR_Read_Start(void)
  57:.\Generated_Source\PSoC5/ISR_Read.c **** {
  32              		.loc 1 57 0
  33              		.cfi_startproc
  34              		@ args = 0, pretend = 0, frame = 0
  35              		@ frame_needed = 1, uses_anonymous_args = 0
  36 0000 80B5     		push	{r7, lr}
  37              	.LCFI0:
  38              		.cfi_def_cfa_offset 8
  39 0002 00AF     		add	r7, sp, #0
  40              		.cfi_offset 14, -4
  41              		.cfi_offset 7, -8
  42              	.LCFI1:
  43              		.cfi_def_cfa_register 7
  58:.\Generated_Source\PSoC5/ISR_Read.c ****     /* For all we know the interrupt is active. */
  59:.\Generated_Source\PSoC5/ISR_Read.c ****     ISR_Read_Disable();
  44              		.loc 1 59 0
  45 0004 FFF7FEFF 		bl	ISR_Read_Disable
  60:.\Generated_Source\PSoC5/ISR_Read.c **** 
  61:.\Generated_Source\PSoC5/ISR_Read.c ****     /* Set the ISR to point to the ISR_Read Interrupt. */
  62:.\Generated_Source\PSoC5/ISR_Read.c ****     ISR_Read_SetVector(ISR_Read_Interrupt);
  46              		.loc 1 62 0
  47 0008 40F20000 		movw	r0, #:lower16:ISR_Read_Interrupt
  48 000c C0F20000 		movt	r0, #:upper16:ISR_Read_Interrupt
ARM GAS  C:\Users\vlantaca\AppData\Local\Temp\ccVDVYCq.s 			page 3


  49 0010 FFF7FEFF 		bl	ISR_Read_SetVector
  63:.\Generated_Source\PSoC5/ISR_Read.c **** 
  64:.\Generated_Source\PSoC5/ISR_Read.c ****     /* Set the priority. */
  65:.\Generated_Source\PSoC5/ISR_Read.c ****     ISR_Read_SetPriority(ISR_Read_INTC_PRIOR_NUMBER);
  50              		.loc 1 65 0
  51 0014 4FF00700 		mov	r0, #7
  52 0018 FFF7FEFF 		bl	ISR_Read_SetPriority
  66:.\Generated_Source\PSoC5/ISR_Read.c **** 
  67:.\Generated_Source\PSoC5/ISR_Read.c ****     /* Enable it. */
  68:.\Generated_Source\PSoC5/ISR_Read.c ****     ISR_Read_Enable();
  53              		.loc 1 68 0
  54 001c FFF7FEFF 		bl	ISR_Read_Enable
  69:.\Generated_Source\PSoC5/ISR_Read.c **** }
  55              		.loc 1 69 0
  56 0020 80BD     		pop	{r7, pc}
  57              		.cfi_endproc
  58              	.LFE0:
  59              		.size	ISR_Read_Start, .-ISR_Read_Start
  60 0022 00BF     		.section	.text.ISR_Read_StartEx,"ax",%progbits
  61              		.align	2
  62              		.global	ISR_Read_StartEx
  63              		.thumb
  64              		.thumb_func
  65              		.type	ISR_Read_StartEx, %function
  66              	ISR_Read_StartEx:
  67              	.LFB1:
  70:.\Generated_Source\PSoC5/ISR_Read.c **** 
  71:.\Generated_Source\PSoC5/ISR_Read.c **** /*******************************************************************************
  72:.\Generated_Source\PSoC5/ISR_Read.c **** * Function Name: ISR_Read_StartEx
  73:.\Generated_Source\PSoC5/ISR_Read.c **** ********************************************************************************
  74:.\Generated_Source\PSoC5/ISR_Read.c **** * Summary:
  75:.\Generated_Source\PSoC5/ISR_Read.c **** *  Set up the interrupt and enable it.
  76:.\Generated_Source\PSoC5/ISR_Read.c **** *
  77:.\Generated_Source\PSoC5/ISR_Read.c **** * Parameters:  
  78:.\Generated_Source\PSoC5/ISR_Read.c **** *   address: Address of the ISR to set in the interrupt vector table.
  79:.\Generated_Source\PSoC5/ISR_Read.c **** *
  80:.\Generated_Source\PSoC5/ISR_Read.c **** *
  81:.\Generated_Source\PSoC5/ISR_Read.c **** * Return:
  82:.\Generated_Source\PSoC5/ISR_Read.c **** *   void.
  83:.\Generated_Source\PSoC5/ISR_Read.c **** *
  84:.\Generated_Source\PSoC5/ISR_Read.c **** *******************************************************************************/
  85:.\Generated_Source\PSoC5/ISR_Read.c **** void ISR_Read_StartEx(cyisraddress address)
  86:.\Generated_Source\PSoC5/ISR_Read.c **** {
  68              		.loc 1 86 0
  69              		.cfi_startproc
  70              		@ args = 0, pretend = 0, frame = 8
  71              		@ frame_needed = 1, uses_anonymous_args = 0
  72 0000 80B5     		push	{r7, lr}
  73              	.LCFI2:
  74              		.cfi_def_cfa_offset 8
  75 0002 82B0     		sub	sp, sp, #8
  76              	.LCFI3:
  77              		.cfi_def_cfa_offset 16
  78 0004 00AF     		add	r7, sp, #0
  79              		.cfi_offset 14, -4
  80              		.cfi_offset 7, -8
  81              	.LCFI4:
ARM GAS  C:\Users\vlantaca\AppData\Local\Temp\ccVDVYCq.s 			page 4


  82              		.cfi_def_cfa_register 7
  83 0006 7860     		str	r0, [r7, #4]
  87:.\Generated_Source\PSoC5/ISR_Read.c ****     /* For all we know the interrupt is active. */
  88:.\Generated_Source\PSoC5/ISR_Read.c ****     ISR_Read_Disable();
  84              		.loc 1 88 0
  85 0008 FFF7FEFF 		bl	ISR_Read_Disable
  89:.\Generated_Source\PSoC5/ISR_Read.c **** 
  90:.\Generated_Source\PSoC5/ISR_Read.c ****     /* Set the ISR to point to the ISR_Read Interrupt. */
  91:.\Generated_Source\PSoC5/ISR_Read.c ****     ISR_Read_SetVector(address);
  86              		.loc 1 91 0
  87 000c 7868     		ldr	r0, [r7, #4]
  88 000e FFF7FEFF 		bl	ISR_Read_SetVector
  92:.\Generated_Source\PSoC5/ISR_Read.c **** 
  93:.\Generated_Source\PSoC5/ISR_Read.c ****     /* Set the priority. */
  94:.\Generated_Source\PSoC5/ISR_Read.c ****     ISR_Read_SetPriority(ISR_Read_INTC_PRIOR_NUMBER);
  89              		.loc 1 94 0
  90 0012 4FF00700 		mov	r0, #7
  91 0016 FFF7FEFF 		bl	ISR_Read_SetPriority
  95:.\Generated_Source\PSoC5/ISR_Read.c **** 
  96:.\Generated_Source\PSoC5/ISR_Read.c ****     /* Enable it. */
  97:.\Generated_Source\PSoC5/ISR_Read.c ****     ISR_Read_Enable();
  92              		.loc 1 97 0
  93 001a FFF7FEFF 		bl	ISR_Read_Enable
  98:.\Generated_Source\PSoC5/ISR_Read.c **** }
  94              		.loc 1 98 0
  95 001e 07F10807 		add	r7, r7, #8
  96 0022 BD46     		mov	sp, r7
  97 0024 80BD     		pop	{r7, pc}
  98              		.cfi_endproc
  99              	.LFE1:
 100              		.size	ISR_Read_StartEx, .-ISR_Read_StartEx
 101 0026 00BF     		.section	.text.ISR_Read_Stop,"ax",%progbits
 102              		.align	2
 103              		.global	ISR_Read_Stop
 104              		.thumb
 105              		.thumb_func
 106              		.type	ISR_Read_Stop, %function
 107              	ISR_Read_Stop:
 108              	.LFB2:
  99:.\Generated_Source\PSoC5/ISR_Read.c **** 
 100:.\Generated_Source\PSoC5/ISR_Read.c **** /*******************************************************************************
 101:.\Generated_Source\PSoC5/ISR_Read.c **** * Function Name: ISR_Read_Stop
 102:.\Generated_Source\PSoC5/ISR_Read.c **** ********************************************************************************
 103:.\Generated_Source\PSoC5/ISR_Read.c **** * Summary:
 104:.\Generated_Source\PSoC5/ISR_Read.c **** *   Disables and removes the interrupt.
 105:.\Generated_Source\PSoC5/ISR_Read.c **** *
 106:.\Generated_Source\PSoC5/ISR_Read.c **** * Parameters:  
 107:.\Generated_Source\PSoC5/ISR_Read.c **** *
 108:.\Generated_Source\PSoC5/ISR_Read.c **** *
 109:.\Generated_Source\PSoC5/ISR_Read.c **** * Return:
 110:.\Generated_Source\PSoC5/ISR_Read.c **** *   void.
 111:.\Generated_Source\PSoC5/ISR_Read.c **** *
 112:.\Generated_Source\PSoC5/ISR_Read.c **** *******************************************************************************/
 113:.\Generated_Source\PSoC5/ISR_Read.c **** void ISR_Read_Stop(void) 
 114:.\Generated_Source\PSoC5/ISR_Read.c **** {
 109              		.loc 1 114 0
 110              		.cfi_startproc
ARM GAS  C:\Users\vlantaca\AppData\Local\Temp\ccVDVYCq.s 			page 5


 111              		@ args = 0, pretend = 0, frame = 0
 112              		@ frame_needed = 1, uses_anonymous_args = 0
 113 0000 80B5     		push	{r7, lr}
 114              	.LCFI5:
 115              		.cfi_def_cfa_offset 8
 116 0002 00AF     		add	r7, sp, #0
 117              		.cfi_offset 14, -4
 118              		.cfi_offset 7, -8
 119              	.LCFI6:
 120              		.cfi_def_cfa_register 7
 115:.\Generated_Source\PSoC5/ISR_Read.c ****     /* Disable this interrupt. */
 116:.\Generated_Source\PSoC5/ISR_Read.c ****     ISR_Read_Disable();
 121              		.loc 1 116 0
 122 0004 FFF7FEFF 		bl	ISR_Read_Disable
 117:.\Generated_Source\PSoC5/ISR_Read.c **** 
 118:.\Generated_Source\PSoC5/ISR_Read.c ****     /* Set the ISR to point to the passive one. */
 119:.\Generated_Source\PSoC5/ISR_Read.c ****     ISR_Read_SetVector(IntDefaultHandler);
 123              		.loc 1 119 0
 124 0008 40F20000 		movw	r0, #:lower16:IntDefaultHandler
 125 000c C0F20000 		movt	r0, #:upper16:IntDefaultHandler
 126 0010 FFF7FEFF 		bl	ISR_Read_SetVector
 120:.\Generated_Source\PSoC5/ISR_Read.c **** }
 127              		.loc 1 120 0
 128 0014 80BD     		pop	{r7, pc}
 129              		.cfi_endproc
 130              	.LFE2:
 131              		.size	ISR_Read_Stop, .-ISR_Read_Stop
 132 0016 00BF     		.section	.text.ISR_Read_Interrupt,"ax",%progbits
 133              		.align	2
 134              		.global	ISR_Read_Interrupt
 135              		.thumb
 136              		.thumb_func
 137              		.type	ISR_Read_Interrupt, %function
 138              	ISR_Read_Interrupt:
 139              	.LFB3:
 121:.\Generated_Source\PSoC5/ISR_Read.c **** 
 122:.\Generated_Source\PSoC5/ISR_Read.c **** /*******************************************************************************
 123:.\Generated_Source\PSoC5/ISR_Read.c **** * Function Name: ISR_Read_Interrupt
 124:.\Generated_Source\PSoC5/ISR_Read.c **** ********************************************************************************
 125:.\Generated_Source\PSoC5/ISR_Read.c **** * Summary:
 126:.\Generated_Source\PSoC5/ISR_Read.c **** *   The default Interrupt Service Routine for ISR_Read.
 127:.\Generated_Source\PSoC5/ISR_Read.c **** *
 128:.\Generated_Source\PSoC5/ISR_Read.c **** *   Add custom code between the coments to keep the next version of this file
 129:.\Generated_Source\PSoC5/ISR_Read.c **** *   from over writting your code.
 130:.\Generated_Source\PSoC5/ISR_Read.c **** *
 131:.\Generated_Source\PSoC5/ISR_Read.c **** *
 132:.\Generated_Source\PSoC5/ISR_Read.c **** *
 133:.\Generated_Source\PSoC5/ISR_Read.c **** * Parameters:  
 134:.\Generated_Source\PSoC5/ISR_Read.c **** *
 135:.\Generated_Source\PSoC5/ISR_Read.c **** *
 136:.\Generated_Source\PSoC5/ISR_Read.c **** * Return:
 137:.\Generated_Source\PSoC5/ISR_Read.c **** *   void.
 138:.\Generated_Source\PSoC5/ISR_Read.c **** *
 139:.\Generated_Source\PSoC5/ISR_Read.c **** *******************************************************************************/
 140:.\Generated_Source\PSoC5/ISR_Read.c **** CY_ISR(ISR_Read_Interrupt)
 141:.\Generated_Source\PSoC5/ISR_Read.c **** {
 140              		.loc 1 141 0
ARM GAS  C:\Users\vlantaca\AppData\Local\Temp\ccVDVYCq.s 			page 6


 141              		.cfi_startproc
 142              		@ args = 0, pretend = 0, frame = 0
 143              		@ frame_needed = 1, uses_anonymous_args = 0
 144              		@ link register save eliminated.
 145 0000 80B4     		push	{r7}
 146              	.LCFI7:
 147              		.cfi_def_cfa_offset 4
 148 0002 00AF     		add	r7, sp, #0
 149              		.cfi_offset 7, -4
 150              	.LCFI8:
 151              		.cfi_def_cfa_register 7
 142:.\Generated_Source\PSoC5/ISR_Read.c ****     /*  Place your Interrupt code here. */
 143:.\Generated_Source\PSoC5/ISR_Read.c ****     /* `#START ISR_Read_Interrupt` */
 144:.\Generated_Source\PSoC5/ISR_Read.c **** 
 145:.\Generated_Source\PSoC5/ISR_Read.c ****     /* `#END` */
 146:.\Generated_Source\PSoC5/ISR_Read.c **** }
 152              		.loc 1 146 0
 153 0004 BD46     		mov	sp, r7
 154 0006 80BC     		pop	{r7}
 155 0008 7047     		bx	lr
 156              		.cfi_endproc
 157              	.LFE3:
 158              		.size	ISR_Read_Interrupt, .-ISR_Read_Interrupt
 159 000a 00BF     		.section	.text.ISR_Read_SetVector,"ax",%progbits
 160              		.align	2
 161              		.global	ISR_Read_SetVector
 162              		.thumb
 163              		.thumb_func
 164              		.type	ISR_Read_SetVector, %function
 165              	ISR_Read_SetVector:
 166              	.LFB4:
 147:.\Generated_Source\PSoC5/ISR_Read.c **** 
 148:.\Generated_Source\PSoC5/ISR_Read.c **** /*******************************************************************************
 149:.\Generated_Source\PSoC5/ISR_Read.c **** * Function Name: ISR_Read_SetVector
 150:.\Generated_Source\PSoC5/ISR_Read.c **** ********************************************************************************
 151:.\Generated_Source\PSoC5/ISR_Read.c **** * Summary:
 152:.\Generated_Source\PSoC5/ISR_Read.c **** *   Change the ISR vector for the Interrupt. Note calling ISR_Read_Start
 153:.\Generated_Source\PSoC5/ISR_Read.c **** *   will override any effect this method would have had. To set the vector before
 154:.\Generated_Source\PSoC5/ISR_Read.c **** *   the component has been started use ISR_Read_StartEx instead.
 155:.\Generated_Source\PSoC5/ISR_Read.c **** *
 156:.\Generated_Source\PSoC5/ISR_Read.c **** *
 157:.\Generated_Source\PSoC5/ISR_Read.c **** * Parameters:
 158:.\Generated_Source\PSoC5/ISR_Read.c **** *   address: Address of the ISR to set in the interrupt vector table.
 159:.\Generated_Source\PSoC5/ISR_Read.c **** *
 160:.\Generated_Source\PSoC5/ISR_Read.c **** *
 161:.\Generated_Source\PSoC5/ISR_Read.c **** * Return:
 162:.\Generated_Source\PSoC5/ISR_Read.c **** *   void.
 163:.\Generated_Source\PSoC5/ISR_Read.c **** *
 164:.\Generated_Source\PSoC5/ISR_Read.c **** *
 165:.\Generated_Source\PSoC5/ISR_Read.c **** *******************************************************************************/
 166:.\Generated_Source\PSoC5/ISR_Read.c **** void ISR_Read_SetVector(cyisraddress address) 
 167:.\Generated_Source\PSoC5/ISR_Read.c **** {
 167              		.loc 1 167 0
 168              		.cfi_startproc
 169              		@ args = 0, pretend = 0, frame = 16
 170              		@ frame_needed = 1, uses_anonymous_args = 0
 171              		@ link register save eliminated.
ARM GAS  C:\Users\vlantaca\AppData\Local\Temp\ccVDVYCq.s 			page 7


 172 0000 80B4     		push	{r7}
 173              	.LCFI9:
 174              		.cfi_def_cfa_offset 4
 175 0002 85B0     		sub	sp, sp, #20
 176              	.LCFI10:
 177              		.cfi_def_cfa_offset 24
 178 0004 00AF     		add	r7, sp, #0
 179              		.cfi_offset 7, -4
 180              	.LCFI11:
 181              		.cfi_def_cfa_register 7
 182 0006 7860     		str	r0, [r7, #4]
 168:.\Generated_Source\PSoC5/ISR_Read.c ****     cyisraddress * ramVectorTable;
 169:.\Generated_Source\PSoC5/ISR_Read.c **** 
 170:.\Generated_Source\PSoC5/ISR_Read.c ****     ramVectorTable = (cyisraddress *) *CYINT_VECT_TABLE;
 183              		.loc 1 170 0
 184 0008 4EF60853 		movw	r3, #:lower16:-536810232
 185 000c CEF20003 		movt	r3, #:upper16:-536810232
 186 0010 1B68     		ldr	r3, [r3, #0]
 187 0012 FB60     		str	r3, [r7, #12]
 171:.\Generated_Source\PSoC5/ISR_Read.c **** 
 172:.\Generated_Source\PSoC5/ISR_Read.c ****     ramVectorTable[CYINT_IRQ_BASE + ISR_Read__INTC_NUMBER] = address;
 188              		.loc 1 172 0
 189 0014 FB68     		ldr	r3, [r7, #12]
 190 0016 03F14003 		add	r3, r3, #64
 191 001a 7A68     		ldr	r2, [r7, #4]
 192 001c 1A60     		str	r2, [r3, #0]
 173:.\Generated_Source\PSoC5/ISR_Read.c **** }
 193              		.loc 1 173 0
 194 001e 07F11407 		add	r7, r7, #20
 195 0022 BD46     		mov	sp, r7
 196 0024 80BC     		pop	{r7}
 197 0026 7047     		bx	lr
 198              		.cfi_endproc
 199              	.LFE4:
 200              		.size	ISR_Read_SetVector, .-ISR_Read_SetVector
 201              		.section	.text.ISR_Read_GetVector,"ax",%progbits
 202              		.align	2
 203              		.global	ISR_Read_GetVector
 204              		.thumb
 205              		.thumb_func
 206              		.type	ISR_Read_GetVector, %function
 207              	ISR_Read_GetVector:
 208              	.LFB5:
 174:.\Generated_Source\PSoC5/ISR_Read.c **** 
 175:.\Generated_Source\PSoC5/ISR_Read.c **** /*******************************************************************************
 176:.\Generated_Source\PSoC5/ISR_Read.c **** * Function Name: ISR_Read_GetVector
 177:.\Generated_Source\PSoC5/ISR_Read.c **** ********************************************************************************
 178:.\Generated_Source\PSoC5/ISR_Read.c **** * Summary:
 179:.\Generated_Source\PSoC5/ISR_Read.c **** *   Gets the "address" of the current ISR vector for the Interrupt.
 180:.\Generated_Source\PSoC5/ISR_Read.c **** *
 181:.\Generated_Source\PSoC5/ISR_Read.c **** *
 182:.\Generated_Source\PSoC5/ISR_Read.c **** * Parameters:
 183:.\Generated_Source\PSoC5/ISR_Read.c **** *   void.
 184:.\Generated_Source\PSoC5/ISR_Read.c **** *
 185:.\Generated_Source\PSoC5/ISR_Read.c **** *
 186:.\Generated_Source\PSoC5/ISR_Read.c **** * Return:
 187:.\Generated_Source\PSoC5/ISR_Read.c **** *   Address of the ISR in the interrupt vector table.
ARM GAS  C:\Users\vlantaca\AppData\Local\Temp\ccVDVYCq.s 			page 8


 188:.\Generated_Source\PSoC5/ISR_Read.c **** *
 189:.\Generated_Source\PSoC5/ISR_Read.c **** *
 190:.\Generated_Source\PSoC5/ISR_Read.c **** *******************************************************************************/
 191:.\Generated_Source\PSoC5/ISR_Read.c **** cyisraddress ISR_Read_GetVector(void) 
 192:.\Generated_Source\PSoC5/ISR_Read.c **** {
 209              		.loc 1 192 0
 210              		.cfi_startproc
 211              		@ args = 0, pretend = 0, frame = 8
 212              		@ frame_needed = 1, uses_anonymous_args = 0
 213              		@ link register save eliminated.
 214 0000 80B4     		push	{r7}
 215              	.LCFI12:
 216              		.cfi_def_cfa_offset 4
 217 0002 83B0     		sub	sp, sp, #12
 218              	.LCFI13:
 219              		.cfi_def_cfa_offset 16
 220 0004 00AF     		add	r7, sp, #0
 221              		.cfi_offset 7, -4
 222              	.LCFI14:
 223              		.cfi_def_cfa_register 7
 193:.\Generated_Source\PSoC5/ISR_Read.c ****     cyisraddress * ramVectorTable;
 194:.\Generated_Source\PSoC5/ISR_Read.c **** 
 195:.\Generated_Source\PSoC5/ISR_Read.c ****     ramVectorTable = (cyisraddress *) *CYINT_VECT_TABLE;
 224              		.loc 1 195 0
 225 0006 4EF60853 		movw	r3, #:lower16:-536810232
 226 000a CEF20003 		movt	r3, #:upper16:-536810232
 227 000e 1B68     		ldr	r3, [r3, #0]
 228 0010 7B60     		str	r3, [r7, #4]
 196:.\Generated_Source\PSoC5/ISR_Read.c **** 
 197:.\Generated_Source\PSoC5/ISR_Read.c ****     return ramVectorTable[CYINT_IRQ_BASE + ISR_Read__INTC_NUMBER];
 229              		.loc 1 197 0
 230 0012 7B68     		ldr	r3, [r7, #4]
 231 0014 03F14003 		add	r3, r3, #64
 232 0018 1B68     		ldr	r3, [r3, #0]
 198:.\Generated_Source\PSoC5/ISR_Read.c **** }
 233              		.loc 1 198 0
 234 001a 1846     		mov	r0, r3
 235 001c 07F10C07 		add	r7, r7, #12
 236 0020 BD46     		mov	sp, r7
 237 0022 80BC     		pop	{r7}
 238 0024 7047     		bx	lr
 239              		.cfi_endproc
 240              	.LFE5:
 241              		.size	ISR_Read_GetVector, .-ISR_Read_GetVector
 242 0026 00BF     		.section	.text.ISR_Read_SetPriority,"ax",%progbits
 243              		.align	2
 244              		.global	ISR_Read_SetPriority
 245              		.thumb
 246              		.thumb_func
 247              		.type	ISR_Read_SetPriority, %function
 248              	ISR_Read_SetPriority:
 249              	.LFB6:
 199:.\Generated_Source\PSoC5/ISR_Read.c **** 
 200:.\Generated_Source\PSoC5/ISR_Read.c **** /*******************************************************************************
 201:.\Generated_Source\PSoC5/ISR_Read.c **** * Function Name: ISR_Read_SetPriority
 202:.\Generated_Source\PSoC5/ISR_Read.c **** ********************************************************************************
 203:.\Generated_Source\PSoC5/ISR_Read.c **** * Summary:
ARM GAS  C:\Users\vlantaca\AppData\Local\Temp\ccVDVYCq.s 			page 9


 204:.\Generated_Source\PSoC5/ISR_Read.c **** *   Sets the Priority of the Interrupt. Note calling ISR_Read_Start
 205:.\Generated_Source\PSoC5/ISR_Read.c **** *   or ISR_Read_StartEx will override any effect this method would have had. 
 206:.\Generated_Source\PSoC5/ISR_Read.c **** *	This method should only be called after ISR_Read_Start or 
 207:.\Generated_Source\PSoC5/ISR_Read.c **** *	ISR_Read_StartEx has been called. To set the initial
 208:.\Generated_Source\PSoC5/ISR_Read.c **** *	priority for the component use the cydwr file in the tool.
 209:.\Generated_Source\PSoC5/ISR_Read.c **** *
 210:.\Generated_Source\PSoC5/ISR_Read.c **** *
 211:.\Generated_Source\PSoC5/ISR_Read.c **** * Parameters:
 212:.\Generated_Source\PSoC5/ISR_Read.c **** *   priority: Priority of the interrupt. 0 - 7, 0 being the highest.
 213:.\Generated_Source\PSoC5/ISR_Read.c **** *
 214:.\Generated_Source\PSoC5/ISR_Read.c **** *
 215:.\Generated_Source\PSoC5/ISR_Read.c **** * Return:
 216:.\Generated_Source\PSoC5/ISR_Read.c **** *   void.
 217:.\Generated_Source\PSoC5/ISR_Read.c **** *
 218:.\Generated_Source\PSoC5/ISR_Read.c **** *
 219:.\Generated_Source\PSoC5/ISR_Read.c **** *******************************************************************************/
 220:.\Generated_Source\PSoC5/ISR_Read.c **** void ISR_Read_SetPriority(uint8 priority) 
 221:.\Generated_Source\PSoC5/ISR_Read.c **** {
 250              		.loc 1 221 0
 251              		.cfi_startproc
 252              		@ args = 0, pretend = 0, frame = 8
 253              		@ frame_needed = 1, uses_anonymous_args = 0
 254              		@ link register save eliminated.
 255 0000 80B4     		push	{r7}
 256              	.LCFI15:
 257              		.cfi_def_cfa_offset 4
 258 0002 83B0     		sub	sp, sp, #12
 259              	.LCFI16:
 260              		.cfi_def_cfa_offset 16
 261 0004 00AF     		add	r7, sp, #0
 262              		.cfi_offset 7, -4
 263              	.LCFI17:
 264              		.cfi_def_cfa_register 7
 265 0006 0346     		mov	r3, r0
 266 0008 FB71     		strb	r3, [r7, #7]
 222:.\Generated_Source\PSoC5/ISR_Read.c ****     *ISR_Read_INTC_PRIOR = priority << 5;
 267              		.loc 1 222 0
 268 000a 4EF20043 		movw	r3, #:lower16:-536812544
 269 000e CEF20003 		movt	r3, #:upper16:-536812544
 270 0012 FA79     		ldrb	r2, [r7, #7]
 271 0014 4FEA4212 		lsl	r2, r2, #5
 272 0018 D2B2     		uxtb	r2, r2
 273 001a 1A70     		strb	r2, [r3, #0]
 223:.\Generated_Source\PSoC5/ISR_Read.c **** }
 274              		.loc 1 223 0
 275 001c 07F10C07 		add	r7, r7, #12
 276 0020 BD46     		mov	sp, r7
 277 0022 80BC     		pop	{r7}
 278 0024 7047     		bx	lr
 279              		.cfi_endproc
 280              	.LFE6:
 281              		.size	ISR_Read_SetPriority, .-ISR_Read_SetPriority
 282 0026 00BF     		.section	.text.ISR_Read_GetPriority,"ax",%progbits
 283              		.align	2
 284              		.global	ISR_Read_GetPriority
 285              		.thumb
 286              		.thumb_func
ARM GAS  C:\Users\vlantaca\AppData\Local\Temp\ccVDVYCq.s 			page 10


 287              		.type	ISR_Read_GetPriority, %function
 288              	ISR_Read_GetPriority:
 289              	.LFB7:
 224:.\Generated_Source\PSoC5/ISR_Read.c **** 
 225:.\Generated_Source\PSoC5/ISR_Read.c **** /*******************************************************************************
 226:.\Generated_Source\PSoC5/ISR_Read.c **** * Function Name: ISR_Read_GetPriority
 227:.\Generated_Source\PSoC5/ISR_Read.c **** ********************************************************************************
 228:.\Generated_Source\PSoC5/ISR_Read.c **** * Summary:
 229:.\Generated_Source\PSoC5/ISR_Read.c **** *   Gets the Priority of the Interrupt.
 230:.\Generated_Source\PSoC5/ISR_Read.c **** *
 231:.\Generated_Source\PSoC5/ISR_Read.c **** *
 232:.\Generated_Source\PSoC5/ISR_Read.c **** * Parameters:
 233:.\Generated_Source\PSoC5/ISR_Read.c **** *   void.
 234:.\Generated_Source\PSoC5/ISR_Read.c **** *
 235:.\Generated_Source\PSoC5/ISR_Read.c **** *
 236:.\Generated_Source\PSoC5/ISR_Read.c **** * Return:
 237:.\Generated_Source\PSoC5/ISR_Read.c **** *   Priority of the interrupt. 0 - 7, 0 being the highest.
 238:.\Generated_Source\PSoC5/ISR_Read.c **** *
 239:.\Generated_Source\PSoC5/ISR_Read.c **** *
 240:.\Generated_Source\PSoC5/ISR_Read.c **** *******************************************************************************/
 241:.\Generated_Source\PSoC5/ISR_Read.c **** uint8 ISR_Read_GetPriority(void) 
 242:.\Generated_Source\PSoC5/ISR_Read.c **** {
 290              		.loc 1 242 0
 291              		.cfi_startproc
 292              		@ args = 0, pretend = 0, frame = 8
 293              		@ frame_needed = 1, uses_anonymous_args = 0
 294              		@ link register save eliminated.
 295 0000 80B4     		push	{r7}
 296              	.LCFI18:
 297              		.cfi_def_cfa_offset 4
 298 0002 83B0     		sub	sp, sp, #12
 299              	.LCFI19:
 300              		.cfi_def_cfa_offset 16
 301 0004 00AF     		add	r7, sp, #0
 302              		.cfi_offset 7, -4
 303              	.LCFI20:
 304              		.cfi_def_cfa_register 7
 243:.\Generated_Source\PSoC5/ISR_Read.c ****     uint8 priority;
 244:.\Generated_Source\PSoC5/ISR_Read.c **** 
 245:.\Generated_Source\PSoC5/ISR_Read.c **** 
 246:.\Generated_Source\PSoC5/ISR_Read.c ****     priority = *ISR_Read_INTC_PRIOR >> 5;
 305              		.loc 1 246 0
 306 0006 4EF20043 		movw	r3, #:lower16:-536812544
 307 000a CEF20003 		movt	r3, #:upper16:-536812544
 308 000e 1B78     		ldrb	r3, [r3, #0]
 309 0010 DBB2     		uxtb	r3, r3
 310 0012 4FEA5313 		lsr	r3, r3, #5
 311 0016 FB71     		strb	r3, [r7, #7]
 247:.\Generated_Source\PSoC5/ISR_Read.c **** 
 248:.\Generated_Source\PSoC5/ISR_Read.c ****     return priority;
 312              		.loc 1 248 0
 313 0018 FB79     		ldrb	r3, [r7, #7]	@ zero_extendqisi2
 249:.\Generated_Source\PSoC5/ISR_Read.c **** }
 314              		.loc 1 249 0
 315 001a 1846     		mov	r0, r3
 316 001c 07F10C07 		add	r7, r7, #12
 317 0020 BD46     		mov	sp, r7
ARM GAS  C:\Users\vlantaca\AppData\Local\Temp\ccVDVYCq.s 			page 11


 318 0022 80BC     		pop	{r7}
 319 0024 7047     		bx	lr
 320              		.cfi_endproc
 321              	.LFE7:
 322              		.size	ISR_Read_GetPriority, .-ISR_Read_GetPriority
 323 0026 00BF     		.section	.text.ISR_Read_Enable,"ax",%progbits
 324              		.align	2
 325              		.global	ISR_Read_Enable
 326              		.thumb
 327              		.thumb_func
 328              		.type	ISR_Read_Enable, %function
 329              	ISR_Read_Enable:
 330              	.LFB8:
 250:.\Generated_Source\PSoC5/ISR_Read.c **** 
 251:.\Generated_Source\PSoC5/ISR_Read.c **** /*******************************************************************************
 252:.\Generated_Source\PSoC5/ISR_Read.c **** * Function Name: ISR_Read_Enable
 253:.\Generated_Source\PSoC5/ISR_Read.c **** ********************************************************************************
 254:.\Generated_Source\PSoC5/ISR_Read.c **** * Summary:
 255:.\Generated_Source\PSoC5/ISR_Read.c **** *   Enables the interrupt.
 256:.\Generated_Source\PSoC5/ISR_Read.c **** *
 257:.\Generated_Source\PSoC5/ISR_Read.c **** *
 258:.\Generated_Source\PSoC5/ISR_Read.c **** * Parameters:
 259:.\Generated_Source\PSoC5/ISR_Read.c **** *   void.
 260:.\Generated_Source\PSoC5/ISR_Read.c **** *
 261:.\Generated_Source\PSoC5/ISR_Read.c **** *
 262:.\Generated_Source\PSoC5/ISR_Read.c **** * Return:
 263:.\Generated_Source\PSoC5/ISR_Read.c **** *   void.
 264:.\Generated_Source\PSoC5/ISR_Read.c **** *
 265:.\Generated_Source\PSoC5/ISR_Read.c **** *
 266:.\Generated_Source\PSoC5/ISR_Read.c **** *******************************************************************************/
 267:.\Generated_Source\PSoC5/ISR_Read.c **** void ISR_Read_Enable(void) 
 268:.\Generated_Source\PSoC5/ISR_Read.c **** {
 331              		.loc 1 268 0
 332              		.cfi_startproc
 333              		@ args = 0, pretend = 0, frame = 0
 334              		@ frame_needed = 1, uses_anonymous_args = 0
 335              		@ link register save eliminated.
 336 0000 80B4     		push	{r7}
 337              	.LCFI21:
 338              		.cfi_def_cfa_offset 4
 339 0002 00AF     		add	r7, sp, #0
 340              		.cfi_offset 7, -4
 341              	.LCFI22:
 342              		.cfi_def_cfa_register 7
 269:.\Generated_Source\PSoC5/ISR_Read.c ****     /* Enable the general interrupt. */
 270:.\Generated_Source\PSoC5/ISR_Read.c ****     *ISR_Read_INTC_SET_EN = ISR_Read__INTC_MASK;
 343              		.loc 1 270 0
 344 0004 4EF20013 		movw	r3, #:lower16:-536813312
 345 0008 CEF20003 		movt	r3, #:upper16:-536813312
 346 000c 4FF00102 		mov	r2, #1
 347 0010 1A60     		str	r2, [r3, #0]
 271:.\Generated_Source\PSoC5/ISR_Read.c **** }
 348              		.loc 1 271 0
 349 0012 BD46     		mov	sp, r7
 350 0014 80BC     		pop	{r7}
 351 0016 7047     		bx	lr
 352              		.cfi_endproc
ARM GAS  C:\Users\vlantaca\AppData\Local\Temp\ccVDVYCq.s 			page 12


 353              	.LFE8:
 354              		.size	ISR_Read_Enable, .-ISR_Read_Enable
 355              		.section	.text.ISR_Read_GetState,"ax",%progbits
 356              		.align	2
 357              		.global	ISR_Read_GetState
 358              		.thumb
 359              		.thumb_func
 360              		.type	ISR_Read_GetState, %function
 361              	ISR_Read_GetState:
 362              	.LFB9:
 272:.\Generated_Source\PSoC5/ISR_Read.c **** 
 273:.\Generated_Source\PSoC5/ISR_Read.c **** /*******************************************************************************
 274:.\Generated_Source\PSoC5/ISR_Read.c **** * Function Name: ISR_Read_GetState
 275:.\Generated_Source\PSoC5/ISR_Read.c **** ********************************************************************************
 276:.\Generated_Source\PSoC5/ISR_Read.c **** * Summary:
 277:.\Generated_Source\PSoC5/ISR_Read.c **** *   Gets the state (enabled, disabled) of the Interrupt.
 278:.\Generated_Source\PSoC5/ISR_Read.c **** *
 279:.\Generated_Source\PSoC5/ISR_Read.c **** *
 280:.\Generated_Source\PSoC5/ISR_Read.c **** * Parameters:
 281:.\Generated_Source\PSoC5/ISR_Read.c **** *   void.
 282:.\Generated_Source\PSoC5/ISR_Read.c **** *
 283:.\Generated_Source\PSoC5/ISR_Read.c **** *
 284:.\Generated_Source\PSoC5/ISR_Read.c **** * Return:
 285:.\Generated_Source\PSoC5/ISR_Read.c **** *   1 if enabled, 0 if disabled.
 286:.\Generated_Source\PSoC5/ISR_Read.c **** *
 287:.\Generated_Source\PSoC5/ISR_Read.c **** *
 288:.\Generated_Source\PSoC5/ISR_Read.c **** *******************************************************************************/
 289:.\Generated_Source\PSoC5/ISR_Read.c **** uint8 ISR_Read_GetState(void) 
 290:.\Generated_Source\PSoC5/ISR_Read.c **** {
 363              		.loc 1 290 0
 364              		.cfi_startproc
 365              		@ args = 0, pretend = 0, frame = 0
 366              		@ frame_needed = 1, uses_anonymous_args = 0
 367              		@ link register save eliminated.
 368 0000 80B4     		push	{r7}
 369              	.LCFI23:
 370              		.cfi_def_cfa_offset 4
 371 0002 00AF     		add	r7, sp, #0
 372              		.cfi_offset 7, -4
 373              	.LCFI24:
 374              		.cfi_def_cfa_register 7
 291:.\Generated_Source\PSoC5/ISR_Read.c ****     /* Get the state of the general interrupt. */
 292:.\Generated_Source\PSoC5/ISR_Read.c ****     return (*ISR_Read_INTC_SET_EN & ISR_Read__INTC_MASK) ? 1:0;
 375              		.loc 1 292 0
 376 0004 4EF20013 		movw	r3, #:lower16:-536813312
 377 0008 CEF20003 		movt	r3, #:upper16:-536813312
 378 000c 1B68     		ldr	r3, [r3, #0]
 379 000e DBB2     		uxtb	r3, r3
 380 0010 03F00103 		and	r3, r3, #1
 293:.\Generated_Source\PSoC5/ISR_Read.c **** }
 381              		.loc 1 293 0
 382 0014 1846     		mov	r0, r3
 383 0016 BD46     		mov	sp, r7
 384 0018 80BC     		pop	{r7}
 385 001a 7047     		bx	lr
 386              		.cfi_endproc
 387              	.LFE9:
ARM GAS  C:\Users\vlantaca\AppData\Local\Temp\ccVDVYCq.s 			page 13


 388              		.size	ISR_Read_GetState, .-ISR_Read_GetState
 389              		.section	.text.ISR_Read_Disable,"ax",%progbits
 390              		.align	2
 391              		.global	ISR_Read_Disable
 392              		.thumb
 393              		.thumb_func
 394              		.type	ISR_Read_Disable, %function
 395              	ISR_Read_Disable:
 396              	.LFB10:
 294:.\Generated_Source\PSoC5/ISR_Read.c **** 
 295:.\Generated_Source\PSoC5/ISR_Read.c **** /*******************************************************************************
 296:.\Generated_Source\PSoC5/ISR_Read.c **** * Function Name: ISR_Read_Disable
 297:.\Generated_Source\PSoC5/ISR_Read.c **** ********************************************************************************
 298:.\Generated_Source\PSoC5/ISR_Read.c **** * Summary:
 299:.\Generated_Source\PSoC5/ISR_Read.c **** *   Disables the Interrupt.
 300:.\Generated_Source\PSoC5/ISR_Read.c **** *
 301:.\Generated_Source\PSoC5/ISR_Read.c **** *
 302:.\Generated_Source\PSoC5/ISR_Read.c **** * Parameters:
 303:.\Generated_Source\PSoC5/ISR_Read.c **** *   void.
 304:.\Generated_Source\PSoC5/ISR_Read.c **** *
 305:.\Generated_Source\PSoC5/ISR_Read.c **** *
 306:.\Generated_Source\PSoC5/ISR_Read.c **** * Return:
 307:.\Generated_Source\PSoC5/ISR_Read.c **** *   void.
 308:.\Generated_Source\PSoC5/ISR_Read.c **** *
 309:.\Generated_Source\PSoC5/ISR_Read.c **** *
 310:.\Generated_Source\PSoC5/ISR_Read.c **** *******************************************************************************/
 311:.\Generated_Source\PSoC5/ISR_Read.c **** void ISR_Read_Disable(void) 
 312:.\Generated_Source\PSoC5/ISR_Read.c **** {
 397              		.loc 1 312 0
 398              		.cfi_startproc
 399              		@ args = 0, pretend = 0, frame = 0
 400              		@ frame_needed = 1, uses_anonymous_args = 0
 401              		@ link register save eliminated.
 402 0000 80B4     		push	{r7}
 403              	.LCFI25:
 404              		.cfi_def_cfa_offset 4
 405 0002 00AF     		add	r7, sp, #0
 406              		.cfi_offset 7, -4
 407              	.LCFI26:
 408              		.cfi_def_cfa_register 7
 313:.\Generated_Source\PSoC5/ISR_Read.c ****     /* Disable the general interrupt. */
 314:.\Generated_Source\PSoC5/ISR_Read.c ****     *ISR_Read_INTC_CLR_EN = ISR_Read__INTC_MASK;
 409              		.loc 1 314 0
 410 0004 4EF28013 		movw	r3, #:lower16:-536813184
 411 0008 CEF20003 		movt	r3, #:upper16:-536813184
 412 000c 4FF00102 		mov	r2, #1
 413 0010 1A60     		str	r2, [r3, #0]
 315:.\Generated_Source\PSoC5/ISR_Read.c **** }
 414              		.loc 1 315 0
 415 0012 BD46     		mov	sp, r7
 416 0014 80BC     		pop	{r7}
 417 0016 7047     		bx	lr
 418              		.cfi_endproc
 419              	.LFE10:
 420              		.size	ISR_Read_Disable, .-ISR_Read_Disable
 421              		.section	.text.ISR_Read_SetPending,"ax",%progbits
 422              		.align	2
ARM GAS  C:\Users\vlantaca\AppData\Local\Temp\ccVDVYCq.s 			page 14


 423              		.global	ISR_Read_SetPending
 424              		.thumb
 425              		.thumb_func
 426              		.type	ISR_Read_SetPending, %function
 427              	ISR_Read_SetPending:
 428              	.LFB11:
 316:.\Generated_Source\PSoC5/ISR_Read.c **** 
 317:.\Generated_Source\PSoC5/ISR_Read.c **** /*******************************************************************************
 318:.\Generated_Source\PSoC5/ISR_Read.c **** * Function Name: ISR_Read_SetPending
 319:.\Generated_Source\PSoC5/ISR_Read.c **** ********************************************************************************
 320:.\Generated_Source\PSoC5/ISR_Read.c **** * Summary:
 321:.\Generated_Source\PSoC5/ISR_Read.c **** *   Causes the Interrupt to enter the pending state, a software method of
 322:.\Generated_Source\PSoC5/ISR_Read.c **** *   generating the interrupt.
 323:.\Generated_Source\PSoC5/ISR_Read.c **** *
 324:.\Generated_Source\PSoC5/ISR_Read.c **** *
 325:.\Generated_Source\PSoC5/ISR_Read.c **** * Parameters:
 326:.\Generated_Source\PSoC5/ISR_Read.c **** *   void.
 327:.\Generated_Source\PSoC5/ISR_Read.c **** *
 328:.\Generated_Source\PSoC5/ISR_Read.c **** *
 329:.\Generated_Source\PSoC5/ISR_Read.c **** * Return:
 330:.\Generated_Source\PSoC5/ISR_Read.c **** *   void.
 331:.\Generated_Source\PSoC5/ISR_Read.c **** *
 332:.\Generated_Source\PSoC5/ISR_Read.c **** *
 333:.\Generated_Source\PSoC5/ISR_Read.c **** *******************************************************************************/
 334:.\Generated_Source\PSoC5/ISR_Read.c **** void ISR_Read_SetPending(void) 
 335:.\Generated_Source\PSoC5/ISR_Read.c **** {
 429              		.loc 1 335 0
 430              		.cfi_startproc
 431              		@ args = 0, pretend = 0, frame = 0
 432              		@ frame_needed = 1, uses_anonymous_args = 0
 433              		@ link register save eliminated.
 434 0000 80B4     		push	{r7}
 435              	.LCFI27:
 436              		.cfi_def_cfa_offset 4
 437 0002 00AF     		add	r7, sp, #0
 438              		.cfi_offset 7, -4
 439              	.LCFI28:
 440              		.cfi_def_cfa_register 7
 336:.\Generated_Source\PSoC5/ISR_Read.c ****     *ISR_Read_INTC_SET_PD = ISR_Read__INTC_MASK;
 441              		.loc 1 336 0
 442 0004 4EF20023 		movw	r3, #:lower16:-536813056
 443 0008 CEF20003 		movt	r3, #:upper16:-536813056
 444 000c 4FF00102 		mov	r2, #1
 445 0010 1A60     		str	r2, [r3, #0]
 337:.\Generated_Source\PSoC5/ISR_Read.c **** }
 446              		.loc 1 337 0
 447 0012 BD46     		mov	sp, r7
 448 0014 80BC     		pop	{r7}
 449 0016 7047     		bx	lr
 450              		.cfi_endproc
 451              	.LFE11:
 452              		.size	ISR_Read_SetPending, .-ISR_Read_SetPending
 453              		.section	.text.ISR_Read_ClearPending,"ax",%progbits
 454              		.align	2
 455              		.global	ISR_Read_ClearPending
 456              		.thumb
 457              		.thumb_func
ARM GAS  C:\Users\vlantaca\AppData\Local\Temp\ccVDVYCq.s 			page 15


 458              		.type	ISR_Read_ClearPending, %function
 459              	ISR_Read_ClearPending:
 460              	.LFB12:
 338:.\Generated_Source\PSoC5/ISR_Read.c **** 
 339:.\Generated_Source\PSoC5/ISR_Read.c **** /*******************************************************************************
 340:.\Generated_Source\PSoC5/ISR_Read.c **** * Function Name: ISR_Read_ClearPending
 341:.\Generated_Source\PSoC5/ISR_Read.c **** ********************************************************************************
 342:.\Generated_Source\PSoC5/ISR_Read.c **** * Summary:
 343:.\Generated_Source\PSoC5/ISR_Read.c **** *   Clears a pending interrupt.
 344:.\Generated_Source\PSoC5/ISR_Read.c **** *
 345:.\Generated_Source\PSoC5/ISR_Read.c **** * Parameters:
 346:.\Generated_Source\PSoC5/ISR_Read.c **** *   void.
 347:.\Generated_Source\PSoC5/ISR_Read.c **** *
 348:.\Generated_Source\PSoC5/ISR_Read.c **** *
 349:.\Generated_Source\PSoC5/ISR_Read.c **** * Return:
 350:.\Generated_Source\PSoC5/ISR_Read.c **** *   void.
 351:.\Generated_Source\PSoC5/ISR_Read.c **** *
 352:.\Generated_Source\PSoC5/ISR_Read.c **** *
 353:.\Generated_Source\PSoC5/ISR_Read.c **** *******************************************************************************/
 354:.\Generated_Source\PSoC5/ISR_Read.c **** void ISR_Read_ClearPending(void) 
 355:.\Generated_Source\PSoC5/ISR_Read.c **** {
 461              		.loc 1 355 0
 462              		.cfi_startproc
 463              		@ args = 0, pretend = 0, frame = 0
 464              		@ frame_needed = 1, uses_anonymous_args = 0
 465              		@ link register save eliminated.
 466 0000 80B4     		push	{r7}
 467              	.LCFI29:
 468              		.cfi_def_cfa_offset 4
 469 0002 00AF     		add	r7, sp, #0
 470              		.cfi_offset 7, -4
 471              	.LCFI30:
 472              		.cfi_def_cfa_register 7
 356:.\Generated_Source\PSoC5/ISR_Read.c ****     *ISR_Read_INTC_CLR_PD = ISR_Read__INTC_MASK;
 473              		.loc 1 356 0
 474 0004 4EF28023 		movw	r3, #:lower16:-536812928
 475 0008 CEF20003 		movt	r3, #:upper16:-536812928
 476 000c 4FF00102 		mov	r2, #1
 477 0010 1A60     		str	r2, [r3, #0]
 357:.\Generated_Source\PSoC5/ISR_Read.c **** }
 478              		.loc 1 357 0
 479 0012 BD46     		mov	sp, r7
 480 0014 80BC     		pop	{r7}
 481 0016 7047     		bx	lr
 482              		.cfi_endproc
 483              	.LFE12:
 484              		.size	ISR_Read_ClearPending, .-ISR_Read_ClearPending
 485              		.text
 486              	.Letext0:
 487              		.section	.debug_loc,"",%progbits
 488              	.Ldebug_loc0:
 489              	.LLST0:
 490 0000 00000000 		.4byte	.LFB0
 491 0004 02000000 		.4byte	.LCFI0
 492 0008 0100     		.2byte	0x1
 493 000a 5D       		.byte	0x5d
 494 000b 02000000 		.4byte	.LCFI0
ARM GAS  C:\Users\vlantaca\AppData\Local\Temp\ccVDVYCq.s 			page 16


 495 000f 04000000 		.4byte	.LCFI1
 496 0013 0200     		.2byte	0x2
 497 0015 7D       		.byte	0x7d
 498 0016 08       		.sleb128 8
 499 0017 04000000 		.4byte	.LCFI1
 500 001b 22000000 		.4byte	.LFE0
 501 001f 0200     		.2byte	0x2
 502 0021 77       		.byte	0x77
 503 0022 08       		.sleb128 8
 504 0023 00000000 		.4byte	0x0
 505 0027 00000000 		.4byte	0x0
 506              	.LLST1:
 507 002b 00000000 		.4byte	.LFB1
 508 002f 02000000 		.4byte	.LCFI2
 509 0033 0100     		.2byte	0x1
 510 0035 5D       		.byte	0x5d
 511 0036 02000000 		.4byte	.LCFI2
 512 003a 04000000 		.4byte	.LCFI3
 513 003e 0200     		.2byte	0x2
 514 0040 7D       		.byte	0x7d
 515 0041 08       		.sleb128 8
 516 0042 04000000 		.4byte	.LCFI3
 517 0046 06000000 		.4byte	.LCFI4
 518 004a 0200     		.2byte	0x2
 519 004c 7D       		.byte	0x7d
 520 004d 10       		.sleb128 16
 521 004e 06000000 		.4byte	.LCFI4
 522 0052 26000000 		.4byte	.LFE1
 523 0056 0200     		.2byte	0x2
 524 0058 77       		.byte	0x77
 525 0059 10       		.sleb128 16
 526 005a 00000000 		.4byte	0x0
 527 005e 00000000 		.4byte	0x0
 528              	.LLST2:
 529 0062 00000000 		.4byte	.LFB2
 530 0066 02000000 		.4byte	.LCFI5
 531 006a 0100     		.2byte	0x1
 532 006c 5D       		.byte	0x5d
 533 006d 02000000 		.4byte	.LCFI5
 534 0071 04000000 		.4byte	.LCFI6
 535 0075 0200     		.2byte	0x2
 536 0077 7D       		.byte	0x7d
 537 0078 08       		.sleb128 8
 538 0079 04000000 		.4byte	.LCFI6
 539 007d 16000000 		.4byte	.LFE2
 540 0081 0200     		.2byte	0x2
 541 0083 77       		.byte	0x77
 542 0084 08       		.sleb128 8
 543 0085 00000000 		.4byte	0x0
 544 0089 00000000 		.4byte	0x0
 545              	.LLST3:
 546 008d 00000000 		.4byte	.LFB3
 547 0091 02000000 		.4byte	.LCFI7
 548 0095 0100     		.2byte	0x1
 549 0097 5D       		.byte	0x5d
 550 0098 02000000 		.4byte	.LCFI7
 551 009c 04000000 		.4byte	.LCFI8
ARM GAS  C:\Users\vlantaca\AppData\Local\Temp\ccVDVYCq.s 			page 17


 552 00a0 0200     		.2byte	0x2
 553 00a2 7D       		.byte	0x7d
 554 00a3 04       		.sleb128 4
 555 00a4 04000000 		.4byte	.LCFI8
 556 00a8 0A000000 		.4byte	.LFE3
 557 00ac 0200     		.2byte	0x2
 558 00ae 77       		.byte	0x77
 559 00af 04       		.sleb128 4
 560 00b0 00000000 		.4byte	0x0
 561 00b4 00000000 		.4byte	0x0
 562              	.LLST4:
 563 00b8 00000000 		.4byte	.LFB4
 564 00bc 02000000 		.4byte	.LCFI9
 565 00c0 0100     		.2byte	0x1
 566 00c2 5D       		.byte	0x5d
 567 00c3 02000000 		.4byte	.LCFI9
 568 00c7 04000000 		.4byte	.LCFI10
 569 00cb 0200     		.2byte	0x2
 570 00cd 7D       		.byte	0x7d
 571 00ce 04       		.sleb128 4
 572 00cf 04000000 		.4byte	.LCFI10
 573 00d3 06000000 		.4byte	.LCFI11
 574 00d7 0200     		.2byte	0x2
 575 00d9 7D       		.byte	0x7d
 576 00da 18       		.sleb128 24
 577 00db 06000000 		.4byte	.LCFI11
 578 00df 28000000 		.4byte	.LFE4
 579 00e3 0200     		.2byte	0x2
 580 00e5 77       		.byte	0x77
 581 00e6 18       		.sleb128 24
 582 00e7 00000000 		.4byte	0x0
 583 00eb 00000000 		.4byte	0x0
 584              	.LLST5:
 585 00ef 00000000 		.4byte	.LFB5
 586 00f3 02000000 		.4byte	.LCFI12
 587 00f7 0100     		.2byte	0x1
 588 00f9 5D       		.byte	0x5d
 589 00fa 02000000 		.4byte	.LCFI12
 590 00fe 04000000 		.4byte	.LCFI13
 591 0102 0200     		.2byte	0x2
 592 0104 7D       		.byte	0x7d
 593 0105 04       		.sleb128 4
 594 0106 04000000 		.4byte	.LCFI13
 595 010a 06000000 		.4byte	.LCFI14
 596 010e 0200     		.2byte	0x2
 597 0110 7D       		.byte	0x7d
 598 0111 10       		.sleb128 16
 599 0112 06000000 		.4byte	.LCFI14
 600 0116 26000000 		.4byte	.LFE5
 601 011a 0200     		.2byte	0x2
 602 011c 77       		.byte	0x77
 603 011d 10       		.sleb128 16
 604 011e 00000000 		.4byte	0x0
 605 0122 00000000 		.4byte	0x0
 606              	.LLST6:
 607 0126 00000000 		.4byte	.LFB6
 608 012a 02000000 		.4byte	.LCFI15
ARM GAS  C:\Users\vlantaca\AppData\Local\Temp\ccVDVYCq.s 			page 18


 609 012e 0100     		.2byte	0x1
 610 0130 5D       		.byte	0x5d
 611 0131 02000000 		.4byte	.LCFI15
 612 0135 04000000 		.4byte	.LCFI16
 613 0139 0200     		.2byte	0x2
 614 013b 7D       		.byte	0x7d
 615 013c 04       		.sleb128 4
 616 013d 04000000 		.4byte	.LCFI16
 617 0141 06000000 		.4byte	.LCFI17
 618 0145 0200     		.2byte	0x2
 619 0147 7D       		.byte	0x7d
 620 0148 10       		.sleb128 16
 621 0149 06000000 		.4byte	.LCFI17
 622 014d 26000000 		.4byte	.LFE6
 623 0151 0200     		.2byte	0x2
 624 0153 77       		.byte	0x77
 625 0154 10       		.sleb128 16
 626 0155 00000000 		.4byte	0x0
 627 0159 00000000 		.4byte	0x0
 628              	.LLST7:
 629 015d 00000000 		.4byte	.LFB7
 630 0161 02000000 		.4byte	.LCFI18
 631 0165 0100     		.2byte	0x1
 632 0167 5D       		.byte	0x5d
 633 0168 02000000 		.4byte	.LCFI18
 634 016c 04000000 		.4byte	.LCFI19
 635 0170 0200     		.2byte	0x2
 636 0172 7D       		.byte	0x7d
 637 0173 04       		.sleb128 4
 638 0174 04000000 		.4byte	.LCFI19
 639 0178 06000000 		.4byte	.LCFI20
 640 017c 0200     		.2byte	0x2
 641 017e 7D       		.byte	0x7d
 642 017f 10       		.sleb128 16
 643 0180 06000000 		.4byte	.LCFI20
 644 0184 26000000 		.4byte	.LFE7
 645 0188 0200     		.2byte	0x2
 646 018a 77       		.byte	0x77
 647 018b 10       		.sleb128 16
 648 018c 00000000 		.4byte	0x0
 649 0190 00000000 		.4byte	0x0
 650              	.LLST8:
 651 0194 00000000 		.4byte	.LFB8
 652 0198 02000000 		.4byte	.LCFI21
 653 019c 0100     		.2byte	0x1
 654 019e 5D       		.byte	0x5d
 655 019f 02000000 		.4byte	.LCFI21
 656 01a3 04000000 		.4byte	.LCFI22
 657 01a7 0200     		.2byte	0x2
 658 01a9 7D       		.byte	0x7d
 659 01aa 04       		.sleb128 4
 660 01ab 04000000 		.4byte	.LCFI22
 661 01af 18000000 		.4byte	.LFE8
 662 01b3 0200     		.2byte	0x2
 663 01b5 77       		.byte	0x77
 664 01b6 04       		.sleb128 4
 665 01b7 00000000 		.4byte	0x0
ARM GAS  C:\Users\vlantaca\AppData\Local\Temp\ccVDVYCq.s 			page 19


 666 01bb 00000000 		.4byte	0x0
 667              	.LLST9:
 668 01bf 00000000 		.4byte	.LFB9
 669 01c3 02000000 		.4byte	.LCFI23
 670 01c7 0100     		.2byte	0x1
 671 01c9 5D       		.byte	0x5d
 672 01ca 02000000 		.4byte	.LCFI23
 673 01ce 04000000 		.4byte	.LCFI24
 674 01d2 0200     		.2byte	0x2
 675 01d4 7D       		.byte	0x7d
 676 01d5 04       		.sleb128 4
 677 01d6 04000000 		.4byte	.LCFI24
 678 01da 1C000000 		.4byte	.LFE9
 679 01de 0200     		.2byte	0x2
 680 01e0 77       		.byte	0x77
 681 01e1 04       		.sleb128 4
 682 01e2 00000000 		.4byte	0x0
 683 01e6 00000000 		.4byte	0x0
 684              	.LLST10:
 685 01ea 00000000 		.4byte	.LFB10
 686 01ee 02000000 		.4byte	.LCFI25
 687 01f2 0100     		.2byte	0x1
 688 01f4 5D       		.byte	0x5d
 689 01f5 02000000 		.4byte	.LCFI25
 690 01f9 04000000 		.4byte	.LCFI26
 691 01fd 0200     		.2byte	0x2
 692 01ff 7D       		.byte	0x7d
 693 0200 04       		.sleb128 4
 694 0201 04000000 		.4byte	.LCFI26
 695 0205 18000000 		.4byte	.LFE10
 696 0209 0200     		.2byte	0x2
 697 020b 77       		.byte	0x77
 698 020c 04       		.sleb128 4
 699 020d 00000000 		.4byte	0x0
 700 0211 00000000 		.4byte	0x0
 701              	.LLST11:
 702 0215 00000000 		.4byte	.LFB11
 703 0219 02000000 		.4byte	.LCFI27
 704 021d 0100     		.2byte	0x1
 705 021f 5D       		.byte	0x5d
 706 0220 02000000 		.4byte	.LCFI27
 707 0224 04000000 		.4byte	.LCFI28
 708 0228 0200     		.2byte	0x2
 709 022a 7D       		.byte	0x7d
 710 022b 04       		.sleb128 4
 711 022c 04000000 		.4byte	.LCFI28
 712 0230 18000000 		.4byte	.LFE11
 713 0234 0200     		.2byte	0x2
 714 0236 77       		.byte	0x77
 715 0237 04       		.sleb128 4
 716 0238 00000000 		.4byte	0x0
 717 023c 00000000 		.4byte	0x0
 718              	.LLST12:
 719 0240 00000000 		.4byte	.LFB12
 720 0244 02000000 		.4byte	.LCFI29
 721 0248 0100     		.2byte	0x1
 722 024a 5D       		.byte	0x5d
ARM GAS  C:\Users\vlantaca\AppData\Local\Temp\ccVDVYCq.s 			page 20


 723 024b 02000000 		.4byte	.LCFI29
 724 024f 04000000 		.4byte	.LCFI30
 725 0253 0200     		.2byte	0x2
 726 0255 7D       		.byte	0x7d
 727 0256 04       		.sleb128 4
 728 0257 04000000 		.4byte	.LCFI30
 729 025b 18000000 		.4byte	.LFE12
 730 025f 0200     		.2byte	0x2
 731 0261 77       		.byte	0x77
 732 0262 04       		.sleb128 4
 733 0263 00000000 		.4byte	0x0
 734 0267 00000000 		.4byte	0x0
 735              		.file 2 "./Generated_Source/PSoC5/cytypes.h"
 736              		.section	.debug_info
 737 0000 2A020000 		.4byte	0x22a
 738 0004 0200     		.2byte	0x2
 739 0006 00000000 		.4byte	.Ldebug_abbrev0
 740 000a 04       		.byte	0x4
 741 000b 01       		.uleb128 0x1
 742 000c 6F010000 		.4byte	.LASF27
 743 0010 01       		.byte	0x1
 744 0011 EB000000 		.4byte	.LASF28
 745 0015 56000000 		.4byte	.LASF29
 746 0019 00000000 		.4byte	0x0
 747 001d 00000000 		.4byte	0x0
 748 0021 00000000 		.4byte	.Ldebug_ranges0+0x0
 749 0025 00000000 		.4byte	.Ldebug_line0
 750 0029 02       		.uleb128 0x2
 751 002a 01       		.byte	0x1
 752 002b 06       		.byte	0x6
 753 002c F1010000 		.4byte	.LASF0
 754 0030 02       		.uleb128 0x2
 755 0031 01       		.byte	0x1
 756 0032 08       		.byte	0x8
 757 0033 BC000000 		.4byte	.LASF1
 758 0037 02       		.uleb128 0x2
 759 0038 02       		.byte	0x2
 760 0039 05       		.byte	0x5
 761 003a B6010000 		.4byte	.LASF2
 762 003e 02       		.uleb128 0x2
 763 003f 02       		.byte	0x2
 764 0040 07       		.byte	0x7
 765 0041 34000000 		.4byte	.LASF3
 766 0045 02       		.uleb128 0x2
 767 0046 04       		.byte	0x4
 768 0047 05       		.byte	0x5
 769 0048 D5010000 		.4byte	.LASF4
 770 004c 02       		.uleb128 0x2
 771 004d 04       		.byte	0x4
 772 004e 07       		.byte	0x7
 773 004f CA000000 		.4byte	.LASF5
 774 0053 02       		.uleb128 0x2
 775 0054 08       		.byte	0x8
 776 0055 05       		.byte	0x5
 777 0056 00000000 		.4byte	.LASF6
 778 005a 02       		.uleb128 0x2
 779 005b 08       		.byte	0x8
ARM GAS  C:\Users\vlantaca\AppData\Local\Temp\ccVDVYCq.s 			page 21


 780 005c 07       		.byte	0x7
 781 005d 37010000 		.4byte	.LASF7
 782 0061 03       		.uleb128 0x3
 783 0062 04       		.byte	0x4
 784 0063 05       		.byte	0x5
 785 0064 696E7400 		.ascii	"int\000"
 786 0068 02       		.uleb128 0x2
 787 0069 04       		.byte	0x4
 788 006a 07       		.byte	0x7
 789 006b 0F010000 		.4byte	.LASF8
 790 006f 02       		.uleb128 0x2
 791 0070 01       		.byte	0x1
 792 0071 08       		.byte	0x8
 793 0072 7B010000 		.4byte	.LASF9
 794 0076 04       		.uleb128 0x4
 795 0077 DC000000 		.4byte	.LASF10
 796 007b 02       		.byte	0x2
 797 007c 60       		.byte	0x60
 798 007d 30000000 		.4byte	0x30
 799 0081 05       		.uleb128 0x5
 800 0082 4E010000 		.4byte	.LASF11
 801 0086 02       		.byte	0x2
 802 0087 2B01     		.2byte	0x12b
 803 0089 8D000000 		.4byte	0x8d
 804 008d 06       		.uleb128 0x6
 805 008e 04       		.byte	0x4
 806 008f 93000000 		.4byte	0x93
 807 0093 07       		.uleb128 0x7
 808 0094 01       		.byte	0x1
 809 0095 08       		.uleb128 0x8
 810 0096 04       		.byte	0x4
 811 0097 07       		.byte	0x7
 812 0098 09       		.uleb128 0x9
 813 0099 01       		.byte	0x1
 814 009a 47000000 		.4byte	.LASF12
 815 009e 01       		.byte	0x1
 816 009f 38       		.byte	0x38
 817 00a0 01       		.byte	0x1
 818 00a1 00000000 		.4byte	.LFB0
 819 00a5 22000000 		.4byte	.LFE0
 820 00a9 00000000 		.4byte	.LLST0
 821 00ad 0A       		.uleb128 0xa
 822 00ae 01       		.byte	0x1
 823 00af 8F010000 		.4byte	.LASF15
 824 00b3 01       		.byte	0x1
 825 00b4 55       		.byte	0x55
 826 00b5 01       		.byte	0x1
 827 00b6 00000000 		.4byte	.LFB1
 828 00ba 26000000 		.4byte	.LFE1
 829 00be 2B000000 		.4byte	.LLST1
 830 00c2 D5000000 		.4byte	0xd5
 831 00c6 0B       		.uleb128 0xb
 832 00c7 2F010000 		.4byte	.LASF17
 833 00cb 01       		.byte	0x1
 834 00cc 55       		.byte	0x55
 835 00cd 81000000 		.4byte	0x81
 836 00d1 02       		.byte	0x2
ARM GAS  C:\Users\vlantaca\AppData\Local\Temp\ccVDVYCq.s 			page 22


 837 00d2 91       		.byte	0x91
 838 00d3 74       		.sleb128 -12
 839 00d4 00       		.byte	0x0
 840 00d5 09       		.uleb128 0x9
 841 00d6 01       		.byte	0x1
 842 00d7 9E000000 		.4byte	.LASF13
 843 00db 01       		.byte	0x1
 844 00dc 71       		.byte	0x71
 845 00dd 01       		.byte	0x1
 846 00de 00000000 		.4byte	.LFB2
 847 00e2 16000000 		.4byte	.LFE2
 848 00e6 62000000 		.4byte	.LLST2
 849 00ea 09       		.uleb128 0x9
 850 00eb 01       		.byte	0x1
 851 00ec DE010000 		.4byte	.LASF14
 852 00f0 01       		.byte	0x1
 853 00f1 8C       		.byte	0x8c
 854 00f2 01       		.byte	0x1
 855 00f3 00000000 		.4byte	.LFB3
 856 00f7 0A000000 		.4byte	.LFE3
 857 00fb 8D000000 		.4byte	.LLST3
 858 00ff 0A       		.uleb128 0xa
 859 0100 01       		.byte	0x1
 860 0101 1C010000 		.4byte	.LASF16
 861 0105 01       		.byte	0x1
 862 0106 A6       		.byte	0xa6
 863 0107 01       		.byte	0x1
 864 0108 00000000 		.4byte	.LFB4
 865 010c 28000000 		.4byte	.LFE4
 866 0110 B8000000 		.4byte	.LLST4
 867 0114 35010000 		.4byte	0x135
 868 0118 0B       		.uleb128 0xb
 869 0119 2F010000 		.4byte	.LASF17
 870 011d 01       		.byte	0x1
 871 011e A6       		.byte	0xa6
 872 011f 81000000 		.4byte	0x81
 873 0123 02       		.byte	0x2
 874 0124 91       		.byte	0x91
 875 0125 6C       		.sleb128 -20
 876 0126 0C       		.uleb128 0xc
 877 0127 80010000 		.4byte	.LASF18
 878 012b 01       		.byte	0x1
 879 012c A8       		.byte	0xa8
 880 012d 35010000 		.4byte	0x135
 881 0131 02       		.byte	0x2
 882 0132 91       		.byte	0x91
 883 0133 74       		.sleb128 -12
 884 0134 00       		.byte	0x0
 885 0135 06       		.uleb128 0x6
 886 0136 04       		.byte	0x4
 887 0137 81000000 		.4byte	0x81
 888 013b 0D       		.uleb128 0xd
 889 013c 01       		.byte	0x1
 890 013d FD010000 		.4byte	.LASF21
 891 0141 01       		.byte	0x1
 892 0142 BF       		.byte	0xbf
 893 0143 01       		.byte	0x1
ARM GAS  C:\Users\vlantaca\AppData\Local\Temp\ccVDVYCq.s 			page 23


 894 0144 81000000 		.4byte	0x81
 895 0148 00000000 		.4byte	.LFB5
 896 014c 26000000 		.4byte	.LFE5
 897 0150 EF000000 		.4byte	.LLST5
 898 0154 67010000 		.4byte	0x167
 899 0158 0C       		.uleb128 0xc
 900 0159 80010000 		.4byte	.LASF18
 901 015d 01       		.byte	0x1
 902 015e C1       		.byte	0xc1
 903 015f 35010000 		.4byte	0x135
 904 0163 02       		.byte	0x2
 905 0164 91       		.byte	0x91
 906 0165 74       		.sleb128 -12
 907 0166 00       		.byte	0x0
 908 0167 0A       		.uleb128 0xa
 909 0168 01       		.byte	0x1
 910 0169 1F000000 		.4byte	.LASF19
 911 016d 01       		.byte	0x1
 912 016e DC       		.byte	0xdc
 913 016f 01       		.byte	0x1
 914 0170 00000000 		.4byte	.LFB6
 915 0174 26000000 		.4byte	.LFE6
 916 0178 26010000 		.4byte	.LLST6
 917 017c 8F010000 		.4byte	0x18f
 918 0180 0B       		.uleb128 0xb
 919 0181 E2000000 		.4byte	.LASF20
 920 0185 01       		.byte	0x1
 921 0186 DC       		.byte	0xdc
 922 0187 76000000 		.4byte	0x76
 923 018b 02       		.byte	0x2
 924 018c 91       		.byte	0x91
 925 018d 77       		.sleb128 -9
 926 018e 00       		.byte	0x0
 927 018f 0D       		.uleb128 0xd
 928 0190 01       		.byte	0x1
 929 0191 C0010000 		.4byte	.LASF22
 930 0195 01       		.byte	0x1
 931 0196 F1       		.byte	0xf1
 932 0197 01       		.byte	0x1
 933 0198 76000000 		.4byte	0x76
 934 019c 00000000 		.4byte	.LFB7
 935 01a0 26000000 		.4byte	.LFE7
 936 01a4 5D010000 		.4byte	.LLST7
 937 01a8 BB010000 		.4byte	0x1bb
 938 01ac 0C       		.uleb128 0xc
 939 01ad E2000000 		.4byte	.LASF20
 940 01b1 01       		.byte	0x1
 941 01b2 F3       		.byte	0xf3
 942 01b3 76000000 		.4byte	0x76
 943 01b7 02       		.byte	0x2
 944 01b8 91       		.byte	0x91
 945 01b9 77       		.sleb128 -9
 946 01ba 00       		.byte	0x0
 947 01bb 0E       		.uleb128 0xe
 948 01bc 01       		.byte	0x1
 949 01bd AC000000 		.4byte	.LASF23
 950 01c1 01       		.byte	0x1
ARM GAS  C:\Users\vlantaca\AppData\Local\Temp\ccVDVYCq.s 			page 24


 951 01c2 0B01     		.2byte	0x10b
 952 01c4 01       		.byte	0x1
 953 01c5 00000000 		.4byte	.LFB8
 954 01c9 18000000 		.4byte	.LFE8
 955 01cd 94010000 		.4byte	.LLST8
 956 01d1 0F       		.uleb128 0xf
 957 01d2 01       		.byte	0x1
 958 01d3 8C000000 		.4byte	.LASF30
 959 01d7 01       		.byte	0x1
 960 01d8 2101     		.2byte	0x121
 961 01da 01       		.byte	0x1
 962 01db 76000000 		.4byte	0x76
 963 01df 00000000 		.4byte	.LFB9
 964 01e3 1C000000 		.4byte	.LFE9
 965 01e7 BF010000 		.4byte	.LLST9
 966 01eb 0E       		.uleb128 0xe
 967 01ec 01       		.byte	0x1
 968 01ed 0E000000 		.4byte	.LASF24
 969 01f1 01       		.byte	0x1
 970 01f2 3701     		.2byte	0x137
 971 01f4 01       		.byte	0x1
 972 01f5 00000000 		.4byte	.LFB10
 973 01f9 18000000 		.4byte	.LFE10
 974 01fd EA010000 		.4byte	.LLST10
 975 0201 0E       		.uleb128 0xe
 976 0202 01       		.byte	0x1
 977 0203 5B010000 		.4byte	.LASF25
 978 0207 01       		.byte	0x1
 979 0208 4E01     		.2byte	0x14e
 980 020a 01       		.byte	0x1
 981 020b 00000000 		.4byte	.LFB11
 982 020f 18000000 		.4byte	.LFE11
 983 0213 15020000 		.4byte	.LLST11
 984 0217 0E       		.uleb128 0xe
 985 0218 01       		.byte	0x1
 986 0219 A0010000 		.4byte	.LASF26
 987 021d 01       		.byte	0x1
 988 021e 6201     		.2byte	0x162
 989 0220 01       		.byte	0x1
 990 0221 00000000 		.4byte	.LFB12
 991 0225 18000000 		.4byte	.LFE12
 992 0229 40020000 		.4byte	.LLST12
 993 022d 00       		.byte	0x0
 994              		.section	.debug_abbrev
 995 0000 01       		.uleb128 0x1
 996 0001 11       		.uleb128 0x11
 997 0002 01       		.byte	0x1
 998 0003 25       		.uleb128 0x25
 999 0004 0E       		.uleb128 0xe
 1000 0005 13       		.uleb128 0x13
 1001 0006 0B       		.uleb128 0xb
 1002 0007 03       		.uleb128 0x3
 1003 0008 0E       		.uleb128 0xe
 1004 0009 1B       		.uleb128 0x1b
 1005 000a 0E       		.uleb128 0xe
 1006 000b 11       		.uleb128 0x11
 1007 000c 01       		.uleb128 0x1
ARM GAS  C:\Users\vlantaca\AppData\Local\Temp\ccVDVYCq.s 			page 25


 1008 000d 52       		.uleb128 0x52
 1009 000e 01       		.uleb128 0x1
 1010 000f 55       		.uleb128 0x55
 1011 0010 06       		.uleb128 0x6
 1012 0011 10       		.uleb128 0x10
 1013 0012 06       		.uleb128 0x6
 1014 0013 00       		.byte	0x0
 1015 0014 00       		.byte	0x0
 1016 0015 02       		.uleb128 0x2
 1017 0016 24       		.uleb128 0x24
 1018 0017 00       		.byte	0x0
 1019 0018 0B       		.uleb128 0xb
 1020 0019 0B       		.uleb128 0xb
 1021 001a 3E       		.uleb128 0x3e
 1022 001b 0B       		.uleb128 0xb
 1023 001c 03       		.uleb128 0x3
 1024 001d 0E       		.uleb128 0xe
 1025 001e 00       		.byte	0x0
 1026 001f 00       		.byte	0x0
 1027 0020 03       		.uleb128 0x3
 1028 0021 24       		.uleb128 0x24
 1029 0022 00       		.byte	0x0
 1030 0023 0B       		.uleb128 0xb
 1031 0024 0B       		.uleb128 0xb
 1032 0025 3E       		.uleb128 0x3e
 1033 0026 0B       		.uleb128 0xb
 1034 0027 03       		.uleb128 0x3
 1035 0028 08       		.uleb128 0x8
 1036 0029 00       		.byte	0x0
 1037 002a 00       		.byte	0x0
 1038 002b 04       		.uleb128 0x4
 1039 002c 16       		.uleb128 0x16
 1040 002d 00       		.byte	0x0
 1041 002e 03       		.uleb128 0x3
 1042 002f 0E       		.uleb128 0xe
 1043 0030 3A       		.uleb128 0x3a
 1044 0031 0B       		.uleb128 0xb
 1045 0032 3B       		.uleb128 0x3b
 1046 0033 0B       		.uleb128 0xb
 1047 0034 49       		.uleb128 0x49
 1048 0035 13       		.uleb128 0x13
 1049 0036 00       		.byte	0x0
 1050 0037 00       		.byte	0x0
 1051 0038 05       		.uleb128 0x5
 1052 0039 16       		.uleb128 0x16
 1053 003a 00       		.byte	0x0
 1054 003b 03       		.uleb128 0x3
 1055 003c 0E       		.uleb128 0xe
 1056 003d 3A       		.uleb128 0x3a
 1057 003e 0B       		.uleb128 0xb
 1058 003f 3B       		.uleb128 0x3b
 1059 0040 05       		.uleb128 0x5
 1060 0041 49       		.uleb128 0x49
 1061 0042 13       		.uleb128 0x13
 1062 0043 00       		.byte	0x0
 1063 0044 00       		.byte	0x0
 1064 0045 06       		.uleb128 0x6
ARM GAS  C:\Users\vlantaca\AppData\Local\Temp\ccVDVYCq.s 			page 26


 1065 0046 0F       		.uleb128 0xf
 1066 0047 00       		.byte	0x0
 1067 0048 0B       		.uleb128 0xb
 1068 0049 0B       		.uleb128 0xb
 1069 004a 49       		.uleb128 0x49
 1070 004b 13       		.uleb128 0x13
 1071 004c 00       		.byte	0x0
 1072 004d 00       		.byte	0x0
 1073 004e 07       		.uleb128 0x7
 1074 004f 15       		.uleb128 0x15
 1075 0050 00       		.byte	0x0
 1076 0051 27       		.uleb128 0x27
 1077 0052 0C       		.uleb128 0xc
 1078 0053 00       		.byte	0x0
 1079 0054 00       		.byte	0x0
 1080 0055 08       		.uleb128 0x8
 1081 0056 24       		.uleb128 0x24
 1082 0057 00       		.byte	0x0
 1083 0058 0B       		.uleb128 0xb
 1084 0059 0B       		.uleb128 0xb
 1085 005a 3E       		.uleb128 0x3e
 1086 005b 0B       		.uleb128 0xb
 1087 005c 00       		.byte	0x0
 1088 005d 00       		.byte	0x0
 1089 005e 09       		.uleb128 0x9
 1090 005f 2E       		.uleb128 0x2e
 1091 0060 00       		.byte	0x0
 1092 0061 3F       		.uleb128 0x3f
 1093 0062 0C       		.uleb128 0xc
 1094 0063 03       		.uleb128 0x3
 1095 0064 0E       		.uleb128 0xe
 1096 0065 3A       		.uleb128 0x3a
 1097 0066 0B       		.uleb128 0xb
 1098 0067 3B       		.uleb128 0x3b
 1099 0068 0B       		.uleb128 0xb
 1100 0069 27       		.uleb128 0x27
 1101 006a 0C       		.uleb128 0xc
 1102 006b 11       		.uleb128 0x11
 1103 006c 01       		.uleb128 0x1
 1104 006d 12       		.uleb128 0x12
 1105 006e 01       		.uleb128 0x1
 1106 006f 40       		.uleb128 0x40
 1107 0070 06       		.uleb128 0x6
 1108 0071 00       		.byte	0x0
 1109 0072 00       		.byte	0x0
 1110 0073 0A       		.uleb128 0xa
 1111 0074 2E       		.uleb128 0x2e
 1112 0075 01       		.byte	0x1
 1113 0076 3F       		.uleb128 0x3f
 1114 0077 0C       		.uleb128 0xc
 1115 0078 03       		.uleb128 0x3
 1116 0079 0E       		.uleb128 0xe
 1117 007a 3A       		.uleb128 0x3a
 1118 007b 0B       		.uleb128 0xb
 1119 007c 3B       		.uleb128 0x3b
 1120 007d 0B       		.uleb128 0xb
 1121 007e 27       		.uleb128 0x27
ARM GAS  C:\Users\vlantaca\AppData\Local\Temp\ccVDVYCq.s 			page 27


 1122 007f 0C       		.uleb128 0xc
 1123 0080 11       		.uleb128 0x11
 1124 0081 01       		.uleb128 0x1
 1125 0082 12       		.uleb128 0x12
 1126 0083 01       		.uleb128 0x1
 1127 0084 40       		.uleb128 0x40
 1128 0085 06       		.uleb128 0x6
 1129 0086 01       		.uleb128 0x1
 1130 0087 13       		.uleb128 0x13
 1131 0088 00       		.byte	0x0
 1132 0089 00       		.byte	0x0
 1133 008a 0B       		.uleb128 0xb
 1134 008b 05       		.uleb128 0x5
 1135 008c 00       		.byte	0x0
 1136 008d 03       		.uleb128 0x3
 1137 008e 0E       		.uleb128 0xe
 1138 008f 3A       		.uleb128 0x3a
 1139 0090 0B       		.uleb128 0xb
 1140 0091 3B       		.uleb128 0x3b
 1141 0092 0B       		.uleb128 0xb
 1142 0093 49       		.uleb128 0x49
 1143 0094 13       		.uleb128 0x13
 1144 0095 02       		.uleb128 0x2
 1145 0096 0A       		.uleb128 0xa
 1146 0097 00       		.byte	0x0
 1147 0098 00       		.byte	0x0
 1148 0099 0C       		.uleb128 0xc
 1149 009a 34       		.uleb128 0x34
 1150 009b 00       		.byte	0x0
 1151 009c 03       		.uleb128 0x3
 1152 009d 0E       		.uleb128 0xe
 1153 009e 3A       		.uleb128 0x3a
 1154 009f 0B       		.uleb128 0xb
 1155 00a0 3B       		.uleb128 0x3b
 1156 00a1 0B       		.uleb128 0xb
 1157 00a2 49       		.uleb128 0x49
 1158 00a3 13       		.uleb128 0x13
 1159 00a4 02       		.uleb128 0x2
 1160 00a5 0A       		.uleb128 0xa
 1161 00a6 00       		.byte	0x0
 1162 00a7 00       		.byte	0x0
 1163 00a8 0D       		.uleb128 0xd
 1164 00a9 2E       		.uleb128 0x2e
 1165 00aa 01       		.byte	0x1
 1166 00ab 3F       		.uleb128 0x3f
 1167 00ac 0C       		.uleb128 0xc
 1168 00ad 03       		.uleb128 0x3
 1169 00ae 0E       		.uleb128 0xe
 1170 00af 3A       		.uleb128 0x3a
 1171 00b0 0B       		.uleb128 0xb
 1172 00b1 3B       		.uleb128 0x3b
 1173 00b2 0B       		.uleb128 0xb
 1174 00b3 27       		.uleb128 0x27
 1175 00b4 0C       		.uleb128 0xc
 1176 00b5 49       		.uleb128 0x49
 1177 00b6 13       		.uleb128 0x13
 1178 00b7 11       		.uleb128 0x11
ARM GAS  C:\Users\vlantaca\AppData\Local\Temp\ccVDVYCq.s 			page 28


 1179 00b8 01       		.uleb128 0x1
 1180 00b9 12       		.uleb128 0x12
 1181 00ba 01       		.uleb128 0x1
 1182 00bb 40       		.uleb128 0x40
 1183 00bc 06       		.uleb128 0x6
 1184 00bd 01       		.uleb128 0x1
 1185 00be 13       		.uleb128 0x13
 1186 00bf 00       		.byte	0x0
 1187 00c0 00       		.byte	0x0
 1188 00c1 0E       		.uleb128 0xe
 1189 00c2 2E       		.uleb128 0x2e
 1190 00c3 00       		.byte	0x0
 1191 00c4 3F       		.uleb128 0x3f
 1192 00c5 0C       		.uleb128 0xc
 1193 00c6 03       		.uleb128 0x3
 1194 00c7 0E       		.uleb128 0xe
 1195 00c8 3A       		.uleb128 0x3a
 1196 00c9 0B       		.uleb128 0xb
 1197 00ca 3B       		.uleb128 0x3b
 1198 00cb 05       		.uleb128 0x5
 1199 00cc 27       		.uleb128 0x27
 1200 00cd 0C       		.uleb128 0xc
 1201 00ce 11       		.uleb128 0x11
 1202 00cf 01       		.uleb128 0x1
 1203 00d0 12       		.uleb128 0x12
 1204 00d1 01       		.uleb128 0x1
 1205 00d2 40       		.uleb128 0x40
 1206 00d3 06       		.uleb128 0x6
 1207 00d4 00       		.byte	0x0
 1208 00d5 00       		.byte	0x0
 1209 00d6 0F       		.uleb128 0xf
 1210 00d7 2E       		.uleb128 0x2e
 1211 00d8 00       		.byte	0x0
 1212 00d9 3F       		.uleb128 0x3f
 1213 00da 0C       		.uleb128 0xc
 1214 00db 03       		.uleb128 0x3
 1215 00dc 0E       		.uleb128 0xe
 1216 00dd 3A       		.uleb128 0x3a
 1217 00de 0B       		.uleb128 0xb
 1218 00df 3B       		.uleb128 0x3b
 1219 00e0 05       		.uleb128 0x5
 1220 00e1 27       		.uleb128 0x27
 1221 00e2 0C       		.uleb128 0xc
 1222 00e3 49       		.uleb128 0x49
 1223 00e4 13       		.uleb128 0x13
 1224 00e5 11       		.uleb128 0x11
 1225 00e6 01       		.uleb128 0x1
 1226 00e7 12       		.uleb128 0x12
 1227 00e8 01       		.uleb128 0x1
 1228 00e9 40       		.uleb128 0x40
 1229 00ea 06       		.uleb128 0x6
 1230 00eb 00       		.byte	0x0
 1231 00ec 00       		.byte	0x0
 1232 00ed 00       		.byte	0x0
 1233              		.section	.debug_pubnames,"",%progbits
 1234 0000 30010000 		.4byte	0x130
 1235 0004 0200     		.2byte	0x2
ARM GAS  C:\Users\vlantaca\AppData\Local\Temp\ccVDVYCq.s 			page 29


 1236 0006 00000000 		.4byte	.Ldebug_info0
 1237 000a 2E020000 		.4byte	0x22e
 1238 000e 98000000 		.4byte	0x98
 1239 0012 4953525F 		.ascii	"ISR_Read_Start\000"
 1239      52656164 
 1239      5F537461 
 1239      727400
 1240 0021 AD000000 		.4byte	0xad
 1241 0025 4953525F 		.ascii	"ISR_Read_StartEx\000"
 1241      52656164 
 1241      5F537461 
 1241      72744578 
 1241      00
 1242 0036 D5000000 		.4byte	0xd5
 1243 003a 4953525F 		.ascii	"ISR_Read_Stop\000"
 1243      52656164 
 1243      5F53746F 
 1243      7000
 1244 0048 EA000000 		.4byte	0xea
 1245 004c 4953525F 		.ascii	"ISR_Read_Interrupt\000"
 1245      52656164 
 1245      5F496E74 
 1245      65727275 
 1245      707400
 1246 005f FF000000 		.4byte	0xff
 1247 0063 4953525F 		.ascii	"ISR_Read_SetVector\000"
 1247      52656164 
 1247      5F536574 
 1247      56656374 
 1247      6F7200
 1248 0076 3B010000 		.4byte	0x13b
 1249 007a 4953525F 		.ascii	"ISR_Read_GetVector\000"
 1249      52656164 
 1249      5F476574 
 1249      56656374 
 1249      6F7200
 1250 008d 67010000 		.4byte	0x167
 1251 0091 4953525F 		.ascii	"ISR_Read_SetPriority\000"
 1251      52656164 
 1251      5F536574 
 1251      5072696F 
 1251      72697479 
 1252 00a6 8F010000 		.4byte	0x18f
 1253 00aa 4953525F 		.ascii	"ISR_Read_GetPriority\000"
 1253      52656164 
 1253      5F476574 
 1253      5072696F 
 1253      72697479 
 1254 00bf BB010000 		.4byte	0x1bb
 1255 00c3 4953525F 		.ascii	"ISR_Read_Enable\000"
 1255      52656164 
 1255      5F456E61 
 1255      626C6500 
 1256 00d3 D1010000 		.4byte	0x1d1
 1257 00d7 4953525F 		.ascii	"ISR_Read_GetState\000"
 1257      52656164 
 1257      5F476574 
ARM GAS  C:\Users\vlantaca\AppData\Local\Temp\ccVDVYCq.s 			page 30


 1257      53746174 
 1257      6500
 1258 00e9 EB010000 		.4byte	0x1eb
 1259 00ed 4953525F 		.ascii	"ISR_Read_Disable\000"
 1259      52656164 
 1259      5F446973 
 1259      61626C65 
 1259      00
 1260 00fe 01020000 		.4byte	0x201
 1261 0102 4953525F 		.ascii	"ISR_Read_SetPending\000"
 1261      52656164 
 1261      5F536574 
 1261      50656E64 
 1261      696E6700 
 1262 0116 17020000 		.4byte	0x217
 1263 011a 4953525F 		.ascii	"ISR_Read_ClearPending\000"
 1263      52656164 
 1263      5F436C65 
 1263      61725065 
 1263      6E64696E 
 1264 0130 00000000 		.4byte	0x0
 1265              		.section	.debug_aranges,"",%progbits
 1266 0000 7C000000 		.4byte	0x7c
 1267 0004 0200     		.2byte	0x2
 1268 0006 00000000 		.4byte	.Ldebug_info0
 1269 000a 04       		.byte	0x4
 1270 000b 00       		.byte	0x0
 1271 000c 0000     		.2byte	0x0
 1272 000e 0000     		.2byte	0x0
 1273 0010 00000000 		.4byte	.LFB0
 1274 0014 22000000 		.4byte	.LFE0-.LFB0
 1275 0018 00000000 		.4byte	.LFB1
 1276 001c 26000000 		.4byte	.LFE1-.LFB1
 1277 0020 00000000 		.4byte	.LFB2
 1278 0024 16000000 		.4byte	.LFE2-.LFB2
 1279 0028 00000000 		.4byte	.LFB3
 1280 002c 0A000000 		.4byte	.LFE3-.LFB3
 1281 0030 00000000 		.4byte	.LFB4
 1282 0034 28000000 		.4byte	.LFE4-.LFB4
 1283 0038 00000000 		.4byte	.LFB5
 1284 003c 26000000 		.4byte	.LFE5-.LFB5
 1285 0040 00000000 		.4byte	.LFB6
 1286 0044 26000000 		.4byte	.LFE6-.LFB6
 1287 0048 00000000 		.4byte	.LFB7
 1288 004c 26000000 		.4byte	.LFE7-.LFB7
 1289 0050 00000000 		.4byte	.LFB8
 1290 0054 18000000 		.4byte	.LFE8-.LFB8
 1291 0058 00000000 		.4byte	.LFB9
 1292 005c 1C000000 		.4byte	.LFE9-.LFB9
 1293 0060 00000000 		.4byte	.LFB10
 1294 0064 18000000 		.4byte	.LFE10-.LFB10
 1295 0068 00000000 		.4byte	.LFB11
 1296 006c 18000000 		.4byte	.LFE11-.LFB11
 1297 0070 00000000 		.4byte	.LFB12
 1298 0074 18000000 		.4byte	.LFE12-.LFB12
 1299 0078 00000000 		.4byte	0x0
 1300 007c 00000000 		.4byte	0x0
ARM GAS  C:\Users\vlantaca\AppData\Local\Temp\ccVDVYCq.s 			page 31


 1301              		.section	.debug_ranges,"",%progbits
 1302              	.Ldebug_ranges0:
 1303 0000 00000000 		.4byte	.Ltext0
 1304 0004 00000000 		.4byte	.Letext0
 1305 0008 00000000 		.4byte	.LFB0
 1306 000c 22000000 		.4byte	.LFE0
 1307 0010 00000000 		.4byte	.LFB1
 1308 0014 26000000 		.4byte	.LFE1
 1309 0018 00000000 		.4byte	.LFB2
 1310 001c 16000000 		.4byte	.LFE2
 1311 0020 00000000 		.4byte	.LFB3
 1312 0024 0A000000 		.4byte	.LFE3
 1313 0028 00000000 		.4byte	.LFB4
 1314 002c 28000000 		.4byte	.LFE4
 1315 0030 00000000 		.4byte	.LFB5
 1316 0034 26000000 		.4byte	.LFE5
 1317 0038 00000000 		.4byte	.LFB6
 1318 003c 26000000 		.4byte	.LFE6
 1319 0040 00000000 		.4byte	.LFB7
 1320 0044 26000000 		.4byte	.LFE7
 1321 0048 00000000 		.4byte	.LFB8
 1322 004c 18000000 		.4byte	.LFE8
 1323 0050 00000000 		.4byte	.LFB9
 1324 0054 1C000000 		.4byte	.LFE9
 1325 0058 00000000 		.4byte	.LFB10
 1326 005c 18000000 		.4byte	.LFE10
 1327 0060 00000000 		.4byte	.LFB11
 1328 0064 18000000 		.4byte	.LFE11
 1329 0068 00000000 		.4byte	.LFB12
 1330 006c 18000000 		.4byte	.LFE12
 1331 0070 00000000 		.4byte	0x0
 1332 0074 00000000 		.4byte	0x0
 1333              		.section	.debug_str,"MS",%progbits,1
 1334              	.LASF6:
 1335 0000 6C6F6E67 		.ascii	"long long int\000"
 1335      206C6F6E 
 1335      6720696E 
 1335      7400
 1336              	.LASF24:
 1337 000e 4953525F 		.ascii	"ISR_Read_Disable\000"
 1337      52656164 
 1337      5F446973 
 1337      61626C65 
 1337      00
 1338              	.LASF19:
 1339 001f 4953525F 		.ascii	"ISR_Read_SetPriority\000"
 1339      52656164 
 1339      5F536574 
 1339      5072696F 
 1339      72697479 
 1340              	.LASF3:
 1341 0034 73686F72 		.ascii	"short unsigned int\000"
 1341      7420756E 
 1341      7369676E 
 1341      65642069 
 1341      6E7400
 1342              	.LASF12:
ARM GAS  C:\Users\vlantaca\AppData\Local\Temp\ccVDVYCq.s 			page 32


 1343 0047 4953525F 		.ascii	"ISR_Read_Start\000"
 1343      52656164 
 1343      5F537461 
 1343      727400
 1344              	.LASF29:
 1345 0056 433A5C55 		.ascii	"C:\\Users\\vlantaca\\Desktop\\PSoC Slave\\PSoC Slav"
 1345      73657273 
 1345      5C766C61 
 1345      6E746163 
 1345      615C4465 
 1346 0084 652E6379 		.ascii	"e.cydsn\000"
 1346      64736E00 
 1347              	.LASF30:
 1348 008c 4953525F 		.ascii	"ISR_Read_GetState\000"
 1348      52656164 
 1348      5F476574 
 1348      53746174 
 1348      6500
 1349              	.LASF13:
 1350 009e 4953525F 		.ascii	"ISR_Read_Stop\000"
 1350      52656164 
 1350      5F53746F 
 1350      7000
 1351              	.LASF23:
 1352 00ac 4953525F 		.ascii	"ISR_Read_Enable\000"
 1352      52656164 
 1352      5F456E61 
 1352      626C6500 
 1353              	.LASF1:
 1354 00bc 756E7369 		.ascii	"unsigned char\000"
 1354      676E6564 
 1354      20636861 
 1354      7200
 1355              	.LASF5:
 1356 00ca 6C6F6E67 		.ascii	"long unsigned int\000"
 1356      20756E73 
 1356      69676E65 
 1356      6420696E 
 1356      7400
 1357              	.LASF10:
 1358 00dc 75696E74 		.ascii	"uint8\000"
 1358      3800
 1359              	.LASF20:
 1360 00e2 7072696F 		.ascii	"priority\000"
 1360      72697479 
 1360      00
 1361              	.LASF28:
 1362 00eb 2E5C4765 		.ascii	".\\Generated_Source\\PSoC5\\ISR_Read.c\000"
 1362      6E657261 
 1362      7465645F 
 1362      536F7572 
 1362      63655C50 
 1363              	.LASF8:
 1364 010f 756E7369 		.ascii	"unsigned int\000"
 1364      676E6564 
 1364      20696E74 
 1364      00
ARM GAS  C:\Users\vlantaca\AppData\Local\Temp\ccVDVYCq.s 			page 33


 1365              	.LASF16:
 1366 011c 4953525F 		.ascii	"ISR_Read_SetVector\000"
 1366      52656164 
 1366      5F536574 
 1366      56656374 
 1366      6F7200
 1367              	.LASF17:
 1368 012f 61646472 		.ascii	"address\000"
 1368      65737300 
 1369              	.LASF7:
 1370 0137 6C6F6E67 		.ascii	"long long unsigned int\000"
 1370      206C6F6E 
 1370      6720756E 
 1370      7369676E 
 1370      65642069 
 1371              	.LASF11:
 1372 014e 63796973 		.ascii	"cyisraddress\000"
 1372      72616464 
 1372      72657373 
 1372      00
 1373              	.LASF25:
 1374 015b 4953525F 		.ascii	"ISR_Read_SetPending\000"
 1374      52656164 
 1374      5F536574 
 1374      50656E64 
 1374      696E6700 
 1375              	.LASF27:
 1376 016f 474E5520 		.ascii	"GNU C 4.4.1\000"
 1376      4320342E 
 1376      342E3100 
 1377              	.LASF9:
 1378 017b 63686172 		.ascii	"char\000"
 1378      00
 1379              	.LASF18:
 1380 0180 72616D56 		.ascii	"ramVectorTable\000"
 1380      6563746F 
 1380      72546162 
 1380      6C6500
 1381              	.LASF15:
 1382 018f 4953525F 		.ascii	"ISR_Read_StartEx\000"
 1382      52656164 
 1382      5F537461 
 1382      72744578 
 1382      00
 1383              	.LASF26:
 1384 01a0 4953525F 		.ascii	"ISR_Read_ClearPending\000"
 1384      52656164 
 1384      5F436C65 
 1384      61725065 
 1384      6E64696E 
 1385              	.LASF2:
 1386 01b6 73686F72 		.ascii	"short int\000"
 1386      7420696E 
 1386      7400
 1387              	.LASF22:
 1388 01c0 4953525F 		.ascii	"ISR_Read_GetPriority\000"
 1388      52656164 
ARM GAS  C:\Users\vlantaca\AppData\Local\Temp\ccVDVYCq.s 			page 34


 1388      5F476574 
 1388      5072696F 
 1388      72697479 
 1389              	.LASF4:
 1390 01d5 6C6F6E67 		.ascii	"long int\000"
 1390      20696E74 
 1390      00
 1391              	.LASF14:
 1392 01de 4953525F 		.ascii	"ISR_Read_Interrupt\000"
 1392      52656164 
 1392      5F496E74 
 1392      65727275 
 1392      707400
 1393              	.LASF0:
 1394 01f1 7369676E 		.ascii	"signed char\000"
 1394      65642063 
 1394      68617200 
 1395              	.LASF21:
 1396 01fd 4953525F 		.ascii	"ISR_Read_GetVector\000"
 1396      52656164 
 1396      5F476574 
 1396      56656374 
 1396      6F7200
 1397              		.ident	"GCC: (Sourcery G++ Lite 2010q1-188) 4.4.1"
