ARM GAS  C:\Users\vlantaca\AppData\Local\Temp\cc7P0IHk.s 			page 1


   1              		.syntax unified
   2              		.cpu cortex-m3
   3              		.fpu softvfp
   4              		.eabi_attribute 20, 1
   5              		.eabi_attribute 21, 1
   6              		.eabi_attribute 23, 3
   7              		.eabi_attribute 24, 1
   8              		.eabi_attribute 25, 1
   9              		.eabi_attribute 26, 1
  10              		.eabi_attribute 30, 6
  11              		.eabi_attribute 18, 4
  12              		.thumb
  13              		.file	"ISR_Write.c"
  14              		.section	.debug_abbrev,"",%progbits
  15              	.Ldebug_abbrev0:
  16              		.section	.debug_info,"",%progbits
  17              	.Ldebug_info0:
  18              		.section	.debug_line,"",%progbits
  19              	.Ldebug_line0:
  20 0000 59010000 		.text
  20      02006100 
  20      00000201 
  20      FB0E0D00 
  20      01010101 
  21              	.Ltext0:
  22              		.cfi_sections	.debug_frame
  23              		.section	.text.ISR_Write_Start,"ax",%progbits
  24              		.align	2
  25              		.global	ISR_Write_Start
  26              		.thumb
  27              		.thumb_func
  28              		.type	ISR_Write_Start, %function
  29              	ISR_Write_Start:
  30              	.LFB0:
  31              		.file 1 ".\\Generated_Source\\PSoC5\\ISR_Write.c"
   1:.\Generated_Source\PSoC5/ISR_Write.c **** /*******************************************************************************
   2:.\Generated_Source\PSoC5/ISR_Write.c **** * File Name: ISR_Write.c  
   3:.\Generated_Source\PSoC5/ISR_Write.c **** * Version 1.60
   4:.\Generated_Source\PSoC5/ISR_Write.c **** *
   5:.\Generated_Source\PSoC5/ISR_Write.c **** *  Description:
   6:.\Generated_Source\PSoC5/ISR_Write.c **** *   API for controlling the state of an interrupt.
   7:.\Generated_Source\PSoC5/ISR_Write.c **** *
   8:.\Generated_Source\PSoC5/ISR_Write.c **** *
   9:.\Generated_Source\PSoC5/ISR_Write.c **** *  Note:
  10:.\Generated_Source\PSoC5/ISR_Write.c **** *
  11:.\Generated_Source\PSoC5/ISR_Write.c **** ********************************************************************************
  12:.\Generated_Source\PSoC5/ISR_Write.c **** * Copyright 2008-2010, Cypress Semiconductor Corporation.  All rights reserved.
  13:.\Generated_Source\PSoC5/ISR_Write.c **** * You may use this file only in accordance with the license, terms, conditions, 
  14:.\Generated_Source\PSoC5/ISR_Write.c **** * disclaimers, and limitations in the end user license agreement accompanying 
  15:.\Generated_Source\PSoC5/ISR_Write.c **** * the software package with which this file was provided.
  16:.\Generated_Source\PSoC5/ISR_Write.c **** ********************************************************************************/
  17:.\Generated_Source\PSoC5/ISR_Write.c **** 
  18:.\Generated_Source\PSoC5/ISR_Write.c **** 
  19:.\Generated_Source\PSoC5/ISR_Write.c **** #include <CYDEVICE.H>
  20:.\Generated_Source\PSoC5/ISR_Write.c **** #include <CYDEVICE_TRM.H>
  21:.\Generated_Source\PSoC5/ISR_Write.c **** #include <CYLIB.H>
  22:.\Generated_Source\PSoC5/ISR_Write.c **** #include <ISR_Write.H>
ARM GAS  C:\Users\vlantaca\AppData\Local\Temp\cc7P0IHk.s 			page 2


  23:.\Generated_Source\PSoC5/ISR_Write.c **** 
  24:.\Generated_Source\PSoC5/ISR_Write.c **** 
  25:.\Generated_Source\PSoC5/ISR_Write.c **** /*******************************************************************************
  26:.\Generated_Source\PSoC5/ISR_Write.c **** *  Place your includes, defines and code here 
  27:.\Generated_Source\PSoC5/ISR_Write.c **** ********************************************************************************/
  28:.\Generated_Source\PSoC5/ISR_Write.c **** /* `#START ISR_Write_intc` */
  29:.\Generated_Source\PSoC5/ISR_Write.c **** 
  30:.\Generated_Source\PSoC5/ISR_Write.c **** /* `#END` */
  31:.\Generated_Source\PSoC5/ISR_Write.c **** 
  32:.\Generated_Source\PSoC5/ISR_Write.c **** #ifndef CYINT_IRQ_BASE
  33:.\Generated_Source\PSoC5/ISR_Write.c **** #define CYINT_IRQ_BASE	16
  34:.\Generated_Source\PSoC5/ISR_Write.c **** #endif
  35:.\Generated_Source\PSoC5/ISR_Write.c **** #ifndef CYINT_VECT_TABLE
  36:.\Generated_Source\PSoC5/ISR_Write.c **** #define CYINT_VECT_TABLE    ((cyisraddress **) CYREG_NVIC_VECT_OFFSET)
  37:.\Generated_Source\PSoC5/ISR_Write.c **** #endif
  38:.\Generated_Source\PSoC5/ISR_Write.c **** 
  39:.\Generated_Source\PSoC5/ISR_Write.c **** /* Declared in startup, used to set unused interrupts to. */
  40:.\Generated_Source\PSoC5/ISR_Write.c **** CY_ISR_PROTO(IntDefaultHandler);
  41:.\Generated_Source\PSoC5/ISR_Write.c **** 
  42:.\Generated_Source\PSoC5/ISR_Write.c **** /*******************************************************************************
  43:.\Generated_Source\PSoC5/ISR_Write.c **** * Function Name: ISR_Write_Start
  44:.\Generated_Source\PSoC5/ISR_Write.c **** ********************************************************************************
  45:.\Generated_Source\PSoC5/ISR_Write.c **** * Summary:
  46:.\Generated_Source\PSoC5/ISR_Write.c **** *  Set up the interrupt and enable it.
  47:.\Generated_Source\PSoC5/ISR_Write.c **** *
  48:.\Generated_Source\PSoC5/ISR_Write.c **** * Parameters:  
  49:.\Generated_Source\PSoC5/ISR_Write.c **** *   void.
  50:.\Generated_Source\PSoC5/ISR_Write.c **** *
  51:.\Generated_Source\PSoC5/ISR_Write.c **** *
  52:.\Generated_Source\PSoC5/ISR_Write.c **** * Return:
  53:.\Generated_Source\PSoC5/ISR_Write.c **** *   void.
  54:.\Generated_Source\PSoC5/ISR_Write.c **** *
  55:.\Generated_Source\PSoC5/ISR_Write.c **** *******************************************************************************/
  56:.\Generated_Source\PSoC5/ISR_Write.c **** void ISR_Write_Start(void)
  57:.\Generated_Source\PSoC5/ISR_Write.c **** {
  32              		.loc 1 57 0
  33              		.cfi_startproc
  34              		@ args = 0, pretend = 0, frame = 0
  35              		@ frame_needed = 1, uses_anonymous_args = 0
  36 0000 80B5     		push	{r7, lr}
  37              	.LCFI0:
  38              		.cfi_def_cfa_offset 8
  39 0002 00AF     		add	r7, sp, #0
  40              		.cfi_offset 14, -4
  41              		.cfi_offset 7, -8
  42              	.LCFI1:
  43              		.cfi_def_cfa_register 7
  58:.\Generated_Source\PSoC5/ISR_Write.c ****     /* For all we know the interrupt is active. */
  59:.\Generated_Source\PSoC5/ISR_Write.c ****     ISR_Write_Disable();
  44              		.loc 1 59 0
  45 0004 FFF7FEFF 		bl	ISR_Write_Disable
  60:.\Generated_Source\PSoC5/ISR_Write.c **** 
  61:.\Generated_Source\PSoC5/ISR_Write.c ****     /* Set the ISR to point to the ISR_Write Interrupt. */
  62:.\Generated_Source\PSoC5/ISR_Write.c ****     ISR_Write_SetVector(ISR_Write_Interrupt);
  46              		.loc 1 62 0
  47 0008 40F20000 		movw	r0, #:lower16:ISR_Write_Interrupt
  48 000c C0F20000 		movt	r0, #:upper16:ISR_Write_Interrupt
ARM GAS  C:\Users\vlantaca\AppData\Local\Temp\cc7P0IHk.s 			page 3


  49 0010 FFF7FEFF 		bl	ISR_Write_SetVector
  63:.\Generated_Source\PSoC5/ISR_Write.c **** 
  64:.\Generated_Source\PSoC5/ISR_Write.c ****     /* Set the priority. */
  65:.\Generated_Source\PSoC5/ISR_Write.c ****     ISR_Write_SetPriority(ISR_Write_INTC_PRIOR_NUMBER);
  50              		.loc 1 65 0
  51 0014 4FF00700 		mov	r0, #7
  52 0018 FFF7FEFF 		bl	ISR_Write_SetPriority
  66:.\Generated_Source\PSoC5/ISR_Write.c **** 
  67:.\Generated_Source\PSoC5/ISR_Write.c ****     /* Enable it. */
  68:.\Generated_Source\PSoC5/ISR_Write.c ****     ISR_Write_Enable();
  53              		.loc 1 68 0
  54 001c FFF7FEFF 		bl	ISR_Write_Enable
  69:.\Generated_Source\PSoC5/ISR_Write.c **** }
  55              		.loc 1 69 0
  56 0020 80BD     		pop	{r7, pc}
  57              		.cfi_endproc
  58              	.LFE0:
  59              		.size	ISR_Write_Start, .-ISR_Write_Start
  60 0022 00BF     		.section	.text.ISR_Write_StartEx,"ax",%progbits
  61              		.align	2
  62              		.global	ISR_Write_StartEx
  63              		.thumb
  64              		.thumb_func
  65              		.type	ISR_Write_StartEx, %function
  66              	ISR_Write_StartEx:
  67              	.LFB1:
  70:.\Generated_Source\PSoC5/ISR_Write.c **** 
  71:.\Generated_Source\PSoC5/ISR_Write.c **** /*******************************************************************************
  72:.\Generated_Source\PSoC5/ISR_Write.c **** * Function Name: ISR_Write_StartEx
  73:.\Generated_Source\PSoC5/ISR_Write.c **** ********************************************************************************
  74:.\Generated_Source\PSoC5/ISR_Write.c **** * Summary:
  75:.\Generated_Source\PSoC5/ISR_Write.c **** *  Set up the interrupt and enable it.
  76:.\Generated_Source\PSoC5/ISR_Write.c **** *
  77:.\Generated_Source\PSoC5/ISR_Write.c **** * Parameters:  
  78:.\Generated_Source\PSoC5/ISR_Write.c **** *   address: Address of the ISR to set in the interrupt vector table.
  79:.\Generated_Source\PSoC5/ISR_Write.c **** *
  80:.\Generated_Source\PSoC5/ISR_Write.c **** *
  81:.\Generated_Source\PSoC5/ISR_Write.c **** * Return:
  82:.\Generated_Source\PSoC5/ISR_Write.c **** *   void.
  83:.\Generated_Source\PSoC5/ISR_Write.c **** *
  84:.\Generated_Source\PSoC5/ISR_Write.c **** *******************************************************************************/
  85:.\Generated_Source\PSoC5/ISR_Write.c **** void ISR_Write_StartEx(cyisraddress address)
  86:.\Generated_Source\PSoC5/ISR_Write.c **** {
  68              		.loc 1 86 0
  69              		.cfi_startproc
  70              		@ args = 0, pretend = 0, frame = 8
  71              		@ frame_needed = 1, uses_anonymous_args = 0
  72 0000 80B5     		push	{r7, lr}
  73              	.LCFI2:
  74              		.cfi_def_cfa_offset 8
  75 0002 82B0     		sub	sp, sp, #8
  76              	.LCFI3:
  77              		.cfi_def_cfa_offset 16
  78 0004 00AF     		add	r7, sp, #0
  79              		.cfi_offset 14, -4
  80              		.cfi_offset 7, -8
  81              	.LCFI4:
ARM GAS  C:\Users\vlantaca\AppData\Local\Temp\cc7P0IHk.s 			page 4


  82              		.cfi_def_cfa_register 7
  83 0006 7860     		str	r0, [r7, #4]
  87:.\Generated_Source\PSoC5/ISR_Write.c ****     /* For all we know the interrupt is active. */
  88:.\Generated_Source\PSoC5/ISR_Write.c ****     ISR_Write_Disable();
  84              		.loc 1 88 0
  85 0008 FFF7FEFF 		bl	ISR_Write_Disable
  89:.\Generated_Source\PSoC5/ISR_Write.c **** 
  90:.\Generated_Source\PSoC5/ISR_Write.c ****     /* Set the ISR to point to the ISR_Write Interrupt. */
  91:.\Generated_Source\PSoC5/ISR_Write.c ****     ISR_Write_SetVector(address);
  86              		.loc 1 91 0
  87 000c 7868     		ldr	r0, [r7, #4]
  88 000e FFF7FEFF 		bl	ISR_Write_SetVector
  92:.\Generated_Source\PSoC5/ISR_Write.c **** 
  93:.\Generated_Source\PSoC5/ISR_Write.c ****     /* Set the priority. */
  94:.\Generated_Source\PSoC5/ISR_Write.c ****     ISR_Write_SetPriority(ISR_Write_INTC_PRIOR_NUMBER);
  89              		.loc 1 94 0
  90 0012 4FF00700 		mov	r0, #7
  91 0016 FFF7FEFF 		bl	ISR_Write_SetPriority
  95:.\Generated_Source\PSoC5/ISR_Write.c **** 
  96:.\Generated_Source\PSoC5/ISR_Write.c ****     /* Enable it. */
  97:.\Generated_Source\PSoC5/ISR_Write.c ****     ISR_Write_Enable();
  92              		.loc 1 97 0
  93 001a FFF7FEFF 		bl	ISR_Write_Enable
  98:.\Generated_Source\PSoC5/ISR_Write.c **** }
  94              		.loc 1 98 0
  95 001e 07F10807 		add	r7, r7, #8
  96 0022 BD46     		mov	sp, r7
  97 0024 80BD     		pop	{r7, pc}
  98              		.cfi_endproc
  99              	.LFE1:
 100              		.size	ISR_Write_StartEx, .-ISR_Write_StartEx
 101 0026 00BF     		.section	.text.ISR_Write_Stop,"ax",%progbits
 102              		.align	2
 103              		.global	ISR_Write_Stop
 104              		.thumb
 105              		.thumb_func
 106              		.type	ISR_Write_Stop, %function
 107              	ISR_Write_Stop:
 108              	.LFB2:
  99:.\Generated_Source\PSoC5/ISR_Write.c **** 
 100:.\Generated_Source\PSoC5/ISR_Write.c **** /*******************************************************************************
 101:.\Generated_Source\PSoC5/ISR_Write.c **** * Function Name: ISR_Write_Stop
 102:.\Generated_Source\PSoC5/ISR_Write.c **** ********************************************************************************
 103:.\Generated_Source\PSoC5/ISR_Write.c **** * Summary:
 104:.\Generated_Source\PSoC5/ISR_Write.c **** *   Disables and removes the interrupt.
 105:.\Generated_Source\PSoC5/ISR_Write.c **** *
 106:.\Generated_Source\PSoC5/ISR_Write.c **** * Parameters:  
 107:.\Generated_Source\PSoC5/ISR_Write.c **** *
 108:.\Generated_Source\PSoC5/ISR_Write.c **** *
 109:.\Generated_Source\PSoC5/ISR_Write.c **** * Return:
 110:.\Generated_Source\PSoC5/ISR_Write.c **** *   void.
 111:.\Generated_Source\PSoC5/ISR_Write.c **** *
 112:.\Generated_Source\PSoC5/ISR_Write.c **** *******************************************************************************/
 113:.\Generated_Source\PSoC5/ISR_Write.c **** void ISR_Write_Stop(void) 
 114:.\Generated_Source\PSoC5/ISR_Write.c **** {
 109              		.loc 1 114 0
 110              		.cfi_startproc
ARM GAS  C:\Users\vlantaca\AppData\Local\Temp\cc7P0IHk.s 			page 5


 111              		@ args = 0, pretend = 0, frame = 0
 112              		@ frame_needed = 1, uses_anonymous_args = 0
 113 0000 80B5     		push	{r7, lr}
 114              	.LCFI5:
 115              		.cfi_def_cfa_offset 8
 116 0002 00AF     		add	r7, sp, #0
 117              		.cfi_offset 14, -4
 118              		.cfi_offset 7, -8
 119              	.LCFI6:
 120              		.cfi_def_cfa_register 7
 115:.\Generated_Source\PSoC5/ISR_Write.c ****     /* Disable this interrupt. */
 116:.\Generated_Source\PSoC5/ISR_Write.c ****     ISR_Write_Disable();
 121              		.loc 1 116 0
 122 0004 FFF7FEFF 		bl	ISR_Write_Disable
 117:.\Generated_Source\PSoC5/ISR_Write.c **** 
 118:.\Generated_Source\PSoC5/ISR_Write.c ****     /* Set the ISR to point to the passive one. */
 119:.\Generated_Source\PSoC5/ISR_Write.c ****     ISR_Write_SetVector(IntDefaultHandler);
 123              		.loc 1 119 0
 124 0008 40F20000 		movw	r0, #:lower16:IntDefaultHandler
 125 000c C0F20000 		movt	r0, #:upper16:IntDefaultHandler
 126 0010 FFF7FEFF 		bl	ISR_Write_SetVector
 120:.\Generated_Source\PSoC5/ISR_Write.c **** }
 127              		.loc 1 120 0
 128 0014 80BD     		pop	{r7, pc}
 129              		.cfi_endproc
 130              	.LFE2:
 131              		.size	ISR_Write_Stop, .-ISR_Write_Stop
 132 0016 00BF     		.section	.text.ISR_Write_Interrupt,"ax",%progbits
 133              		.align	2
 134              		.global	ISR_Write_Interrupt
 135              		.thumb
 136              		.thumb_func
 137              		.type	ISR_Write_Interrupt, %function
 138              	ISR_Write_Interrupt:
 139              	.LFB3:
 121:.\Generated_Source\PSoC5/ISR_Write.c **** 
 122:.\Generated_Source\PSoC5/ISR_Write.c **** /*******************************************************************************
 123:.\Generated_Source\PSoC5/ISR_Write.c **** * Function Name: ISR_Write_Interrupt
 124:.\Generated_Source\PSoC5/ISR_Write.c **** ********************************************************************************
 125:.\Generated_Source\PSoC5/ISR_Write.c **** * Summary:
 126:.\Generated_Source\PSoC5/ISR_Write.c **** *   The default Interrupt Service Routine for ISR_Write.
 127:.\Generated_Source\PSoC5/ISR_Write.c **** *
 128:.\Generated_Source\PSoC5/ISR_Write.c **** *   Add custom code between the coments to keep the next version of this file
 129:.\Generated_Source\PSoC5/ISR_Write.c **** *   from over writting your code.
 130:.\Generated_Source\PSoC5/ISR_Write.c **** *
 131:.\Generated_Source\PSoC5/ISR_Write.c **** *
 132:.\Generated_Source\PSoC5/ISR_Write.c **** *
 133:.\Generated_Source\PSoC5/ISR_Write.c **** * Parameters:  
 134:.\Generated_Source\PSoC5/ISR_Write.c **** *
 135:.\Generated_Source\PSoC5/ISR_Write.c **** *
 136:.\Generated_Source\PSoC5/ISR_Write.c **** * Return:
 137:.\Generated_Source\PSoC5/ISR_Write.c **** *   void.
 138:.\Generated_Source\PSoC5/ISR_Write.c **** *
 139:.\Generated_Source\PSoC5/ISR_Write.c **** *******************************************************************************/
 140:.\Generated_Source\PSoC5/ISR_Write.c **** CY_ISR(ISR_Write_Interrupt)
 141:.\Generated_Source\PSoC5/ISR_Write.c **** {
 140              		.loc 1 141 0
ARM GAS  C:\Users\vlantaca\AppData\Local\Temp\cc7P0IHk.s 			page 6


 141              		.cfi_startproc
 142              		@ args = 0, pretend = 0, frame = 0
 143              		@ frame_needed = 1, uses_anonymous_args = 0
 144              		@ link register save eliminated.
 145 0000 80B4     		push	{r7}
 146              	.LCFI7:
 147              		.cfi_def_cfa_offset 4
 148 0002 00AF     		add	r7, sp, #0
 149              		.cfi_offset 7, -4
 150              	.LCFI8:
 151              		.cfi_def_cfa_register 7
 142:.\Generated_Source\PSoC5/ISR_Write.c ****     /*  Place your Interrupt code here. */
 143:.\Generated_Source\PSoC5/ISR_Write.c ****     /* `#START ISR_Write_Interrupt` */
 144:.\Generated_Source\PSoC5/ISR_Write.c **** 
 145:.\Generated_Source\PSoC5/ISR_Write.c ****     /* `#END` */
 146:.\Generated_Source\PSoC5/ISR_Write.c **** }
 152              		.loc 1 146 0
 153 0004 BD46     		mov	sp, r7
 154 0006 80BC     		pop	{r7}
 155 0008 7047     		bx	lr
 156              		.cfi_endproc
 157              	.LFE3:
 158              		.size	ISR_Write_Interrupt, .-ISR_Write_Interrupt
 159 000a 00BF     		.section	.text.ISR_Write_SetVector,"ax",%progbits
 160              		.align	2
 161              		.global	ISR_Write_SetVector
 162              		.thumb
 163              		.thumb_func
 164              		.type	ISR_Write_SetVector, %function
 165              	ISR_Write_SetVector:
 166              	.LFB4:
 147:.\Generated_Source\PSoC5/ISR_Write.c **** 
 148:.\Generated_Source\PSoC5/ISR_Write.c **** /*******************************************************************************
 149:.\Generated_Source\PSoC5/ISR_Write.c **** * Function Name: ISR_Write_SetVector
 150:.\Generated_Source\PSoC5/ISR_Write.c **** ********************************************************************************
 151:.\Generated_Source\PSoC5/ISR_Write.c **** * Summary:
 152:.\Generated_Source\PSoC5/ISR_Write.c **** *   Change the ISR vector for the Interrupt. Note calling ISR_Write_Start
 153:.\Generated_Source\PSoC5/ISR_Write.c **** *   will override any effect this method would have had. To set the vector before
 154:.\Generated_Source\PSoC5/ISR_Write.c **** *   the component has been started use ISR_Write_StartEx instead.
 155:.\Generated_Source\PSoC5/ISR_Write.c **** *
 156:.\Generated_Source\PSoC5/ISR_Write.c **** *
 157:.\Generated_Source\PSoC5/ISR_Write.c **** * Parameters:
 158:.\Generated_Source\PSoC5/ISR_Write.c **** *   address: Address of the ISR to set in the interrupt vector table.
 159:.\Generated_Source\PSoC5/ISR_Write.c **** *
 160:.\Generated_Source\PSoC5/ISR_Write.c **** *
 161:.\Generated_Source\PSoC5/ISR_Write.c **** * Return:
 162:.\Generated_Source\PSoC5/ISR_Write.c **** *   void.
 163:.\Generated_Source\PSoC5/ISR_Write.c **** *
 164:.\Generated_Source\PSoC5/ISR_Write.c **** *
 165:.\Generated_Source\PSoC5/ISR_Write.c **** *******************************************************************************/
 166:.\Generated_Source\PSoC5/ISR_Write.c **** void ISR_Write_SetVector(cyisraddress address) 
 167:.\Generated_Source\PSoC5/ISR_Write.c **** {
 167              		.loc 1 167 0
 168              		.cfi_startproc
 169              		@ args = 0, pretend = 0, frame = 16
 170              		@ frame_needed = 1, uses_anonymous_args = 0
 171              		@ link register save eliminated.
ARM GAS  C:\Users\vlantaca\AppData\Local\Temp\cc7P0IHk.s 			page 7


 172 0000 80B4     		push	{r7}
 173              	.LCFI9:
 174              		.cfi_def_cfa_offset 4
 175 0002 85B0     		sub	sp, sp, #20
 176              	.LCFI10:
 177              		.cfi_def_cfa_offset 24
 178 0004 00AF     		add	r7, sp, #0
 179              		.cfi_offset 7, -4
 180              	.LCFI11:
 181              		.cfi_def_cfa_register 7
 182 0006 7860     		str	r0, [r7, #4]
 168:.\Generated_Source\PSoC5/ISR_Write.c ****     cyisraddress * ramVectorTable;
 169:.\Generated_Source\PSoC5/ISR_Write.c **** 
 170:.\Generated_Source\PSoC5/ISR_Write.c ****     ramVectorTable = (cyisraddress *) *CYINT_VECT_TABLE;
 183              		.loc 1 170 0
 184 0008 4EF60853 		movw	r3, #:lower16:-536810232
 185 000c CEF20003 		movt	r3, #:upper16:-536810232
 186 0010 1B68     		ldr	r3, [r3, #0]
 187 0012 FB60     		str	r3, [r7, #12]
 171:.\Generated_Source\PSoC5/ISR_Write.c **** 
 172:.\Generated_Source\PSoC5/ISR_Write.c ****     ramVectorTable[CYINT_IRQ_BASE + ISR_Write__INTC_NUMBER] = address;
 188              		.loc 1 172 0
 189 0014 FB68     		ldr	r3, [r7, #12]
 190 0016 03F14403 		add	r3, r3, #68
 191 001a 7A68     		ldr	r2, [r7, #4]
 192 001c 1A60     		str	r2, [r3, #0]
 173:.\Generated_Source\PSoC5/ISR_Write.c **** }
 193              		.loc 1 173 0
 194 001e 07F11407 		add	r7, r7, #20
 195 0022 BD46     		mov	sp, r7
 196 0024 80BC     		pop	{r7}
 197 0026 7047     		bx	lr
 198              		.cfi_endproc
 199              	.LFE4:
 200              		.size	ISR_Write_SetVector, .-ISR_Write_SetVector
 201              		.section	.text.ISR_Write_GetVector,"ax",%progbits
 202              		.align	2
 203              		.global	ISR_Write_GetVector
 204              		.thumb
 205              		.thumb_func
 206              		.type	ISR_Write_GetVector, %function
 207              	ISR_Write_GetVector:
 208              	.LFB5:
 174:.\Generated_Source\PSoC5/ISR_Write.c **** 
 175:.\Generated_Source\PSoC5/ISR_Write.c **** /*******************************************************************************
 176:.\Generated_Source\PSoC5/ISR_Write.c **** * Function Name: ISR_Write_GetVector
 177:.\Generated_Source\PSoC5/ISR_Write.c **** ********************************************************************************
 178:.\Generated_Source\PSoC5/ISR_Write.c **** * Summary:
 179:.\Generated_Source\PSoC5/ISR_Write.c **** *   Gets the "address" of the current ISR vector for the Interrupt.
 180:.\Generated_Source\PSoC5/ISR_Write.c **** *
 181:.\Generated_Source\PSoC5/ISR_Write.c **** *
 182:.\Generated_Source\PSoC5/ISR_Write.c **** * Parameters:
 183:.\Generated_Source\PSoC5/ISR_Write.c **** *   void.
 184:.\Generated_Source\PSoC5/ISR_Write.c **** *
 185:.\Generated_Source\PSoC5/ISR_Write.c **** *
 186:.\Generated_Source\PSoC5/ISR_Write.c **** * Return:
 187:.\Generated_Source\PSoC5/ISR_Write.c **** *   Address of the ISR in the interrupt vector table.
ARM GAS  C:\Users\vlantaca\AppData\Local\Temp\cc7P0IHk.s 			page 8


 188:.\Generated_Source\PSoC5/ISR_Write.c **** *
 189:.\Generated_Source\PSoC5/ISR_Write.c **** *
 190:.\Generated_Source\PSoC5/ISR_Write.c **** *******************************************************************************/
 191:.\Generated_Source\PSoC5/ISR_Write.c **** cyisraddress ISR_Write_GetVector(void) 
 192:.\Generated_Source\PSoC5/ISR_Write.c **** {
 209              		.loc 1 192 0
 210              		.cfi_startproc
 211              		@ args = 0, pretend = 0, frame = 8
 212              		@ frame_needed = 1, uses_anonymous_args = 0
 213              		@ link register save eliminated.
 214 0000 80B4     		push	{r7}
 215              	.LCFI12:
 216              		.cfi_def_cfa_offset 4
 217 0002 83B0     		sub	sp, sp, #12
 218              	.LCFI13:
 219              		.cfi_def_cfa_offset 16
 220 0004 00AF     		add	r7, sp, #0
 221              		.cfi_offset 7, -4
 222              	.LCFI14:
 223              		.cfi_def_cfa_register 7
 193:.\Generated_Source\PSoC5/ISR_Write.c ****     cyisraddress * ramVectorTable;
 194:.\Generated_Source\PSoC5/ISR_Write.c **** 
 195:.\Generated_Source\PSoC5/ISR_Write.c ****     ramVectorTable = (cyisraddress *) *CYINT_VECT_TABLE;
 224              		.loc 1 195 0
 225 0006 4EF60853 		movw	r3, #:lower16:-536810232
 226 000a CEF20003 		movt	r3, #:upper16:-536810232
 227 000e 1B68     		ldr	r3, [r3, #0]
 228 0010 7B60     		str	r3, [r7, #4]
 196:.\Generated_Source\PSoC5/ISR_Write.c **** 
 197:.\Generated_Source\PSoC5/ISR_Write.c ****     return ramVectorTable[CYINT_IRQ_BASE + ISR_Write__INTC_NUMBER];
 229              		.loc 1 197 0
 230 0012 7B68     		ldr	r3, [r7, #4]
 231 0014 03F14403 		add	r3, r3, #68
 232 0018 1B68     		ldr	r3, [r3, #0]
 198:.\Generated_Source\PSoC5/ISR_Write.c **** }
 233              		.loc 1 198 0
 234 001a 1846     		mov	r0, r3
 235 001c 07F10C07 		add	r7, r7, #12
 236 0020 BD46     		mov	sp, r7
 237 0022 80BC     		pop	{r7}
 238 0024 7047     		bx	lr
 239              		.cfi_endproc
 240              	.LFE5:
 241              		.size	ISR_Write_GetVector, .-ISR_Write_GetVector
 242 0026 00BF     		.section	.text.ISR_Write_SetPriority,"ax",%progbits
 243              		.align	2
 244              		.global	ISR_Write_SetPriority
 245              		.thumb
 246              		.thumb_func
 247              		.type	ISR_Write_SetPriority, %function
 248              	ISR_Write_SetPriority:
 249              	.LFB6:
 199:.\Generated_Source\PSoC5/ISR_Write.c **** 
 200:.\Generated_Source\PSoC5/ISR_Write.c **** /*******************************************************************************
 201:.\Generated_Source\PSoC5/ISR_Write.c **** * Function Name: ISR_Write_SetPriority
 202:.\Generated_Source\PSoC5/ISR_Write.c **** ********************************************************************************
 203:.\Generated_Source\PSoC5/ISR_Write.c **** * Summary:
ARM GAS  C:\Users\vlantaca\AppData\Local\Temp\cc7P0IHk.s 			page 9


 204:.\Generated_Source\PSoC5/ISR_Write.c **** *   Sets the Priority of the Interrupt. Note calling ISR_Write_Start
 205:.\Generated_Source\PSoC5/ISR_Write.c **** *   or ISR_Write_StartEx will override any effect this method would have had. 
 206:.\Generated_Source\PSoC5/ISR_Write.c **** *	This method should only be called after ISR_Write_Start or 
 207:.\Generated_Source\PSoC5/ISR_Write.c **** *	ISR_Write_StartEx has been called. To set the initial
 208:.\Generated_Source\PSoC5/ISR_Write.c **** *	priority for the component use the cydwr file in the tool.
 209:.\Generated_Source\PSoC5/ISR_Write.c **** *
 210:.\Generated_Source\PSoC5/ISR_Write.c **** *
 211:.\Generated_Source\PSoC5/ISR_Write.c **** * Parameters:
 212:.\Generated_Source\PSoC5/ISR_Write.c **** *   priority: Priority of the interrupt. 0 - 7, 0 being the highest.
 213:.\Generated_Source\PSoC5/ISR_Write.c **** *
 214:.\Generated_Source\PSoC5/ISR_Write.c **** *
 215:.\Generated_Source\PSoC5/ISR_Write.c **** * Return:
 216:.\Generated_Source\PSoC5/ISR_Write.c **** *   void.
 217:.\Generated_Source\PSoC5/ISR_Write.c **** *
 218:.\Generated_Source\PSoC5/ISR_Write.c **** *
 219:.\Generated_Source\PSoC5/ISR_Write.c **** *******************************************************************************/
 220:.\Generated_Source\PSoC5/ISR_Write.c **** void ISR_Write_SetPriority(uint8 priority) 
 221:.\Generated_Source\PSoC5/ISR_Write.c **** {
 250              		.loc 1 221 0
 251              		.cfi_startproc
 252              		@ args = 0, pretend = 0, frame = 8
 253              		@ frame_needed = 1, uses_anonymous_args = 0
 254              		@ link register save eliminated.
 255 0000 80B4     		push	{r7}
 256              	.LCFI15:
 257              		.cfi_def_cfa_offset 4
 258 0002 83B0     		sub	sp, sp, #12
 259              	.LCFI16:
 260              		.cfi_def_cfa_offset 16
 261 0004 00AF     		add	r7, sp, #0
 262              		.cfi_offset 7, -4
 263              	.LCFI17:
 264              		.cfi_def_cfa_register 7
 265 0006 0346     		mov	r3, r0
 266 0008 FB71     		strb	r3, [r7, #7]
 222:.\Generated_Source\PSoC5/ISR_Write.c ****     *ISR_Write_INTC_PRIOR = priority << 5;
 267              		.loc 1 222 0
 268 000a 4EF20143 		movw	r3, #:lower16:-536812543
 269 000e CEF20003 		movt	r3, #:upper16:-536812543
 270 0012 FA79     		ldrb	r2, [r7, #7]
 271 0014 4FEA4212 		lsl	r2, r2, #5
 272 0018 D2B2     		uxtb	r2, r2
 273 001a 1A70     		strb	r2, [r3, #0]
 223:.\Generated_Source\PSoC5/ISR_Write.c **** }
 274              		.loc 1 223 0
 275 001c 07F10C07 		add	r7, r7, #12
 276 0020 BD46     		mov	sp, r7
 277 0022 80BC     		pop	{r7}
 278 0024 7047     		bx	lr
 279              		.cfi_endproc
 280              	.LFE6:
 281              		.size	ISR_Write_SetPriority, .-ISR_Write_SetPriority
 282 0026 00BF     		.section	.text.ISR_Write_GetPriority,"ax",%progbits
 283              		.align	2
 284              		.global	ISR_Write_GetPriority
 285              		.thumb
 286              		.thumb_func
ARM GAS  C:\Users\vlantaca\AppData\Local\Temp\cc7P0IHk.s 			page 10


 287              		.type	ISR_Write_GetPriority, %function
 288              	ISR_Write_GetPriority:
 289              	.LFB7:
 224:.\Generated_Source\PSoC5/ISR_Write.c **** 
 225:.\Generated_Source\PSoC5/ISR_Write.c **** /*******************************************************************************
 226:.\Generated_Source\PSoC5/ISR_Write.c **** * Function Name: ISR_Write_GetPriority
 227:.\Generated_Source\PSoC5/ISR_Write.c **** ********************************************************************************
 228:.\Generated_Source\PSoC5/ISR_Write.c **** * Summary:
 229:.\Generated_Source\PSoC5/ISR_Write.c **** *   Gets the Priority of the Interrupt.
 230:.\Generated_Source\PSoC5/ISR_Write.c **** *
 231:.\Generated_Source\PSoC5/ISR_Write.c **** *
 232:.\Generated_Source\PSoC5/ISR_Write.c **** * Parameters:
 233:.\Generated_Source\PSoC5/ISR_Write.c **** *   void.
 234:.\Generated_Source\PSoC5/ISR_Write.c **** *
 235:.\Generated_Source\PSoC5/ISR_Write.c **** *
 236:.\Generated_Source\PSoC5/ISR_Write.c **** * Return:
 237:.\Generated_Source\PSoC5/ISR_Write.c **** *   Priority of the interrupt. 0 - 7, 0 being the highest.
 238:.\Generated_Source\PSoC5/ISR_Write.c **** *
 239:.\Generated_Source\PSoC5/ISR_Write.c **** *
 240:.\Generated_Source\PSoC5/ISR_Write.c **** *******************************************************************************/
 241:.\Generated_Source\PSoC5/ISR_Write.c **** uint8 ISR_Write_GetPriority(void) 
 242:.\Generated_Source\PSoC5/ISR_Write.c **** {
 290              		.loc 1 242 0
 291              		.cfi_startproc
 292              		@ args = 0, pretend = 0, frame = 8
 293              		@ frame_needed = 1, uses_anonymous_args = 0
 294              		@ link register save eliminated.
 295 0000 80B4     		push	{r7}
 296              	.LCFI18:
 297              		.cfi_def_cfa_offset 4
 298 0002 83B0     		sub	sp, sp, #12
 299              	.LCFI19:
 300              		.cfi_def_cfa_offset 16
 301 0004 00AF     		add	r7, sp, #0
 302              		.cfi_offset 7, -4
 303              	.LCFI20:
 304              		.cfi_def_cfa_register 7
 243:.\Generated_Source\PSoC5/ISR_Write.c ****     uint8 priority;
 244:.\Generated_Source\PSoC5/ISR_Write.c **** 
 245:.\Generated_Source\PSoC5/ISR_Write.c **** 
 246:.\Generated_Source\PSoC5/ISR_Write.c ****     priority = *ISR_Write_INTC_PRIOR >> 5;
 305              		.loc 1 246 0
 306 0006 4EF20143 		movw	r3, #:lower16:-536812543
 307 000a CEF20003 		movt	r3, #:upper16:-536812543
 308 000e 1B78     		ldrb	r3, [r3, #0]
 309 0010 DBB2     		uxtb	r3, r3
 310 0012 4FEA5313 		lsr	r3, r3, #5
 311 0016 FB71     		strb	r3, [r7, #7]
 247:.\Generated_Source\PSoC5/ISR_Write.c **** 
 248:.\Generated_Source\PSoC5/ISR_Write.c ****     return priority;
 312              		.loc 1 248 0
 313 0018 FB79     		ldrb	r3, [r7, #7]	@ zero_extendqisi2
 249:.\Generated_Source\PSoC5/ISR_Write.c **** }
 314              		.loc 1 249 0
 315 001a 1846     		mov	r0, r3
 316 001c 07F10C07 		add	r7, r7, #12
 317 0020 BD46     		mov	sp, r7
ARM GAS  C:\Users\vlantaca\AppData\Local\Temp\cc7P0IHk.s 			page 11


 318 0022 80BC     		pop	{r7}
 319 0024 7047     		bx	lr
 320              		.cfi_endproc
 321              	.LFE7:
 322              		.size	ISR_Write_GetPriority, .-ISR_Write_GetPriority
 323 0026 00BF     		.section	.text.ISR_Write_Enable,"ax",%progbits
 324              		.align	2
 325              		.global	ISR_Write_Enable
 326              		.thumb
 327              		.thumb_func
 328              		.type	ISR_Write_Enable, %function
 329              	ISR_Write_Enable:
 330              	.LFB8:
 250:.\Generated_Source\PSoC5/ISR_Write.c **** 
 251:.\Generated_Source\PSoC5/ISR_Write.c **** /*******************************************************************************
 252:.\Generated_Source\PSoC5/ISR_Write.c **** * Function Name: ISR_Write_Enable
 253:.\Generated_Source\PSoC5/ISR_Write.c **** ********************************************************************************
 254:.\Generated_Source\PSoC5/ISR_Write.c **** * Summary:
 255:.\Generated_Source\PSoC5/ISR_Write.c **** *   Enables the interrupt.
 256:.\Generated_Source\PSoC5/ISR_Write.c **** *
 257:.\Generated_Source\PSoC5/ISR_Write.c **** *
 258:.\Generated_Source\PSoC5/ISR_Write.c **** * Parameters:
 259:.\Generated_Source\PSoC5/ISR_Write.c **** *   void.
 260:.\Generated_Source\PSoC5/ISR_Write.c **** *
 261:.\Generated_Source\PSoC5/ISR_Write.c **** *
 262:.\Generated_Source\PSoC5/ISR_Write.c **** * Return:
 263:.\Generated_Source\PSoC5/ISR_Write.c **** *   void.
 264:.\Generated_Source\PSoC5/ISR_Write.c **** *
 265:.\Generated_Source\PSoC5/ISR_Write.c **** *
 266:.\Generated_Source\PSoC5/ISR_Write.c **** *******************************************************************************/
 267:.\Generated_Source\PSoC5/ISR_Write.c **** void ISR_Write_Enable(void) 
 268:.\Generated_Source\PSoC5/ISR_Write.c **** {
 331              		.loc 1 268 0
 332              		.cfi_startproc
 333              		@ args = 0, pretend = 0, frame = 0
 334              		@ frame_needed = 1, uses_anonymous_args = 0
 335              		@ link register save eliminated.
 336 0000 80B4     		push	{r7}
 337              	.LCFI21:
 338              		.cfi_def_cfa_offset 4
 339 0002 00AF     		add	r7, sp, #0
 340              		.cfi_offset 7, -4
 341              	.LCFI22:
 342              		.cfi_def_cfa_register 7
 269:.\Generated_Source\PSoC5/ISR_Write.c ****     /* Enable the general interrupt. */
 270:.\Generated_Source\PSoC5/ISR_Write.c ****     *ISR_Write_INTC_SET_EN = ISR_Write__INTC_MASK;
 343              		.loc 1 270 0
 344 0004 4EF20013 		movw	r3, #:lower16:-536813312
 345 0008 CEF20003 		movt	r3, #:upper16:-536813312
 346 000c 4FF00202 		mov	r2, #2
 347 0010 1A60     		str	r2, [r3, #0]
 271:.\Generated_Source\PSoC5/ISR_Write.c **** }
 348              		.loc 1 271 0
 349 0012 BD46     		mov	sp, r7
 350 0014 80BC     		pop	{r7}
 351 0016 7047     		bx	lr
 352              		.cfi_endproc
ARM GAS  C:\Users\vlantaca\AppData\Local\Temp\cc7P0IHk.s 			page 12


 353              	.LFE8:
 354              		.size	ISR_Write_Enable, .-ISR_Write_Enable
 355              		.section	.text.ISR_Write_GetState,"ax",%progbits
 356              		.align	2
 357              		.global	ISR_Write_GetState
 358              		.thumb
 359              		.thumb_func
 360              		.type	ISR_Write_GetState, %function
 361              	ISR_Write_GetState:
 362              	.LFB9:
 272:.\Generated_Source\PSoC5/ISR_Write.c **** 
 273:.\Generated_Source\PSoC5/ISR_Write.c **** /*******************************************************************************
 274:.\Generated_Source\PSoC5/ISR_Write.c **** * Function Name: ISR_Write_GetState
 275:.\Generated_Source\PSoC5/ISR_Write.c **** ********************************************************************************
 276:.\Generated_Source\PSoC5/ISR_Write.c **** * Summary:
 277:.\Generated_Source\PSoC5/ISR_Write.c **** *   Gets the state (enabled, disabled) of the Interrupt.
 278:.\Generated_Source\PSoC5/ISR_Write.c **** *
 279:.\Generated_Source\PSoC5/ISR_Write.c **** *
 280:.\Generated_Source\PSoC5/ISR_Write.c **** * Parameters:
 281:.\Generated_Source\PSoC5/ISR_Write.c **** *   void.
 282:.\Generated_Source\PSoC5/ISR_Write.c **** *
 283:.\Generated_Source\PSoC5/ISR_Write.c **** *
 284:.\Generated_Source\PSoC5/ISR_Write.c **** * Return:
 285:.\Generated_Source\PSoC5/ISR_Write.c **** *   1 if enabled, 0 if disabled.
 286:.\Generated_Source\PSoC5/ISR_Write.c **** *
 287:.\Generated_Source\PSoC5/ISR_Write.c **** *
 288:.\Generated_Source\PSoC5/ISR_Write.c **** *******************************************************************************/
 289:.\Generated_Source\PSoC5/ISR_Write.c **** uint8 ISR_Write_GetState(void) 
 290:.\Generated_Source\PSoC5/ISR_Write.c **** {
 363              		.loc 1 290 0
 364              		.cfi_startproc
 365              		@ args = 0, pretend = 0, frame = 0
 366              		@ frame_needed = 1, uses_anonymous_args = 0
 367              		@ link register save eliminated.
 368 0000 80B4     		push	{r7}
 369              	.LCFI23:
 370              		.cfi_def_cfa_offset 4
 371 0002 00AF     		add	r7, sp, #0
 372              		.cfi_offset 7, -4
 373              	.LCFI24:
 374              		.cfi_def_cfa_register 7
 291:.\Generated_Source\PSoC5/ISR_Write.c ****     /* Get the state of the general interrupt. */
 292:.\Generated_Source\PSoC5/ISR_Write.c ****     return (*ISR_Write_INTC_SET_EN & ISR_Write__INTC_MASK) ? 1:0;
 375              		.loc 1 292 0
 376 0004 4EF20013 		movw	r3, #:lower16:-536813312
 377 0008 CEF20003 		movt	r3, #:upper16:-536813312
 378 000c 1B68     		ldr	r3, [r3, #0]
 379 000e 03F00203 		and	r3, r3, #2
 380 0012 002B     		cmp	r3, #0
 381 0014 0CBF     		ite	eq
 382 0016 0023     		moveq	r3, #0
 383 0018 0123     		movne	r3, #1
 293:.\Generated_Source\PSoC5/ISR_Write.c **** }
 384              		.loc 1 293 0
 385 001a 1846     		mov	r0, r3
 386 001c BD46     		mov	sp, r7
 387 001e 80BC     		pop	{r7}
ARM GAS  C:\Users\vlantaca\AppData\Local\Temp\cc7P0IHk.s 			page 13


 388 0020 7047     		bx	lr
 389              		.cfi_endproc
 390              	.LFE9:
 391              		.size	ISR_Write_GetState, .-ISR_Write_GetState
 392 0022 00BF     		.section	.text.ISR_Write_Disable,"ax",%progbits
 393              		.align	2
 394              		.global	ISR_Write_Disable
 395              		.thumb
 396              		.thumb_func
 397              		.type	ISR_Write_Disable, %function
 398              	ISR_Write_Disable:
 399              	.LFB10:
 294:.\Generated_Source\PSoC5/ISR_Write.c **** 
 295:.\Generated_Source\PSoC5/ISR_Write.c **** /*******************************************************************************
 296:.\Generated_Source\PSoC5/ISR_Write.c **** * Function Name: ISR_Write_Disable
 297:.\Generated_Source\PSoC5/ISR_Write.c **** ********************************************************************************
 298:.\Generated_Source\PSoC5/ISR_Write.c **** * Summary:
 299:.\Generated_Source\PSoC5/ISR_Write.c **** *   Disables the Interrupt.
 300:.\Generated_Source\PSoC5/ISR_Write.c **** *
 301:.\Generated_Source\PSoC5/ISR_Write.c **** *
 302:.\Generated_Source\PSoC5/ISR_Write.c **** * Parameters:
 303:.\Generated_Source\PSoC5/ISR_Write.c **** *   void.
 304:.\Generated_Source\PSoC5/ISR_Write.c **** *
 305:.\Generated_Source\PSoC5/ISR_Write.c **** *
 306:.\Generated_Source\PSoC5/ISR_Write.c **** * Return:
 307:.\Generated_Source\PSoC5/ISR_Write.c **** *   void.
 308:.\Generated_Source\PSoC5/ISR_Write.c **** *
 309:.\Generated_Source\PSoC5/ISR_Write.c **** *
 310:.\Generated_Source\PSoC5/ISR_Write.c **** *******************************************************************************/
 311:.\Generated_Source\PSoC5/ISR_Write.c **** void ISR_Write_Disable(void) 
 312:.\Generated_Source\PSoC5/ISR_Write.c **** {
 400              		.loc 1 312 0
 401              		.cfi_startproc
 402              		@ args = 0, pretend = 0, frame = 0
 403              		@ frame_needed = 1, uses_anonymous_args = 0
 404              		@ link register save eliminated.
 405 0000 80B4     		push	{r7}
 406              	.LCFI25:
 407              		.cfi_def_cfa_offset 4
 408 0002 00AF     		add	r7, sp, #0
 409              		.cfi_offset 7, -4
 410              	.LCFI26:
 411              		.cfi_def_cfa_register 7
 313:.\Generated_Source\PSoC5/ISR_Write.c ****     /* Disable the general interrupt. */
 314:.\Generated_Source\PSoC5/ISR_Write.c ****     *ISR_Write_INTC_CLR_EN = ISR_Write__INTC_MASK;
 412              		.loc 1 314 0
 413 0004 4EF28013 		movw	r3, #:lower16:-536813184
 414 0008 CEF20003 		movt	r3, #:upper16:-536813184
 415 000c 4FF00202 		mov	r2, #2
 416 0010 1A60     		str	r2, [r3, #0]
 315:.\Generated_Source\PSoC5/ISR_Write.c **** }
 417              		.loc 1 315 0
 418 0012 BD46     		mov	sp, r7
 419 0014 80BC     		pop	{r7}
 420 0016 7047     		bx	lr
 421              		.cfi_endproc
 422              	.LFE10:
ARM GAS  C:\Users\vlantaca\AppData\Local\Temp\cc7P0IHk.s 			page 14


 423              		.size	ISR_Write_Disable, .-ISR_Write_Disable
 424              		.section	.text.ISR_Write_SetPending,"ax",%progbits
 425              		.align	2
 426              		.global	ISR_Write_SetPending
 427              		.thumb
 428              		.thumb_func
 429              		.type	ISR_Write_SetPending, %function
 430              	ISR_Write_SetPending:
 431              	.LFB11:
 316:.\Generated_Source\PSoC5/ISR_Write.c **** 
 317:.\Generated_Source\PSoC5/ISR_Write.c **** /*******************************************************************************
 318:.\Generated_Source\PSoC5/ISR_Write.c **** * Function Name: ISR_Write_SetPending
 319:.\Generated_Source\PSoC5/ISR_Write.c **** ********************************************************************************
 320:.\Generated_Source\PSoC5/ISR_Write.c **** * Summary:
 321:.\Generated_Source\PSoC5/ISR_Write.c **** *   Causes the Interrupt to enter the pending state, a software method of
 322:.\Generated_Source\PSoC5/ISR_Write.c **** *   generating the interrupt.
 323:.\Generated_Source\PSoC5/ISR_Write.c **** *
 324:.\Generated_Source\PSoC5/ISR_Write.c **** *
 325:.\Generated_Source\PSoC5/ISR_Write.c **** * Parameters:
 326:.\Generated_Source\PSoC5/ISR_Write.c **** *   void.
 327:.\Generated_Source\PSoC5/ISR_Write.c **** *
 328:.\Generated_Source\PSoC5/ISR_Write.c **** *
 329:.\Generated_Source\PSoC5/ISR_Write.c **** * Return:
 330:.\Generated_Source\PSoC5/ISR_Write.c **** *   void.
 331:.\Generated_Source\PSoC5/ISR_Write.c **** *
 332:.\Generated_Source\PSoC5/ISR_Write.c **** *
 333:.\Generated_Source\PSoC5/ISR_Write.c **** *******************************************************************************/
 334:.\Generated_Source\PSoC5/ISR_Write.c **** void ISR_Write_SetPending(void) 
 335:.\Generated_Source\PSoC5/ISR_Write.c **** {
 432              		.loc 1 335 0
 433              		.cfi_startproc
 434              		@ args = 0, pretend = 0, frame = 0
 435              		@ frame_needed = 1, uses_anonymous_args = 0
 436              		@ link register save eliminated.
 437 0000 80B4     		push	{r7}
 438              	.LCFI27:
 439              		.cfi_def_cfa_offset 4
 440 0002 00AF     		add	r7, sp, #0
 441              		.cfi_offset 7, -4
 442              	.LCFI28:
 443              		.cfi_def_cfa_register 7
 336:.\Generated_Source\PSoC5/ISR_Write.c ****     *ISR_Write_INTC_SET_PD = ISR_Write__INTC_MASK;
 444              		.loc 1 336 0
 445 0004 4EF20023 		movw	r3, #:lower16:-536813056
 446 0008 CEF20003 		movt	r3, #:upper16:-536813056
 447 000c 4FF00202 		mov	r2, #2
 448 0010 1A60     		str	r2, [r3, #0]
 337:.\Generated_Source\PSoC5/ISR_Write.c **** }
 449              		.loc 1 337 0
 450 0012 BD46     		mov	sp, r7
 451 0014 80BC     		pop	{r7}
 452 0016 7047     		bx	lr
 453              		.cfi_endproc
 454              	.LFE11:
 455              		.size	ISR_Write_SetPending, .-ISR_Write_SetPending
 456              		.section	.text.ISR_Write_ClearPending,"ax",%progbits
 457              		.align	2
ARM GAS  C:\Users\vlantaca\AppData\Local\Temp\cc7P0IHk.s 			page 15


 458              		.global	ISR_Write_ClearPending
 459              		.thumb
 460              		.thumb_func
 461              		.type	ISR_Write_ClearPending, %function
 462              	ISR_Write_ClearPending:
 463              	.LFB12:
 338:.\Generated_Source\PSoC5/ISR_Write.c **** 
 339:.\Generated_Source\PSoC5/ISR_Write.c **** /*******************************************************************************
 340:.\Generated_Source\PSoC5/ISR_Write.c **** * Function Name: ISR_Write_ClearPending
 341:.\Generated_Source\PSoC5/ISR_Write.c **** ********************************************************************************
 342:.\Generated_Source\PSoC5/ISR_Write.c **** * Summary:
 343:.\Generated_Source\PSoC5/ISR_Write.c **** *   Clears a pending interrupt.
 344:.\Generated_Source\PSoC5/ISR_Write.c **** *
 345:.\Generated_Source\PSoC5/ISR_Write.c **** * Parameters:
 346:.\Generated_Source\PSoC5/ISR_Write.c **** *   void.
 347:.\Generated_Source\PSoC5/ISR_Write.c **** *
 348:.\Generated_Source\PSoC5/ISR_Write.c **** *
 349:.\Generated_Source\PSoC5/ISR_Write.c **** * Return:
 350:.\Generated_Source\PSoC5/ISR_Write.c **** *   void.
 351:.\Generated_Source\PSoC5/ISR_Write.c **** *
 352:.\Generated_Source\PSoC5/ISR_Write.c **** *
 353:.\Generated_Source\PSoC5/ISR_Write.c **** *******************************************************************************/
 354:.\Generated_Source\PSoC5/ISR_Write.c **** void ISR_Write_ClearPending(void) 
 355:.\Generated_Source\PSoC5/ISR_Write.c **** {
 464              		.loc 1 355 0
 465              		.cfi_startproc
 466              		@ args = 0, pretend = 0, frame = 0
 467              		@ frame_needed = 1, uses_anonymous_args = 0
 468              		@ link register save eliminated.
 469 0000 80B4     		push	{r7}
 470              	.LCFI29:
 471              		.cfi_def_cfa_offset 4
 472 0002 00AF     		add	r7, sp, #0
 473              		.cfi_offset 7, -4
 474              	.LCFI30:
 475              		.cfi_def_cfa_register 7
 356:.\Generated_Source\PSoC5/ISR_Write.c ****     *ISR_Write_INTC_CLR_PD = ISR_Write__INTC_MASK;
 476              		.loc 1 356 0
 477 0004 4EF28023 		movw	r3, #:lower16:-536812928
 478 0008 CEF20003 		movt	r3, #:upper16:-536812928
 479 000c 4FF00202 		mov	r2, #2
 480 0010 1A60     		str	r2, [r3, #0]
 357:.\Generated_Source\PSoC5/ISR_Write.c **** }
 481              		.loc 1 357 0
 482 0012 BD46     		mov	sp, r7
 483 0014 80BC     		pop	{r7}
 484 0016 7047     		bx	lr
 485              		.cfi_endproc
 486              	.LFE12:
 487              		.size	ISR_Write_ClearPending, .-ISR_Write_ClearPending
 488              		.text
 489              	.Letext0:
 490              		.section	.debug_loc,"",%progbits
 491              	.Ldebug_loc0:
 492              	.LLST0:
 493 0000 00000000 		.4byte	.LFB0
 494 0004 02000000 		.4byte	.LCFI0
ARM GAS  C:\Users\vlantaca\AppData\Local\Temp\cc7P0IHk.s 			page 16


 495 0008 0100     		.2byte	0x1
 496 000a 5D       		.byte	0x5d
 497 000b 02000000 		.4byte	.LCFI0
 498 000f 04000000 		.4byte	.LCFI1
 499 0013 0200     		.2byte	0x2
 500 0015 7D       		.byte	0x7d
 501 0016 08       		.sleb128 8
 502 0017 04000000 		.4byte	.LCFI1
 503 001b 22000000 		.4byte	.LFE0
 504 001f 0200     		.2byte	0x2
 505 0021 77       		.byte	0x77
 506 0022 08       		.sleb128 8
 507 0023 00000000 		.4byte	0x0
 508 0027 00000000 		.4byte	0x0
 509              	.LLST1:
 510 002b 00000000 		.4byte	.LFB1
 511 002f 02000000 		.4byte	.LCFI2
 512 0033 0100     		.2byte	0x1
 513 0035 5D       		.byte	0x5d
 514 0036 02000000 		.4byte	.LCFI2
 515 003a 04000000 		.4byte	.LCFI3
 516 003e 0200     		.2byte	0x2
 517 0040 7D       		.byte	0x7d
 518 0041 08       		.sleb128 8
 519 0042 04000000 		.4byte	.LCFI3
 520 0046 06000000 		.4byte	.LCFI4
 521 004a 0200     		.2byte	0x2
 522 004c 7D       		.byte	0x7d
 523 004d 10       		.sleb128 16
 524 004e 06000000 		.4byte	.LCFI4
 525 0052 26000000 		.4byte	.LFE1
 526 0056 0200     		.2byte	0x2
 527 0058 77       		.byte	0x77
 528 0059 10       		.sleb128 16
 529 005a 00000000 		.4byte	0x0
 530 005e 00000000 		.4byte	0x0
 531              	.LLST2:
 532 0062 00000000 		.4byte	.LFB2
 533 0066 02000000 		.4byte	.LCFI5
 534 006a 0100     		.2byte	0x1
 535 006c 5D       		.byte	0x5d
 536 006d 02000000 		.4byte	.LCFI5
 537 0071 04000000 		.4byte	.LCFI6
 538 0075 0200     		.2byte	0x2
 539 0077 7D       		.byte	0x7d
 540 0078 08       		.sleb128 8
 541 0079 04000000 		.4byte	.LCFI6
 542 007d 16000000 		.4byte	.LFE2
 543 0081 0200     		.2byte	0x2
 544 0083 77       		.byte	0x77
 545 0084 08       		.sleb128 8
 546 0085 00000000 		.4byte	0x0
 547 0089 00000000 		.4byte	0x0
 548              	.LLST3:
 549 008d 00000000 		.4byte	.LFB3
 550 0091 02000000 		.4byte	.LCFI7
 551 0095 0100     		.2byte	0x1
ARM GAS  C:\Users\vlantaca\AppData\Local\Temp\cc7P0IHk.s 			page 17


 552 0097 5D       		.byte	0x5d
 553 0098 02000000 		.4byte	.LCFI7
 554 009c 04000000 		.4byte	.LCFI8
 555 00a0 0200     		.2byte	0x2
 556 00a2 7D       		.byte	0x7d
 557 00a3 04       		.sleb128 4
 558 00a4 04000000 		.4byte	.LCFI8
 559 00a8 0A000000 		.4byte	.LFE3
 560 00ac 0200     		.2byte	0x2
 561 00ae 77       		.byte	0x77
 562 00af 04       		.sleb128 4
 563 00b0 00000000 		.4byte	0x0
 564 00b4 00000000 		.4byte	0x0
 565              	.LLST4:
 566 00b8 00000000 		.4byte	.LFB4
 567 00bc 02000000 		.4byte	.LCFI9
 568 00c0 0100     		.2byte	0x1
 569 00c2 5D       		.byte	0x5d
 570 00c3 02000000 		.4byte	.LCFI9
 571 00c7 04000000 		.4byte	.LCFI10
 572 00cb 0200     		.2byte	0x2
 573 00cd 7D       		.byte	0x7d
 574 00ce 04       		.sleb128 4
 575 00cf 04000000 		.4byte	.LCFI10
 576 00d3 06000000 		.4byte	.LCFI11
 577 00d7 0200     		.2byte	0x2
 578 00d9 7D       		.byte	0x7d
 579 00da 18       		.sleb128 24
 580 00db 06000000 		.4byte	.LCFI11
 581 00df 28000000 		.4byte	.LFE4
 582 00e3 0200     		.2byte	0x2
 583 00e5 77       		.byte	0x77
 584 00e6 18       		.sleb128 24
 585 00e7 00000000 		.4byte	0x0
 586 00eb 00000000 		.4byte	0x0
 587              	.LLST5:
 588 00ef 00000000 		.4byte	.LFB5
 589 00f3 02000000 		.4byte	.LCFI12
 590 00f7 0100     		.2byte	0x1
 591 00f9 5D       		.byte	0x5d
 592 00fa 02000000 		.4byte	.LCFI12
 593 00fe 04000000 		.4byte	.LCFI13
 594 0102 0200     		.2byte	0x2
 595 0104 7D       		.byte	0x7d
 596 0105 04       		.sleb128 4
 597 0106 04000000 		.4byte	.LCFI13
 598 010a 06000000 		.4byte	.LCFI14
 599 010e 0200     		.2byte	0x2
 600 0110 7D       		.byte	0x7d
 601 0111 10       		.sleb128 16
 602 0112 06000000 		.4byte	.LCFI14
 603 0116 26000000 		.4byte	.LFE5
 604 011a 0200     		.2byte	0x2
 605 011c 77       		.byte	0x77
 606 011d 10       		.sleb128 16
 607 011e 00000000 		.4byte	0x0
 608 0122 00000000 		.4byte	0x0
ARM GAS  C:\Users\vlantaca\AppData\Local\Temp\cc7P0IHk.s 			page 18


 609              	.LLST6:
 610 0126 00000000 		.4byte	.LFB6
 611 012a 02000000 		.4byte	.LCFI15
 612 012e 0100     		.2byte	0x1
 613 0130 5D       		.byte	0x5d
 614 0131 02000000 		.4byte	.LCFI15
 615 0135 04000000 		.4byte	.LCFI16
 616 0139 0200     		.2byte	0x2
 617 013b 7D       		.byte	0x7d
 618 013c 04       		.sleb128 4
 619 013d 04000000 		.4byte	.LCFI16
 620 0141 06000000 		.4byte	.LCFI17
 621 0145 0200     		.2byte	0x2
 622 0147 7D       		.byte	0x7d
 623 0148 10       		.sleb128 16
 624 0149 06000000 		.4byte	.LCFI17
 625 014d 26000000 		.4byte	.LFE6
 626 0151 0200     		.2byte	0x2
 627 0153 77       		.byte	0x77
 628 0154 10       		.sleb128 16
 629 0155 00000000 		.4byte	0x0
 630 0159 00000000 		.4byte	0x0
 631              	.LLST7:
 632 015d 00000000 		.4byte	.LFB7
 633 0161 02000000 		.4byte	.LCFI18
 634 0165 0100     		.2byte	0x1
 635 0167 5D       		.byte	0x5d
 636 0168 02000000 		.4byte	.LCFI18
 637 016c 04000000 		.4byte	.LCFI19
 638 0170 0200     		.2byte	0x2
 639 0172 7D       		.byte	0x7d
 640 0173 04       		.sleb128 4
 641 0174 04000000 		.4byte	.LCFI19
 642 0178 06000000 		.4byte	.LCFI20
 643 017c 0200     		.2byte	0x2
 644 017e 7D       		.byte	0x7d
 645 017f 10       		.sleb128 16
 646 0180 06000000 		.4byte	.LCFI20
 647 0184 26000000 		.4byte	.LFE7
 648 0188 0200     		.2byte	0x2
 649 018a 77       		.byte	0x77
 650 018b 10       		.sleb128 16
 651 018c 00000000 		.4byte	0x0
 652 0190 00000000 		.4byte	0x0
 653              	.LLST8:
 654 0194 00000000 		.4byte	.LFB8
 655 0198 02000000 		.4byte	.LCFI21
 656 019c 0100     		.2byte	0x1
 657 019e 5D       		.byte	0x5d
 658 019f 02000000 		.4byte	.LCFI21
 659 01a3 04000000 		.4byte	.LCFI22
 660 01a7 0200     		.2byte	0x2
 661 01a9 7D       		.byte	0x7d
 662 01aa 04       		.sleb128 4
 663 01ab 04000000 		.4byte	.LCFI22
 664 01af 18000000 		.4byte	.LFE8
 665 01b3 0200     		.2byte	0x2
ARM GAS  C:\Users\vlantaca\AppData\Local\Temp\cc7P0IHk.s 			page 19


 666 01b5 77       		.byte	0x77
 667 01b6 04       		.sleb128 4
 668 01b7 00000000 		.4byte	0x0
 669 01bb 00000000 		.4byte	0x0
 670              	.LLST9:
 671 01bf 00000000 		.4byte	.LFB9
 672 01c3 02000000 		.4byte	.LCFI23
 673 01c7 0100     		.2byte	0x1
 674 01c9 5D       		.byte	0x5d
 675 01ca 02000000 		.4byte	.LCFI23
 676 01ce 04000000 		.4byte	.LCFI24
 677 01d2 0200     		.2byte	0x2
 678 01d4 7D       		.byte	0x7d
 679 01d5 04       		.sleb128 4
 680 01d6 04000000 		.4byte	.LCFI24
 681 01da 22000000 		.4byte	.LFE9
 682 01de 0200     		.2byte	0x2
 683 01e0 77       		.byte	0x77
 684 01e1 04       		.sleb128 4
 685 01e2 00000000 		.4byte	0x0
 686 01e6 00000000 		.4byte	0x0
 687              	.LLST10:
 688 01ea 00000000 		.4byte	.LFB10
 689 01ee 02000000 		.4byte	.LCFI25
 690 01f2 0100     		.2byte	0x1
 691 01f4 5D       		.byte	0x5d
 692 01f5 02000000 		.4byte	.LCFI25
 693 01f9 04000000 		.4byte	.LCFI26
 694 01fd 0200     		.2byte	0x2
 695 01ff 7D       		.byte	0x7d
 696 0200 04       		.sleb128 4
 697 0201 04000000 		.4byte	.LCFI26
 698 0205 18000000 		.4byte	.LFE10
 699 0209 0200     		.2byte	0x2
 700 020b 77       		.byte	0x77
 701 020c 04       		.sleb128 4
 702 020d 00000000 		.4byte	0x0
 703 0211 00000000 		.4byte	0x0
 704              	.LLST11:
 705 0215 00000000 		.4byte	.LFB11
 706 0219 02000000 		.4byte	.LCFI27
 707 021d 0100     		.2byte	0x1
 708 021f 5D       		.byte	0x5d
 709 0220 02000000 		.4byte	.LCFI27
 710 0224 04000000 		.4byte	.LCFI28
 711 0228 0200     		.2byte	0x2
 712 022a 7D       		.byte	0x7d
 713 022b 04       		.sleb128 4
 714 022c 04000000 		.4byte	.LCFI28
 715 0230 18000000 		.4byte	.LFE11
 716 0234 0200     		.2byte	0x2
 717 0236 77       		.byte	0x77
 718 0237 04       		.sleb128 4
 719 0238 00000000 		.4byte	0x0
 720 023c 00000000 		.4byte	0x0
 721              	.LLST12:
 722 0240 00000000 		.4byte	.LFB12
ARM GAS  C:\Users\vlantaca\AppData\Local\Temp\cc7P0IHk.s 			page 20


 723 0244 02000000 		.4byte	.LCFI29
 724 0248 0100     		.2byte	0x1
 725 024a 5D       		.byte	0x5d
 726 024b 02000000 		.4byte	.LCFI29
 727 024f 04000000 		.4byte	.LCFI30
 728 0253 0200     		.2byte	0x2
 729 0255 7D       		.byte	0x7d
 730 0256 04       		.sleb128 4
 731 0257 04000000 		.4byte	.LCFI30
 732 025b 18000000 		.4byte	.LFE12
 733 025f 0200     		.2byte	0x2
 734 0261 77       		.byte	0x77
 735 0262 04       		.sleb128 4
 736 0263 00000000 		.4byte	0x0
 737 0267 00000000 		.4byte	0x0
 738              		.file 2 "./Generated_Source/PSoC5/cytypes.h"
 739              		.section	.debug_info
 740 0000 2A020000 		.4byte	0x22a
 741 0004 0200     		.2byte	0x2
 742 0006 00000000 		.4byte	.Ldebug_abbrev0
 743 000a 04       		.byte	0x4
 744 000b 01       		.uleb128 0x1
 745 000c B6010000 		.4byte	.LASF27
 746 0010 01       		.byte	0x1
 747 0011 91010000 		.4byte	.LASF28
 748 0015 74000000 		.4byte	.LASF29
 749 0019 00000000 		.4byte	0x0
 750 001d 00000000 		.4byte	0x0
 751 0021 00000000 		.4byte	.Ldebug_ranges0+0x0
 752 0025 00000000 		.4byte	.Ldebug_line0
 753 0029 02       		.uleb128 0x2
 754 002a 01       		.byte	0x1
 755 002b 06       		.byte	0x6
 756 002c 12020000 		.4byte	.LASF0
 757 0030 02       		.uleb128 0x2
 758 0031 01       		.byte	0x1
 759 0032 08       		.byte	0x8
 760 0033 B9000000 		.4byte	.LASF1
 761 0037 02       		.uleb128 0x2
 762 0038 02       		.byte	0x2
 763 0039 05       		.byte	0x5
 764 003a D6010000 		.4byte	.LASF2
 765 003e 02       		.uleb128 0x2
 766 003f 02       		.byte	0x2
 767 0040 07       		.byte	0x7
 768 0041 61000000 		.4byte	.LASF3
 769 0045 02       		.uleb128 0x2
 770 0046 04       		.byte	0x4
 771 0047 05       		.byte	0x5
 772 0048 09020000 		.4byte	.LASF4
 773 004c 02       		.uleb128 0x2
 774 004d 04       		.byte	0x4
 775 004e 07       		.byte	0x7
 776 004f C7000000 		.4byte	.LASF5
 777 0053 02       		.uleb128 0x2
 778 0054 08       		.byte	0x8
 779 0055 05       		.byte	0x5
ARM GAS  C:\Users\vlantaca\AppData\Local\Temp\cc7P0IHk.s 			page 21


 780 0056 00000000 		.4byte	.LASF6
 781 005a 02       		.uleb128 0x2
 782 005b 08       		.byte	0x8
 783 005c 07       		.byte	0x7
 784 005d 58010000 		.4byte	.LASF7
 785 0061 03       		.uleb128 0x3
 786 0062 04       		.byte	0x4
 787 0063 05       		.byte	0x5
 788 0064 696E7400 		.ascii	"int\000"
 789 0068 02       		.uleb128 0x2
 790 0069 04       		.byte	0x4
 791 006a 07       		.byte	0x7
 792 006b 43010000 		.4byte	.LASF8
 793 006f 02       		.uleb128 0x2
 794 0070 01       		.byte	0x1
 795 0071 08       		.byte	0x8
 796 0072 C2010000 		.4byte	.LASF9
 797 0076 04       		.uleb128 0x4
 798 0077 E0010000 		.4byte	.LASF10
 799 007b 02       		.byte	0x2
 800 007c 60       		.byte	0x60
 801 007d 30000000 		.4byte	0x30
 802 0081 05       		.uleb128 0x5
 803 0082 84010000 		.4byte	.LASF11
 804 0086 02       		.byte	0x2
 805 0087 2B01     		.2byte	0x12b
 806 0089 8D000000 		.4byte	0x8d
 807 008d 06       		.uleb128 0x6
 808 008e 04       		.byte	0x4
 809 008f 93000000 		.4byte	0x93
 810 0093 07       		.uleb128 0x7
 811 0094 01       		.byte	0x1
 812 0095 08       		.uleb128 0x8
 813 0096 04       		.byte	0x4
 814 0097 07       		.byte	0x7
 815 0098 09       		.uleb128 0x9
 816 0099 01       		.byte	0x1
 817 009a 20010000 		.4byte	.LASF12
 818 009e 01       		.byte	0x1
 819 009f 38       		.byte	0x38
 820 00a0 01       		.byte	0x1
 821 00a1 00000000 		.4byte	.LFB0
 822 00a5 22000000 		.4byte	.LFE0
 823 00a9 00000000 		.4byte	.LLST0
 824 00ad 0A       		.uleb128 0xa
 825 00ae 01       		.byte	0x1
 826 00af E6010000 		.4byte	.LASF15
 827 00b3 01       		.byte	0x1
 828 00b4 55       		.byte	0x55
 829 00b5 01       		.byte	0x1
 830 00b6 00000000 		.4byte	.LFB1
 831 00ba 26000000 		.4byte	.LFE1
 832 00be 2B000000 		.4byte	.LLST1
 833 00c2 D5000000 		.4byte	0xd5
 834 00c6 0B       		.uleb128 0xb
 835 00c7 50010000 		.4byte	.LASF17
 836 00cb 01       		.byte	0x1
ARM GAS  C:\Users\vlantaca\AppData\Local\Temp\cc7P0IHk.s 			page 22


 837 00cc 55       		.byte	0x55
 838 00cd 81000000 		.4byte	0x81
 839 00d1 02       		.byte	0x2
 840 00d2 91       		.byte	0x91
 841 00d3 74       		.sleb128 -12
 842 00d4 00       		.byte	0x0
 843 00d5 09       		.uleb128 0x9
 844 00d6 01       		.byte	0x1
 845 00d7 AA000000 		.4byte	.LASF13
 846 00db 01       		.byte	0x1
 847 00dc 71       		.byte	0x71
 848 00dd 01       		.byte	0x1
 849 00de 00000000 		.4byte	.LFB2
 850 00e2 16000000 		.4byte	.LFE2
 851 00e6 62000000 		.4byte	.LLST2
 852 00ea 09       		.uleb128 0x9
 853 00eb 01       		.byte	0x1
 854 00ec 0C010000 		.4byte	.LASF14
 855 00f0 01       		.byte	0x1
 856 00f1 8C       		.byte	0x8c
 857 00f2 01       		.byte	0x1
 858 00f3 00000000 		.4byte	.LFB3
 859 00f7 0A000000 		.4byte	.LFE3
 860 00fb 8D000000 		.4byte	.LLST3
 861 00ff 0A       		.uleb128 0xa
 862 0100 01       		.byte	0x1
 863 0101 24000000 		.4byte	.LASF16
 864 0105 01       		.byte	0x1
 865 0106 A6       		.byte	0xa6
 866 0107 01       		.byte	0x1
 867 0108 00000000 		.4byte	.LFB4
 868 010c 28000000 		.4byte	.LFE4
 869 0110 B8000000 		.4byte	.LLST4
 870 0114 35010000 		.4byte	0x135
 871 0118 0B       		.uleb128 0xb
 872 0119 50010000 		.4byte	.LASF17
 873 011d 01       		.byte	0x1
 874 011e A6       		.byte	0xa6
 875 011f 81000000 		.4byte	0x81
 876 0123 02       		.byte	0x2
 877 0124 91       		.byte	0x91
 878 0125 6C       		.sleb128 -20
 879 0126 0C       		.uleb128 0xc
 880 0127 C7010000 		.4byte	.LASF18
 881 012b 01       		.byte	0x1
 882 012c A8       		.byte	0xa8
 883 012d 35010000 		.4byte	0x135
 884 0131 02       		.byte	0x2
 885 0132 91       		.byte	0x91
 886 0133 74       		.sleb128 -12
 887 0134 00       		.byte	0x0
 888 0135 06       		.uleb128 0x6
 889 0136 04       		.byte	0x4
 890 0137 81000000 		.4byte	0x81
 891 013b 0D       		.uleb128 0xd
 892 013c 01       		.byte	0x1
 893 013d F8000000 		.4byte	.LASF21
ARM GAS  C:\Users\vlantaca\AppData\Local\Temp\cc7P0IHk.s 			page 23


 894 0141 01       		.byte	0x1
 895 0142 BF       		.byte	0xbf
 896 0143 01       		.byte	0x1
 897 0144 81000000 		.4byte	0x81
 898 0148 00000000 		.4byte	.LFB5
 899 014c 26000000 		.4byte	.LFE5
 900 0150 EF000000 		.4byte	.LLST5
 901 0154 67010000 		.4byte	0x167
 902 0158 0C       		.uleb128 0xc
 903 0159 C7010000 		.4byte	.LASF18
 904 015d 01       		.byte	0x1
 905 015e C1       		.byte	0xc1
 906 015f 35010000 		.4byte	0x135
 907 0163 02       		.byte	0x2
 908 0164 91       		.byte	0x91
 909 0165 74       		.sleb128 -12
 910 0166 00       		.byte	0x0
 911 0167 0A       		.uleb128 0xa
 912 0168 01       		.byte	0x1
 913 0169 D9000000 		.4byte	.LASF19
 914 016d 01       		.byte	0x1
 915 016e DC       		.byte	0xdc
 916 016f 01       		.byte	0x1
 917 0170 00000000 		.4byte	.LFB6
 918 0174 26000000 		.4byte	.LFE6
 919 0178 26010000 		.4byte	.LLST6
 920 017c 8F010000 		.4byte	0x18f
 921 0180 0B       		.uleb128 0xb
 922 0181 EF000000 		.4byte	.LASF20
 923 0185 01       		.byte	0x1
 924 0186 DC       		.byte	0xdc
 925 0187 76000000 		.4byte	0x76
 926 018b 02       		.byte	0x2
 927 018c 91       		.byte	0x91
 928 018d 77       		.sleb128 -9
 929 018e 00       		.byte	0x0
 930 018f 0D       		.uleb128 0xd
 931 0190 01       		.byte	0x1
 932 0191 0E000000 		.4byte	.LASF22
 933 0195 01       		.byte	0x1
 934 0196 F1       		.byte	0xf1
 935 0197 01       		.byte	0x1
 936 0198 76000000 		.4byte	0x76
 937 019c 00000000 		.4byte	.LFB7
 938 01a0 26000000 		.4byte	.LFE7
 939 01a4 5D010000 		.4byte	.LLST7
 940 01a8 BB010000 		.4byte	0x1bb
 941 01ac 0C       		.uleb128 0xc
 942 01ad EF000000 		.4byte	.LASF20
 943 01b1 01       		.byte	0x1
 944 01b2 F3       		.byte	0xf3
 945 01b3 76000000 		.4byte	0x76
 946 01b7 02       		.byte	0x2
 947 01b8 91       		.byte	0x91
 948 01b9 77       		.sleb128 -9
 949 01ba 00       		.byte	0x0
 950 01bb 0E       		.uleb128 0xe
ARM GAS  C:\Users\vlantaca\AppData\Local\Temp\cc7P0IHk.s 			page 24


 951 01bc 01       		.byte	0x1
 952 01bd F8010000 		.4byte	.LASF23
 953 01c1 01       		.byte	0x1
 954 01c2 0B01     		.2byte	0x10b
 955 01c4 01       		.byte	0x1
 956 01c5 00000000 		.4byte	.LFB8
 957 01c9 18000000 		.4byte	.LFE8
 958 01cd 94010000 		.4byte	.LLST8
 959 01d1 0F       		.uleb128 0xf
 960 01d2 01       		.byte	0x1
 961 01d3 30010000 		.4byte	.LASF30
 962 01d7 01       		.byte	0x1
 963 01d8 2101     		.2byte	0x121
 964 01da 01       		.byte	0x1
 965 01db 76000000 		.4byte	0x76
 966 01df 00000000 		.4byte	.LFB9
 967 01e3 22000000 		.4byte	.LFE9
 968 01e7 BF010000 		.4byte	.LLST9
 969 01eb 0E       		.uleb128 0xe
 970 01ec 01       		.byte	0x1
 971 01ed 38000000 		.4byte	.LASF24
 972 01f1 01       		.byte	0x1
 973 01f2 3701     		.2byte	0x137
 974 01f4 01       		.byte	0x1
 975 01f5 00000000 		.4byte	.LFB10
 976 01f9 18000000 		.4byte	.LFE10
 977 01fd EA010000 		.4byte	.LLST10
 978 0201 0E       		.uleb128 0xe
 979 0202 01       		.byte	0x1
 980 0203 6F010000 		.4byte	.LASF25
 981 0207 01       		.byte	0x1
 982 0208 4E01     		.2byte	0x14e
 983 020a 01       		.byte	0x1
 984 020b 00000000 		.4byte	.LFB11
 985 020f 18000000 		.4byte	.LFE11
 986 0213 15020000 		.4byte	.LLST11
 987 0217 0E       		.uleb128 0xe
 988 0218 01       		.byte	0x1
 989 0219 4A000000 		.4byte	.LASF26
 990 021d 01       		.byte	0x1
 991 021e 6201     		.2byte	0x162
 992 0220 01       		.byte	0x1
 993 0221 00000000 		.4byte	.LFB12
 994 0225 18000000 		.4byte	.LFE12
 995 0229 40020000 		.4byte	.LLST12
 996 022d 00       		.byte	0x0
 997              		.section	.debug_abbrev
 998 0000 01       		.uleb128 0x1
 999 0001 11       		.uleb128 0x11
 1000 0002 01       		.byte	0x1
 1001 0003 25       		.uleb128 0x25
 1002 0004 0E       		.uleb128 0xe
 1003 0005 13       		.uleb128 0x13
 1004 0006 0B       		.uleb128 0xb
 1005 0007 03       		.uleb128 0x3
 1006 0008 0E       		.uleb128 0xe
 1007 0009 1B       		.uleb128 0x1b
ARM GAS  C:\Users\vlantaca\AppData\Local\Temp\cc7P0IHk.s 			page 25


 1008 000a 0E       		.uleb128 0xe
 1009 000b 11       		.uleb128 0x11
 1010 000c 01       		.uleb128 0x1
 1011 000d 52       		.uleb128 0x52
 1012 000e 01       		.uleb128 0x1
 1013 000f 55       		.uleb128 0x55
 1014 0010 06       		.uleb128 0x6
 1015 0011 10       		.uleb128 0x10
 1016 0012 06       		.uleb128 0x6
 1017 0013 00       		.byte	0x0
 1018 0014 00       		.byte	0x0
 1019 0015 02       		.uleb128 0x2
 1020 0016 24       		.uleb128 0x24
 1021 0017 00       		.byte	0x0
 1022 0018 0B       		.uleb128 0xb
 1023 0019 0B       		.uleb128 0xb
 1024 001a 3E       		.uleb128 0x3e
 1025 001b 0B       		.uleb128 0xb
 1026 001c 03       		.uleb128 0x3
 1027 001d 0E       		.uleb128 0xe
 1028 001e 00       		.byte	0x0
 1029 001f 00       		.byte	0x0
 1030 0020 03       		.uleb128 0x3
 1031 0021 24       		.uleb128 0x24
 1032 0022 00       		.byte	0x0
 1033 0023 0B       		.uleb128 0xb
 1034 0024 0B       		.uleb128 0xb
 1035 0025 3E       		.uleb128 0x3e
 1036 0026 0B       		.uleb128 0xb
 1037 0027 03       		.uleb128 0x3
 1038 0028 08       		.uleb128 0x8
 1039 0029 00       		.byte	0x0
 1040 002a 00       		.byte	0x0
 1041 002b 04       		.uleb128 0x4
 1042 002c 16       		.uleb128 0x16
 1043 002d 00       		.byte	0x0
 1044 002e 03       		.uleb128 0x3
 1045 002f 0E       		.uleb128 0xe
 1046 0030 3A       		.uleb128 0x3a
 1047 0031 0B       		.uleb128 0xb
 1048 0032 3B       		.uleb128 0x3b
 1049 0033 0B       		.uleb128 0xb
 1050 0034 49       		.uleb128 0x49
 1051 0035 13       		.uleb128 0x13
 1052 0036 00       		.byte	0x0
 1053 0037 00       		.byte	0x0
 1054 0038 05       		.uleb128 0x5
 1055 0039 16       		.uleb128 0x16
 1056 003a 00       		.byte	0x0
 1057 003b 03       		.uleb128 0x3
 1058 003c 0E       		.uleb128 0xe
 1059 003d 3A       		.uleb128 0x3a
 1060 003e 0B       		.uleb128 0xb
 1061 003f 3B       		.uleb128 0x3b
 1062 0040 05       		.uleb128 0x5
 1063 0041 49       		.uleb128 0x49
 1064 0042 13       		.uleb128 0x13
ARM GAS  C:\Users\vlantaca\AppData\Local\Temp\cc7P0IHk.s 			page 26


 1065 0043 00       		.byte	0x0
 1066 0044 00       		.byte	0x0
 1067 0045 06       		.uleb128 0x6
 1068 0046 0F       		.uleb128 0xf
 1069 0047 00       		.byte	0x0
 1070 0048 0B       		.uleb128 0xb
 1071 0049 0B       		.uleb128 0xb
 1072 004a 49       		.uleb128 0x49
 1073 004b 13       		.uleb128 0x13
 1074 004c 00       		.byte	0x0
 1075 004d 00       		.byte	0x0
 1076 004e 07       		.uleb128 0x7
 1077 004f 15       		.uleb128 0x15
 1078 0050 00       		.byte	0x0
 1079 0051 27       		.uleb128 0x27
 1080 0052 0C       		.uleb128 0xc
 1081 0053 00       		.byte	0x0
 1082 0054 00       		.byte	0x0
 1083 0055 08       		.uleb128 0x8
 1084 0056 24       		.uleb128 0x24
 1085 0057 00       		.byte	0x0
 1086 0058 0B       		.uleb128 0xb
 1087 0059 0B       		.uleb128 0xb
 1088 005a 3E       		.uleb128 0x3e
 1089 005b 0B       		.uleb128 0xb
 1090 005c 00       		.byte	0x0
 1091 005d 00       		.byte	0x0
 1092 005e 09       		.uleb128 0x9
 1093 005f 2E       		.uleb128 0x2e
 1094 0060 00       		.byte	0x0
 1095 0061 3F       		.uleb128 0x3f
 1096 0062 0C       		.uleb128 0xc
 1097 0063 03       		.uleb128 0x3
 1098 0064 0E       		.uleb128 0xe
 1099 0065 3A       		.uleb128 0x3a
 1100 0066 0B       		.uleb128 0xb
 1101 0067 3B       		.uleb128 0x3b
 1102 0068 0B       		.uleb128 0xb
 1103 0069 27       		.uleb128 0x27
 1104 006a 0C       		.uleb128 0xc
 1105 006b 11       		.uleb128 0x11
 1106 006c 01       		.uleb128 0x1
 1107 006d 12       		.uleb128 0x12
 1108 006e 01       		.uleb128 0x1
 1109 006f 40       		.uleb128 0x40
 1110 0070 06       		.uleb128 0x6
 1111 0071 00       		.byte	0x0
 1112 0072 00       		.byte	0x0
 1113 0073 0A       		.uleb128 0xa
 1114 0074 2E       		.uleb128 0x2e
 1115 0075 01       		.byte	0x1
 1116 0076 3F       		.uleb128 0x3f
 1117 0077 0C       		.uleb128 0xc
 1118 0078 03       		.uleb128 0x3
 1119 0079 0E       		.uleb128 0xe
 1120 007a 3A       		.uleb128 0x3a
 1121 007b 0B       		.uleb128 0xb
ARM GAS  C:\Users\vlantaca\AppData\Local\Temp\cc7P0IHk.s 			page 27


 1122 007c 3B       		.uleb128 0x3b
 1123 007d 0B       		.uleb128 0xb
 1124 007e 27       		.uleb128 0x27
 1125 007f 0C       		.uleb128 0xc
 1126 0080 11       		.uleb128 0x11
 1127 0081 01       		.uleb128 0x1
 1128 0082 12       		.uleb128 0x12
 1129 0083 01       		.uleb128 0x1
 1130 0084 40       		.uleb128 0x40
 1131 0085 06       		.uleb128 0x6
 1132 0086 01       		.uleb128 0x1
 1133 0087 13       		.uleb128 0x13
 1134 0088 00       		.byte	0x0
 1135 0089 00       		.byte	0x0
 1136 008a 0B       		.uleb128 0xb
 1137 008b 05       		.uleb128 0x5
 1138 008c 00       		.byte	0x0
 1139 008d 03       		.uleb128 0x3
 1140 008e 0E       		.uleb128 0xe
 1141 008f 3A       		.uleb128 0x3a
 1142 0090 0B       		.uleb128 0xb
 1143 0091 3B       		.uleb128 0x3b
 1144 0092 0B       		.uleb128 0xb
 1145 0093 49       		.uleb128 0x49
 1146 0094 13       		.uleb128 0x13
 1147 0095 02       		.uleb128 0x2
 1148 0096 0A       		.uleb128 0xa
 1149 0097 00       		.byte	0x0
 1150 0098 00       		.byte	0x0
 1151 0099 0C       		.uleb128 0xc
 1152 009a 34       		.uleb128 0x34
 1153 009b 00       		.byte	0x0
 1154 009c 03       		.uleb128 0x3
 1155 009d 0E       		.uleb128 0xe
 1156 009e 3A       		.uleb128 0x3a
 1157 009f 0B       		.uleb128 0xb
 1158 00a0 3B       		.uleb128 0x3b
 1159 00a1 0B       		.uleb128 0xb
 1160 00a2 49       		.uleb128 0x49
 1161 00a3 13       		.uleb128 0x13
 1162 00a4 02       		.uleb128 0x2
 1163 00a5 0A       		.uleb128 0xa
 1164 00a6 00       		.byte	0x0
 1165 00a7 00       		.byte	0x0
 1166 00a8 0D       		.uleb128 0xd
 1167 00a9 2E       		.uleb128 0x2e
 1168 00aa 01       		.byte	0x1
 1169 00ab 3F       		.uleb128 0x3f
 1170 00ac 0C       		.uleb128 0xc
 1171 00ad 03       		.uleb128 0x3
 1172 00ae 0E       		.uleb128 0xe
 1173 00af 3A       		.uleb128 0x3a
 1174 00b0 0B       		.uleb128 0xb
 1175 00b1 3B       		.uleb128 0x3b
 1176 00b2 0B       		.uleb128 0xb
 1177 00b3 27       		.uleb128 0x27
 1178 00b4 0C       		.uleb128 0xc
ARM GAS  C:\Users\vlantaca\AppData\Local\Temp\cc7P0IHk.s 			page 28


 1179 00b5 49       		.uleb128 0x49
 1180 00b6 13       		.uleb128 0x13
 1181 00b7 11       		.uleb128 0x11
 1182 00b8 01       		.uleb128 0x1
 1183 00b9 12       		.uleb128 0x12
 1184 00ba 01       		.uleb128 0x1
 1185 00bb 40       		.uleb128 0x40
 1186 00bc 06       		.uleb128 0x6
 1187 00bd 01       		.uleb128 0x1
 1188 00be 13       		.uleb128 0x13
 1189 00bf 00       		.byte	0x0
 1190 00c0 00       		.byte	0x0
 1191 00c1 0E       		.uleb128 0xe
 1192 00c2 2E       		.uleb128 0x2e
 1193 00c3 00       		.byte	0x0
 1194 00c4 3F       		.uleb128 0x3f
 1195 00c5 0C       		.uleb128 0xc
 1196 00c6 03       		.uleb128 0x3
 1197 00c7 0E       		.uleb128 0xe
 1198 00c8 3A       		.uleb128 0x3a
 1199 00c9 0B       		.uleb128 0xb
 1200 00ca 3B       		.uleb128 0x3b
 1201 00cb 05       		.uleb128 0x5
 1202 00cc 27       		.uleb128 0x27
 1203 00cd 0C       		.uleb128 0xc
 1204 00ce 11       		.uleb128 0x11
 1205 00cf 01       		.uleb128 0x1
 1206 00d0 12       		.uleb128 0x12
 1207 00d1 01       		.uleb128 0x1
 1208 00d2 40       		.uleb128 0x40
 1209 00d3 06       		.uleb128 0x6
 1210 00d4 00       		.byte	0x0
 1211 00d5 00       		.byte	0x0
 1212 00d6 0F       		.uleb128 0xf
 1213 00d7 2E       		.uleb128 0x2e
 1214 00d8 00       		.byte	0x0
 1215 00d9 3F       		.uleb128 0x3f
 1216 00da 0C       		.uleb128 0xc
 1217 00db 03       		.uleb128 0x3
 1218 00dc 0E       		.uleb128 0xe
 1219 00dd 3A       		.uleb128 0x3a
 1220 00de 0B       		.uleb128 0xb
 1221 00df 3B       		.uleb128 0x3b
 1222 00e0 05       		.uleb128 0x5
 1223 00e1 27       		.uleb128 0x27
 1224 00e2 0C       		.uleb128 0xc
 1225 00e3 49       		.uleb128 0x49
 1226 00e4 13       		.uleb128 0x13
 1227 00e5 11       		.uleb128 0x11
 1228 00e6 01       		.uleb128 0x1
 1229 00e7 12       		.uleb128 0x12
 1230 00e8 01       		.uleb128 0x1
 1231 00e9 40       		.uleb128 0x40
 1232 00ea 06       		.uleb128 0x6
 1233 00eb 00       		.byte	0x0
 1234 00ec 00       		.byte	0x0
 1235 00ed 00       		.byte	0x0
ARM GAS  C:\Users\vlantaca\AppData\Local\Temp\cc7P0IHk.s 			page 29


 1236              		.section	.debug_pubnames,"",%progbits
 1237 0000 3D010000 		.4byte	0x13d
 1238 0004 0200     		.2byte	0x2
 1239 0006 00000000 		.4byte	.Ldebug_info0
 1240 000a 2E020000 		.4byte	0x22e
 1241 000e 98000000 		.4byte	0x98
 1242 0012 4953525F 		.ascii	"ISR_Write_Start\000"
 1242      57726974 
 1242      655F5374 
 1242      61727400 
 1243 0022 AD000000 		.4byte	0xad
 1244 0026 4953525F 		.ascii	"ISR_Write_StartEx\000"
 1244      57726974 
 1244      655F5374 
 1244      61727445 
 1244      7800
 1245 0038 D5000000 		.4byte	0xd5
 1246 003c 4953525F 		.ascii	"ISR_Write_Stop\000"
 1246      57726974 
 1246      655F5374 
 1246      6F7000
 1247 004b EA000000 		.4byte	0xea
 1248 004f 4953525F 		.ascii	"ISR_Write_Interrupt\000"
 1248      57726974 
 1248      655F496E 
 1248      74657272 
 1248      75707400 
 1249 0063 FF000000 		.4byte	0xff
 1250 0067 4953525F 		.ascii	"ISR_Write_SetVector\000"
 1250      57726974 
 1250      655F5365 
 1250      74566563 
 1250      746F7200 
 1251 007b 3B010000 		.4byte	0x13b
 1252 007f 4953525F 		.ascii	"ISR_Write_GetVector\000"
 1252      57726974 
 1252      655F4765 
 1252      74566563 
 1252      746F7200 
 1253 0093 67010000 		.4byte	0x167
 1254 0097 4953525F 		.ascii	"ISR_Write_SetPriority\000"
 1254      57726974 
 1254      655F5365 
 1254      74507269 
 1254      6F726974 
 1255 00ad 8F010000 		.4byte	0x18f
 1256 00b1 4953525F 		.ascii	"ISR_Write_GetPriority\000"
 1256      57726974 
 1256      655F4765 
 1256      74507269 
 1256      6F726974 
 1257 00c7 BB010000 		.4byte	0x1bb
 1258 00cb 4953525F 		.ascii	"ISR_Write_Enable\000"
 1258      57726974 
 1258      655F456E 
 1258      61626C65 
 1258      00
ARM GAS  C:\Users\vlantaca\AppData\Local\Temp\cc7P0IHk.s 			page 30


 1259 00dc D1010000 		.4byte	0x1d1
 1260 00e0 4953525F 		.ascii	"ISR_Write_GetState\000"
 1260      57726974 
 1260      655F4765 
 1260      74537461 
 1260      746500
 1261 00f3 EB010000 		.4byte	0x1eb
 1262 00f7 4953525F 		.ascii	"ISR_Write_Disable\000"
 1262      57726974 
 1262      655F4469 
 1262      7361626C 
 1262      6500
 1263 0109 01020000 		.4byte	0x201
 1264 010d 4953525F 		.ascii	"ISR_Write_SetPending\000"
 1264      57726974 
 1264      655F5365 
 1264      7450656E 
 1264      64696E67 
 1265 0122 17020000 		.4byte	0x217
 1266 0126 4953525F 		.ascii	"ISR_Write_ClearPending\000"
 1266      57726974 
 1266      655F436C 
 1266      65617250 
 1266      656E6469 
 1267 013d 00000000 		.4byte	0x0
 1268              		.section	.debug_aranges,"",%progbits
 1269 0000 7C000000 		.4byte	0x7c
 1270 0004 0200     		.2byte	0x2
 1271 0006 00000000 		.4byte	.Ldebug_info0
 1272 000a 04       		.byte	0x4
 1273 000b 00       		.byte	0x0
 1274 000c 0000     		.2byte	0x0
 1275 000e 0000     		.2byte	0x0
 1276 0010 00000000 		.4byte	.LFB0
 1277 0014 22000000 		.4byte	.LFE0-.LFB0
 1278 0018 00000000 		.4byte	.LFB1
 1279 001c 26000000 		.4byte	.LFE1-.LFB1
 1280 0020 00000000 		.4byte	.LFB2
 1281 0024 16000000 		.4byte	.LFE2-.LFB2
 1282 0028 00000000 		.4byte	.LFB3
 1283 002c 0A000000 		.4byte	.LFE3-.LFB3
 1284 0030 00000000 		.4byte	.LFB4
 1285 0034 28000000 		.4byte	.LFE4-.LFB4
 1286 0038 00000000 		.4byte	.LFB5
 1287 003c 26000000 		.4byte	.LFE5-.LFB5
 1288 0040 00000000 		.4byte	.LFB6
 1289 0044 26000000 		.4byte	.LFE6-.LFB6
 1290 0048 00000000 		.4byte	.LFB7
 1291 004c 26000000 		.4byte	.LFE7-.LFB7
 1292 0050 00000000 		.4byte	.LFB8
 1293 0054 18000000 		.4byte	.LFE8-.LFB8
 1294 0058 00000000 		.4byte	.LFB9
 1295 005c 22000000 		.4byte	.LFE9-.LFB9
 1296 0060 00000000 		.4byte	.LFB10
 1297 0064 18000000 		.4byte	.LFE10-.LFB10
 1298 0068 00000000 		.4byte	.LFB11
 1299 006c 18000000 		.4byte	.LFE11-.LFB11
ARM GAS  C:\Users\vlantaca\AppData\Local\Temp\cc7P0IHk.s 			page 31


 1300 0070 00000000 		.4byte	.LFB12
 1301 0074 18000000 		.4byte	.LFE12-.LFB12
 1302 0078 00000000 		.4byte	0x0
 1303 007c 00000000 		.4byte	0x0
 1304              		.section	.debug_ranges,"",%progbits
 1305              	.Ldebug_ranges0:
 1306 0000 00000000 		.4byte	.Ltext0
 1307 0004 00000000 		.4byte	.Letext0
 1308 0008 00000000 		.4byte	.LFB0
 1309 000c 22000000 		.4byte	.LFE0
 1310 0010 00000000 		.4byte	.LFB1
 1311 0014 26000000 		.4byte	.LFE1
 1312 0018 00000000 		.4byte	.LFB2
 1313 001c 16000000 		.4byte	.LFE2
 1314 0020 00000000 		.4byte	.LFB3
 1315 0024 0A000000 		.4byte	.LFE3
 1316 0028 00000000 		.4byte	.LFB4
 1317 002c 28000000 		.4byte	.LFE4
 1318 0030 00000000 		.4byte	.LFB5
 1319 0034 26000000 		.4byte	.LFE5
 1320 0038 00000000 		.4byte	.LFB6
 1321 003c 26000000 		.4byte	.LFE6
 1322 0040 00000000 		.4byte	.LFB7
 1323 0044 26000000 		.4byte	.LFE7
 1324 0048 00000000 		.4byte	.LFB8
 1325 004c 18000000 		.4byte	.LFE8
 1326 0050 00000000 		.4byte	.LFB9
 1327 0054 22000000 		.4byte	.LFE9
 1328 0058 00000000 		.4byte	.LFB10
 1329 005c 18000000 		.4byte	.LFE10
 1330 0060 00000000 		.4byte	.LFB11
 1331 0064 18000000 		.4byte	.LFE11
 1332 0068 00000000 		.4byte	.LFB12
 1333 006c 18000000 		.4byte	.LFE12
 1334 0070 00000000 		.4byte	0x0
 1335 0074 00000000 		.4byte	0x0
 1336              		.section	.debug_str,"MS",%progbits,1
 1337              	.LASF6:
 1338 0000 6C6F6E67 		.ascii	"long long int\000"
 1338      206C6F6E 
 1338      6720696E 
 1338      7400
 1339              	.LASF22:
 1340 000e 4953525F 		.ascii	"ISR_Write_GetPriority\000"
 1340      57726974 
 1340      655F4765 
 1340      74507269 
 1340      6F726974 
 1341              	.LASF16:
 1342 0024 4953525F 		.ascii	"ISR_Write_SetVector\000"
 1342      57726974 
 1342      655F5365 
 1342      74566563 
 1342      746F7200 
 1343              	.LASF24:
 1344 0038 4953525F 		.ascii	"ISR_Write_Disable\000"
 1344      57726974 
ARM GAS  C:\Users\vlantaca\AppData\Local\Temp\cc7P0IHk.s 			page 32


 1344      655F4469 
 1344      7361626C 
 1344      6500
 1345              	.LASF26:
 1346 004a 4953525F 		.ascii	"ISR_Write_ClearPending\000"
 1346      57726974 
 1346      655F436C 
 1346      65617250 
 1346      656E6469 
 1347              	.LASF3:
 1348 0061 73686F72 		.ascii	"short unsigned int\000"
 1348      7420756E 
 1348      7369676E 
 1348      65642069 
 1348      6E7400
 1349              	.LASF29:
 1350 0074 433A5C55 		.ascii	"C:\\Users\\vlantaca\\Desktop\\PSoC Slave\\PSoC Slav"
 1350      73657273 
 1350      5C766C61 
 1350      6E746163 
 1350      615C4465 
 1351 00a2 652E6379 		.ascii	"e.cydsn\000"
 1351      64736E00 
 1352              	.LASF13:
 1353 00aa 4953525F 		.ascii	"ISR_Write_Stop\000"
 1353      57726974 
 1353      655F5374 
 1353      6F7000
 1354              	.LASF1:
 1355 00b9 756E7369 		.ascii	"unsigned char\000"
 1355      676E6564 
 1355      20636861 
 1355      7200
 1356              	.LASF5:
 1357 00c7 6C6F6E67 		.ascii	"long unsigned int\000"
 1357      20756E73 
 1357      69676E65 
 1357      6420696E 
 1357      7400
 1358              	.LASF19:
 1359 00d9 4953525F 		.ascii	"ISR_Write_SetPriority\000"
 1359      57726974 
 1359      655F5365 
 1359      74507269 
 1359      6F726974 
 1360              	.LASF20:
 1361 00ef 7072696F 		.ascii	"priority\000"
 1361      72697479 
 1361      00
 1362              	.LASF21:
 1363 00f8 4953525F 		.ascii	"ISR_Write_GetVector\000"
 1363      57726974 
 1363      655F4765 
 1363      74566563 
 1363      746F7200 
 1364              	.LASF14:
 1365 010c 4953525F 		.ascii	"ISR_Write_Interrupt\000"
ARM GAS  C:\Users\vlantaca\AppData\Local\Temp\cc7P0IHk.s 			page 33


 1365      57726974 
 1365      655F496E 
 1365      74657272 
 1365      75707400 
 1366              	.LASF12:
 1367 0120 4953525F 		.ascii	"ISR_Write_Start\000"
 1367      57726974 
 1367      655F5374 
 1367      61727400 
 1368              	.LASF30:
 1369 0130 4953525F 		.ascii	"ISR_Write_GetState\000"
 1369      57726974 
 1369      655F4765 
 1369      74537461 
 1369      746500
 1370              	.LASF8:
 1371 0143 756E7369 		.ascii	"unsigned int\000"
 1371      676E6564 
 1371      20696E74 
 1371      00
 1372              	.LASF17:
 1373 0150 61646472 		.ascii	"address\000"
 1373      65737300 
 1374              	.LASF7:
 1375 0158 6C6F6E67 		.ascii	"long long unsigned int\000"
 1375      206C6F6E 
 1375      6720756E 
 1375      7369676E 
 1375      65642069 
 1376              	.LASF25:
 1377 016f 4953525F 		.ascii	"ISR_Write_SetPending\000"
 1377      57726974 
 1377      655F5365 
 1377      7450656E 
 1377      64696E67 
 1378              	.LASF11:
 1379 0184 63796973 		.ascii	"cyisraddress\000"
 1379      72616464 
 1379      72657373 
 1379      00
 1380              	.LASF28:
 1381 0191 2E5C4765 		.ascii	".\\Generated_Source\\PSoC5\\ISR_Write.c\000"
 1381      6E657261 
 1381      7465645F 
 1381      536F7572 
 1381      63655C50 
 1382              	.LASF27:
 1383 01b6 474E5520 		.ascii	"GNU C 4.4.1\000"
 1383      4320342E 
 1383      342E3100 
 1384              	.LASF9:
 1385 01c2 63686172 		.ascii	"char\000"
 1385      00
 1386              	.LASF18:
 1387 01c7 72616D56 		.ascii	"ramVectorTable\000"
 1387      6563746F 
 1387      72546162 
ARM GAS  C:\Users\vlantaca\AppData\Local\Temp\cc7P0IHk.s 			page 34


 1387      6C6500
 1388              	.LASF2:
 1389 01d6 73686F72 		.ascii	"short int\000"
 1389      7420696E 
 1389      7400
 1390              	.LASF10:
 1391 01e0 75696E74 		.ascii	"uint8\000"
 1391      3800
 1392              	.LASF15:
 1393 01e6 4953525F 		.ascii	"ISR_Write_StartEx\000"
 1393      57726974 
 1393      655F5374 
 1393      61727445 
 1393      7800
 1394              	.LASF23:
 1395 01f8 4953525F 		.ascii	"ISR_Write_Enable\000"
 1395      57726974 
 1395      655F456E 
 1395      61626C65 
 1395      00
 1396              	.LASF4:
 1397 0209 6C6F6E67 		.ascii	"long int\000"
 1397      20696E74 
 1397      00
 1398              	.LASF0:
 1399 0212 7369676E 		.ascii	"signed char\000"
 1399      65642063 
 1399      68617200 
 1400              		.ident	"GCC: (Sourcery G++ Lite 2010q1-188) 4.4.1"
