Archive member included because of file (symbol)

.\CortexM3\ARM_GCC_441\Debug\PSoC Slave.a(Debounce_Clock.o)
                              .\CortexM3\ARM_GCC_441\Debug\main.o (Debounce_Clock_Start)
.\CortexM3\ARM_GCC_441\Debug\PSoC Slave.a(EZI2C.o)
                              .\CortexM3\ARM_GCC_441\Debug\main.o (EZI2C_Start)
.\CortexM3\ARM_GCC_441\Debug\PSoC Slave.a(EZI2C_INT.o)
                              .\CortexM3\ARM_GCC_441\Debug\PSoC Slave.a(EZI2C.o) (EZI2C_curState)
.\CortexM3\ARM_GCC_441\Debug\PSoC Slave.a(LCD.o)
                              .\CortexM3\ARM_GCC_441\Debug\main.o (LCD_Start)
.\CortexM3\ARM_GCC_441\Debug\PSoC Slave.a(CyBootAsmGnu.o)
                              .\CortexM3\ARM_GCC_441\Debug\PSoC Slave.a(EZI2C.o) (CyEnterCriticalSection)
.\CortexM3\ARM_GCC_441\Debug\PSoC Slave.a(CyLib.o)
                              .\CortexM3\ARM_GCC_441\Debug\Cm3Start.o (CyResetStatus)
.\CortexM3\ARM_GCC_441\Debug\PSoC Slave.a(cyPm.o)
                              .\CortexM3\ARM_GCC_441\Debug\PSoC Slave.a(CyLib.o) (CyPmReadStatus)
.\CortexM3\ARM_GCC_441\Debug\PSoC Slave.a(cyfitter_cfg.o)
                              .\CortexM3\ARM_GCC_441\Debug\Cm3Start.o (cyfitter_cfg)
.\CortexM3\ARM_GCC_441\Debug\PSoC Slave.a(CyFlash.o)
                              .\CortexM3\ARM_GCC_441\Debug\PSoC Slave.a(cyPm.o) (CyFlash_SetWaitCycles)
.\CortexM3\ARM_GCC_441\Debug\PSoC Slave.a(CySpc.o)
                              .\CortexM3\ARM_GCC_441\Debug\PSoC Slave.a(CyFlash.o) (CySpcStart)
.\CortexM3\ARM_GCC_441\Debug\PSoC Slave.a(cyutils.o)
                              .\CortexM3\ARM_GCC_441\Debug\PSoC Slave.a(cyfitter_cfg.o) (CySetReg24)
c:/program files (x86)/cypress/psoc creator/2.1/psoc creator/import/gnu_cs/arm/4.4.1/bin/../lib/gcc/arm-none-eabi/4.4.1/../../../../arm-none-eabi/lib/thumb2\libc.a(lib_a-memcpy.o)
                              .\CortexM3\ARM_GCC_441\Debug\PSoC Slave.a(cyPm.o) (memcpy)
c:/program files (x86)/cypress/psoc creator/2.1/psoc creator/import/gnu_cs/arm/4.4.1/bin/../lib/gcc/arm-none-eabi/4.4.1/../../../../arm-none-eabi/lib/thumb2\libc.a(lib_a-memset.o)
                              .\CortexM3\ARM_GCC_441\Debug\PSoC Slave.a(cyPm.o) (memset)
c:/program files (x86)/cypress/psoc creator/2.1/psoc creator/import/gnu_cs/arm/4.4.1/bin/../lib/gcc/arm-none-eabi/4.4.1/../../../../arm-none-eabi/lib/thumb2\libcs3.a(start_c.o)
                              (__cs3_start_c)
c:/program files (x86)/cypress/psoc creator/2.1/psoc creator/import/gnu_cs/arm/4.4.1/bin/../lib/gcc/arm-none-eabi/4.4.1/../../../../arm-none-eabi/lib/thumb2\libcs3micro.a(micro-vector.o)
                              (__cs3_interrupt_vector_micro)
c:/program files (x86)/cypress/psoc creator/2.1/psoc creator/import/gnu_cs/arm/4.4.1/bin/../lib/gcc/arm-none-eabi/4.4.1/../../../../arm-none-eabi/lib/thumb2\libcs3micro.a(micro_isr_interrupt.o)
                              (__cs3_isr_nmi)
c:/program files (x86)/cypress/psoc creator/2.1/psoc creator/import/gnu_cs/arm/4.4.1/bin/../lib/gcc/arm-none-eabi/4.4.1/../../../../arm-none-eabi/lib/thumb2\libc.a(lib_a-init.o)
                              c:/program files (x86)/cypress/psoc creator/2.1/psoc creator/import/gnu_cs/arm/4.4.1/bin/../lib/gcc/arm-none-eabi/4.4.1/../../../../arm-none-eabi/lib/thumb2\libcs3.a(start_c.o) (__libc_init_array)

Allocating common symbols
Common symbol       size              file

i2cBufferWrite      0x5               .\CortexM3\ARM_GCC_441\Debug\main.o
EZI2C_bufSizeS1     0x1               .\CortexM3\ARM_GCC_441\Debug\PSoC Slave.a(EZI2C_INT.o)
ezi2cBuffer         0x4               .\CortexM3\ARM_GCC_441\Debug\main.o
EZI2C_curState      0x1               .\CortexM3\ARM_GCC_441\Debug\PSoC Slave.a(EZI2C_INT.o)
EZI2C_rwIndexS1     0x1               .\CortexM3\ARM_GCC_441\Debug\PSoC Slave.a(EZI2C_INT.o)
EZI2C_wrProtectS1   0x1               .\CortexM3\ARM_GCC_441\Debug\PSoC Slave.a(EZI2C_INT.o)
EZI2C_curStatus     0x1               .\CortexM3\ARM_GCC_441\Debug\PSoC Slave.a(EZI2C_INT.o)
i2cBufferRead       0x4               .\CortexM3\ARM_GCC_441\Debug\main.o
CyResetStatus       0x1               .\CortexM3\ARM_GCC_441\Debug\PSoC Slave.a(CyLib.o)
EZI2C_dataPtrS1     0x4               .\CortexM3\ARM_GCC_441\Debug\PSoC Slave.a(EZI2C_INT.o)
dieTemperature      0x2               .\CortexM3\ARM_GCC_441\Debug\PSoC Slave.a(CyFlash.o)
EZI2C_rwOffsetS1    0x1               .\CortexM3\ARM_GCC_441\Debug\PSoC Slave.a(EZI2C_INT.o)

Discarded input sections

 .text          0x00000000        0x0 c:/program files (x86)/cypress/psoc creator/2.1/psoc creator/import/gnu_cs/arm/4.4.1/bin/../lib/gcc/arm-none-eabi/4.4.1/thumb2/crti.o
 .data          0x00000000        0x0 c:/program files (x86)/cypress/psoc creator/2.1/psoc creator/import/gnu_cs/arm/4.4.1/bin/../lib/gcc/arm-none-eabi/4.4.1/thumb2/crti.o
 .bss           0x00000000        0x0 c:/program files (x86)/cypress/psoc creator/2.1/psoc creator/import/gnu_cs/arm/4.4.1/bin/../lib/gcc/arm-none-eabi/4.4.1/thumb2/crti.o
 .data          0x00000000        0x4 c:/program files (x86)/cypress/psoc creator/2.1/psoc creator/import/gnu_cs/arm/4.4.1/bin/../lib/gcc/arm-none-eabi/4.4.1/thumb2/crtbegin.o
 .text          0x00000000        0x0 .\CortexM3\ARM_GCC_441\Debug\main.o
 .data          0x00000000        0x0 .\CortexM3\ARM_GCC_441\Debug\main.o
 .bss           0x00000000        0x1 .\CortexM3\ARM_GCC_441\Debug\main.o
 .text.ISR_WriteSW1_Interrupt
                0x00000000       0x18 .\CortexM3\ARM_GCC_441\Debug\main.o
 .text.ISR_ReadSW2_Interrupt
                0x00000000       0x18 .\CortexM3\ARM_GCC_441\Debug\main.o
 .text          0x00000000        0x0 .\CortexM3\ARM_GCC_441\Debug\Cm3Start.o
 .data          0x00000000        0x0 .\CortexM3\ARM_GCC_441\Debug\Cm3Start.o
 .bss           0x00000000        0x0 .\CortexM3\ARM_GCC_441\Debug\Cm3Start.o
 .text.IntDefaultHandler
                0x00000000        0x8 .\CortexM3\ARM_GCC_441\Debug\Cm3Start.o
 .text          0x00000000        0x0 .\CortexM3\ARM_GCC_441\Debug\PSoC Slave.a(Debounce_Clock.o)
 .data          0x00000000        0x0 .\CortexM3\ARM_GCC_441\Debug\PSoC Slave.a(Debounce_Clock.o)
 .bss           0x00000000        0x0 .\CortexM3\ARM_GCC_441\Debug\PSoC Slave.a(Debounce_Clock.o)
 .text.Debounce_Clock_Stop
                0x00000000       0x24 .\CortexM3\ARM_GCC_441\Debug\PSoC Slave.a(Debounce_Clock.o)
 .text.Debounce_Clock_StandbyPower
                0x00000000       0x54 .\CortexM3\ARM_GCC_441\Debug\PSoC Slave.a(Debounce_Clock.o)
 .text.Debounce_Clock_SetDividerRegister
                0x00000000      0x198 .\CortexM3\ARM_GCC_441\Debug\PSoC Slave.a(Debounce_Clock.o)
 .text.Debounce_Clock_GetDividerRegister
                0x00000000       0x18 .\CortexM3\ARM_GCC_441\Debug\PSoC Slave.a(Debounce_Clock.o)
 .text.Debounce_Clock_SetModeRegister
                0x00000000       0x38 .\CortexM3\ARM_GCC_441\Debug\PSoC Slave.a(Debounce_Clock.o)
 .text.Debounce_Clock_ClearModeRegister
                0x00000000       0x40 .\CortexM3\ARM_GCC_441\Debug\PSoC Slave.a(Debounce_Clock.o)
 .text.Debounce_Clock_GetModeRegister
                0x00000000       0x1c .\CortexM3\ARM_GCC_441\Debug\PSoC Slave.a(Debounce_Clock.o)
 .text.Debounce_Clock_SetSourceRegister
                0x00000000       0xe8 .\CortexM3\ARM_GCC_441\Debug\PSoC Slave.a(Debounce_Clock.o)
 .text.Debounce_Clock_GetSourceRegister
                0x00000000       0x1c .\CortexM3\ARM_GCC_441\Debug\PSoC Slave.a(Debounce_Clock.o)
 .text          0x00000000        0x0 .\CortexM3\ARM_GCC_441\Debug\PSoC Slave.a(EZI2C.o)
 .data          0x00000000        0x0 .\CortexM3\ARM_GCC_441\Debug\PSoC Slave.a(EZI2C.o)
 .text.EZI2C_Stop
                0x00000000       0x58 .\CortexM3\ARM_GCC_441\Debug\PSoC Slave.a(EZI2C.o)
 .text.EZI2C_DisableInt
                0x00000000       0x10 .\CortexM3\ARM_GCC_441\Debug\PSoC Slave.a(EZI2C.o)
 .text.EZI2C_SetAddress1
                0x00000000       0x24 .\CortexM3\ARM_GCC_441\Debug\PSoC Slave.a(EZI2C.o)
 .text.EZI2C_GetAddress1
                0x00000000       0x18 .\CortexM3\ARM_GCC_441\Debug\PSoC Slave.a(EZI2C.o)
 .text.EZI2C_GetActivity
                0x00000000       0x3c .\CortexM3\ARM_GCC_441\Debug\PSoC Slave.a(EZI2C.o)
 .text.EZI2C_SlaveSetSleepMode
                0x00000000        0xc .\CortexM3\ARM_GCC_441\Debug\PSoC Slave.a(EZI2C.o)
 .text.EZI2C_SlaveSetWakeMode
                0x00000000        0xc .\CortexM3\ARM_GCC_441\Debug\PSoC Slave.a(EZI2C.o)
 .text          0x00000000        0x0 .\CortexM3\ARM_GCC_441\Debug\PSoC Slave.a(EZI2C_INT.o)
 .data          0x00000000        0x0 .\CortexM3\ARM_GCC_441\Debug\PSoC Slave.a(EZI2C_INT.o)
 .text          0x00000000        0x0 .\CortexM3\ARM_GCC_441\Debug\PSoC Slave.a(LCD.o)
 .data          0x00000000        0x0 .\CortexM3\ARM_GCC_441\Debug\PSoC Slave.a(LCD.o)
 .rodata        0x00000000       0x10 .\CortexM3\ARM_GCC_441\Debug\PSoC Slave.a(LCD.o)
 .text.LCD_Stop
                0x00000000       0x1c .\CortexM3\ARM_GCC_441\Debug\PSoC Slave.a(LCD.o)
 .text.LCD_Position
                0x00000000       0x74 .\CortexM3\ARM_GCC_441\Debug\PSoC Slave.a(LCD.o)
 .text.LCD_PrintString
                0x00000000       0x40 .\CortexM3\ARM_GCC_441\Debug\PSoC Slave.a(LCD.o)
 .text.LCD_PutChar
                0x00000000       0x1c .\CortexM3\ARM_GCC_441\Debug\PSoC Slave.a(LCD.o)
 .text.LCD_WriteData
                0x00000000       0x38 .\CortexM3\ARM_GCC_441\Debug\PSoC Slave.a(LCD.o)
 .text.LCD_WrDatNib
                0x00000000       0xac .\CortexM3\ARM_GCC_441\Debug\PSoC Slave.a(LCD.o)
 .text.LCD_PrintHexUint8
                0x00000000       0x44 .\CortexM3\ARM_GCC_441\Debug\PSoC Slave.a(LCD.o)
 .text.LCD_PrintHexUint16
                0x00000000       0x2c .\CortexM3\ARM_GCC_441\Debug\PSoC Slave.a(LCD.o)
 .text.LCD_PrintDecUint16
                0x00000000      0x108 .\CortexM3\ARM_GCC_441\Debug\PSoC Slave.a(LCD.o)
 .data          0x00000000        0x0 .\CortexM3\ARM_GCC_441\Debug\PSoC Slave.a(CyBootAsmGnu.o)
 .bss           0x00000000        0x0 .\CortexM3\ARM_GCC_441\Debug\PSoC Slave.a(CyBootAsmGnu.o)
 .text          0x00000000        0x0 .\CortexM3\ARM_GCC_441\Debug\PSoC Slave.a(CyLib.o)
 .bss           0x00000000        0x0 .\CortexM3\ARM_GCC_441\Debug\PSoC Slave.a(CyLib.o)
 .text.CyPLL_OUT_Start
                0x00000000       0xdc .\CortexM3\ARM_GCC_441\Debug\PSoC Slave.a(CyLib.o)
 .text.CyPLL_OUT_Stop
                0x00000000       0x24 .\CortexM3\ARM_GCC_441\Debug\PSoC Slave.a(CyLib.o)
 .text.CyPLL_OUT_SetPQ
                0x00000000      0x104 .\CortexM3\ARM_GCC_441\Debug\PSoC Slave.a(CyLib.o)
 .text.CyPLL_OUT_SetSource
                0x00000000       0x7c .\CortexM3\ARM_GCC_441\Debug\PSoC Slave.a(CyLib.o)
 .text.CyIMO_Start
                0x00000000       0xd0 .\CortexM3\ARM_GCC_441\Debug\PSoC Slave.a(CyLib.o)
 .text.CyIMO_Stop
                0x00000000       0x24 .\CortexM3\ARM_GCC_441\Debug\PSoC Slave.a(CyLib.o)
 .text.CyUSB_PowerOnCheck
                0x00000000       0x74 .\CortexM3\ARM_GCC_441\Debug\PSoC Slave.a(CyLib.o)
 .text.CyIMO_SetTrimValue
                0x00000000      0x12c .\CortexM3\ARM_GCC_441\Debug\PSoC Slave.a(CyLib.o)
 .text.CyIMO_SetFreq
                0x00000000      0x1b4 .\CortexM3\ARM_GCC_441\Debug\PSoC Slave.a(CyLib.o)
 .text.CyIMO_SetSource
                0x00000000       0xb8 .\CortexM3\ARM_GCC_441\Debug\PSoC Slave.a(CyLib.o)
 .text.CyIMO_EnableDoubler
                0x00000000       0x28 .\CortexM3\ARM_GCC_441\Debug\PSoC Slave.a(CyLib.o)
 .text.CyIMO_DisableDoubler
                0x00000000       0x24 .\CortexM3\ARM_GCC_441\Debug\PSoC Slave.a(CyLib.o)
 .text.CyMasterClk_SetSource
                0x00000000       0x70 .\CortexM3\ARM_GCC_441\Debug\PSoC Slave.a(CyLib.o)
 .text.CyMasterClk_SetDivider
                0x00000000       0x20 .\CortexM3\ARM_GCC_441\Debug\PSoC Slave.a(CyLib.o)
 .text.CyBusClk_Internal_SetDivider
                0x00000000       0x84 .\CortexM3\ARM_GCC_441\Debug\PSoC Slave.a(CyLib.o)
 .text.CyBusClk_SetDivider
                0x00000000       0xa4 .\CortexM3\ARM_GCC_441\Debug\PSoC Slave.a(CyLib.o)
 .text.CyUsbClk_SetSource
                0x00000000       0x3c .\CortexM3\ARM_GCC_441\Debug\PSoC Slave.a(CyLib.o)
 .text.CyILO_Start1K
                0x00000000       0x28 .\CortexM3\ARM_GCC_441\Debug\PSoC Slave.a(CyLib.o)
 .text.CyILO_Stop1K
                0x00000000       0x24 .\CortexM3\ARM_GCC_441\Debug\PSoC Slave.a(CyLib.o)
 .text.CyILO_Start100K
                0x00000000       0x28 .\CortexM3\ARM_GCC_441\Debug\PSoC Slave.a(CyLib.o)
 .text.CyILO_Stop100K
                0x00000000       0x24 .\CortexM3\ARM_GCC_441\Debug\PSoC Slave.a(CyLib.o)
 .text.CyILO_Enable33K
                0x00000000       0x28 .\CortexM3\ARM_GCC_441\Debug\PSoC Slave.a(CyLib.o)
 .text.CyILO_Disable33K
                0x00000000       0x24 .\CortexM3\ARM_GCC_441\Debug\PSoC Slave.a(CyLib.o)
 .text.CyILO_SetSource
                0x00000000       0x44 .\CortexM3\ARM_GCC_441\Debug\PSoC Slave.a(CyLib.o)
 .text.CyILO_SetPowerMode
                0x00000000       0x58 .\CortexM3\ARM_GCC_441\Debug\PSoC Slave.a(CyLib.o)
 .text.CyXTAL_32KHZ_Start
                0x00000000       0x9c .\CortexM3\ARM_GCC_441\Debug\PSoC Slave.a(CyLib.o)
 .text.CyXTAL_32KHZ_Stop
                0x00000000       0x60 .\CortexM3\ARM_GCC_441\Debug\PSoC Slave.a(CyLib.o)
 .text.CyXTAL_32KHZ_ReadStatus
                0x00000000       0x1c .\CortexM3\ARM_GCC_441\Debug\PSoC Slave.a(CyLib.o)
 .text.CyXTAL_32KHZ_SetPowerMode
                0x00000000       0xf8 .\CortexM3\ARM_GCC_441\Debug\PSoC Slave.a(CyLib.o)
 .text.CyXTAL_Start
                0x00000000       0xe4 .\CortexM3\ARM_GCC_441\Debug\PSoC Slave.a(CyLib.o)
 .text.CyXTAL_Stop
                0x00000000       0x24 .\CortexM3\ARM_GCC_441\Debug\PSoC Slave.a(CyLib.o)
 .text.CyXTAL_SetStartup
                0x00000000       0x3c .\CortexM3\ARM_GCC_441\Debug\PSoC Slave.a(CyLib.o)
 .text.CySoftwareReset
                0x00000000       0x18 .\CortexM3\ARM_GCC_441\Debug\PSoC Slave.a(CyLib.o)
 .text.CyDelayFreq
                0x00000000       0xac .\CortexM3\ARM_GCC_441\Debug\PSoC Slave.a(CyLib.o)
 .text.CyWdtStart
                0x00000000       0x98 .\CortexM3\ARM_GCC_441\Debug\PSoC Slave.a(CyLib.o)
 .text.CyWdtClear
                0x00000000       0x44 .\CortexM3\ARM_GCC_441\Debug\PSoC Slave.a(CyLib.o)
 .text.CyVdLvDigitEnable
                0x00000000       0xb4 .\CortexM3\ARM_GCC_441\Debug\PSoC Slave.a(CyLib.o)
 .text.CyVdLvAnalogEnable
                0x00000000       0xb8 .\CortexM3\ARM_GCC_441\Debug\PSoC Slave.a(CyLib.o)
 .text.CyVdLvDigitDisable
                0x00000000       0x38 .\CortexM3\ARM_GCC_441\Debug\PSoC Slave.a(CyLib.o)
 .text.CyVdLvAnalogDisable
                0x00000000       0x38 .\CortexM3\ARM_GCC_441\Debug\PSoC Slave.a(CyLib.o)
 .text.CyVdHvAnalogEnable
                0x00000000       0x7c .\CortexM3\ARM_GCC_441\Debug\PSoC Slave.a(CyLib.o)
 .text.CyVdHvAnalogDisable
                0x00000000       0x24 .\CortexM3\ARM_GCC_441\Debug\PSoC Slave.a(CyLib.o)
 .text.CyVdStickyStatus
                0x00000000       0x4c .\CortexM3\ARM_GCC_441\Debug\PSoC Slave.a(CyLib.o)
 .text.CyVdRealTimeStatus
                0x00000000       0x30 .\CortexM3\ARM_GCC_441\Debug\PSoC Slave.a(CyLib.o)
 .text.CyDisableInts
                0x00000000       0x30 .\CortexM3\ARM_GCC_441\Debug\PSoC Slave.a(CyLib.o)
 .text.CyEnableInts
                0x00000000       0x20 .\CortexM3\ARM_GCC_441\Debug\PSoC Slave.a(CyLib.o)
 .text.CyFlushCache
                0x00000000       0x38 .\CortexM3\ARM_GCC_441\Debug\PSoC Slave.a(CyLib.o)
 .text.CyIntSetSysVector
                0x00000000       0x60 .\CortexM3\ARM_GCC_441\Debug\PSoC Slave.a(CyLib.o)
 .text.CyIntGetSysVector
                0x00000000       0x48 .\CortexM3\ARM_GCC_441\Debug\PSoC Slave.a(CyLib.o)
 .text.CyIntGetVector
                0x00000000       0x4c .\CortexM3\ARM_GCC_441\Debug\PSoC Slave.a(CyLib.o)
 .text.CyIntGetPriority
                0x00000000       0x44 .\CortexM3\ARM_GCC_441\Debug\PSoC Slave.a(CyLib.o)
 .text.CyIntGetState
                0x00000000       0x54 .\CortexM3\ARM_GCC_441\Debug\PSoC Slave.a(CyLib.o)
 .text.CyIntDisable
                0x00000000       0x48 .\CortexM3\ARM_GCC_441\Debug\PSoC Slave.a(CyLib.o)
 .text.CyIntSetPending
                0x00000000       0x48 .\CortexM3\ARM_GCC_441\Debug\PSoC Slave.a(CyLib.o)
 .text          0x00000000        0x0 .\CortexM3\ARM_GCC_441\Debug\PSoC Slave.a(cyPm.o)
 .data          0x00000000        0x0 .\CortexM3\ARM_GCC_441\Debug\PSoC Slave.a(cyPm.o)
 .bss           0x00000000       0xb8 .\CortexM3\ARM_GCC_441\Debug\PSoC Slave.a(cyPm.o)
 .rodata        0x00000000       0x10 .\CortexM3\ARM_GCC_441\Debug\PSoC Slave.a(cyPm.o)
 .text.CyPmSaveClocks
                0x00000000      0x320 .\CortexM3\ARM_GCC_441\Debug\PSoC Slave.a(cyPm.o)
 .text.CyPmRestoreClocks
                0x00000000      0x34c .\CortexM3\ARM_GCC_441\Debug\PSoC Slave.a(cyPm.o)
 .text.CyPmAltAct
                0x00000000       0x70 .\CortexM3\ARM_GCC_441\Debug\PSoC Slave.a(cyPm.o)
 .text.CyPmSleep
                0x00000000      0x134 .\CortexM3\ARM_GCC_441\Debug\PSoC Slave.a(cyPm.o)
 .text.CyPmHibernate
                0x00000000      0x100 .\CortexM3\ARM_GCC_441\Debug\PSoC Slave.a(cyPm.o)
 .text.CyPmReadStatus
                0x00000000       0x7c .\CortexM3\ARM_GCC_441\Debug\PSoC Slave.a(cyPm.o)
 .text.CyPmHibSaveSet
                0x00000000       0x90 .\CortexM3\ARM_GCC_441\Debug\PSoC Slave.a(cyPm.o)
 .text.CyPmHibRestore
                0x00000000       0x5c .\CortexM3\ARM_GCC_441\Debug\PSoC Slave.a(cyPm.o)
 .text.CyPmCtwSetInterval
                0x00000000       0xd8 .\CortexM3\ARM_GCC_441\Debug\PSoC Slave.a(cyPm.o)
 .text.CyPmOppsSet
                0x00000000       0x54 .\CortexM3\ARM_GCC_441\Debug\PSoC Slave.a(cyPm.o)
 .text.CyPmFtwSetInterval
                0x00000000       0xdc .\CortexM3\ARM_GCC_441\Debug\PSoC Slave.a(cyPm.o)
 .text.CyPmSavePicuInterrupts
                0x00000000       0x4c .\CortexM3\ARM_GCC_441\Debug\PSoC Slave.a(cyPm.o)
 .text.CyPmDisablePicuInterrupts
                0x00000000       0x44 .\CortexM3\ARM_GCC_441\Debug\PSoC Slave.a(cyPm.o)
 .text.CyPmRestorePicuInterrupts
                0x00000000       0x4c .\CortexM3\ARM_GCC_441\Debug\PSoC Slave.a(cyPm.o)
 .text.CyPmSlpSaveSet
                0x00000000      0x160 .\CortexM3\ARM_GCC_441\Debug\PSoC Slave.a(cyPm.o)
 .text.CyPmSlpRestore
                0x00000000       0xc4 .\CortexM3\ARM_GCC_441\Debug\PSoC Slave.a(cyPm.o)
 .text.CyPmHibSlpSaveSet
                0x00000000      0xbc8 .\CortexM3\ARM_GCC_441\Debug\PSoC Slave.a(cyPm.o)
 .text.CyPmHibSlpRestore
                0x00000000      0x724 .\CortexM3\ARM_GCC_441\Debug\PSoC Slave.a(cyPm.o)
 .text          0x00000000        0x0 .\CortexM3\ARM_GCC_441\Debug\PSoC Slave.a(cyfitter_cfg.o)
 .data          0x00000000        0x0 .\CortexM3\ARM_GCC_441\Debug\PSoC Slave.a(cyfitter_cfg.o)
 .bss           0x00000000        0x0 .\CortexM3\ARM_GCC_441\Debug\PSoC Slave.a(cyfitter_cfg.o)
 .text.CyClockStartupError
                0x00000000        0xc .\CortexM3\ARM_GCC_441\Debug\PSoC Slave.a(cyfitter_cfg.o)
 .text.SetAnalogRoutingPumps
                0x00000000       0x30 .\CortexM3\ARM_GCC_441\Debug\PSoC Slave.a(cyfitter_cfg.o)
 .text          0x00000000        0x0 .\CortexM3\ARM_GCC_441\Debug\PSoC Slave.a(CyFlash.o)
 .data          0x00000000        0x0 .\CortexM3\ARM_GCC_441\Debug\PSoC Slave.a(CyFlash.o)
 .bss           0x00000000        0x4 .\CortexM3\ARM_GCC_441\Debug\PSoC Slave.a(CyFlash.o)
 .text.CyFlash_Start
                0x00000000       0x4c .\CortexM3\ARM_GCC_441\Debug\PSoC Slave.a(CyFlash.o)
 .text.CyFlash_Stop
                0x00000000       0x40 .\CortexM3\ARM_GCC_441\Debug\PSoC Slave.a(CyFlash.o)
 .text.CySetTempInt
                0x00000000       0x98 .\CortexM3\ARM_GCC_441\Debug\PSoC Slave.a(CyFlash.o)
 .text.CySetTemp
                0x00000000       0x28 .\CortexM3\ARM_GCC_441\Debug\PSoC Slave.a(CyFlash.o)
 .text.CySetFlashEEBuffer
                0x00000000       0x50 .\CortexM3\ARM_GCC_441\Debug\PSoC Slave.a(CyFlash.o)
 .text.CyWriteRowData
                0x00000000       0xac .\CortexM3\ARM_GCC_441\Debug\PSoC Slave.a(CyFlash.o)
 .text.CyWriteRowFull
                0x00000000      0x124 .\CortexM3\ARM_GCC_441\Debug\PSoC Slave.a(CyFlash.o)
 .text.CyFlash_SetWaitCycles
                0x00000000       0xac .\CortexM3\ARM_GCC_441\Debug\PSoC Slave.a(CyFlash.o)
 .text.CyEEPROM_ReadReserve
                0x00000000       0x3c .\CortexM3\ARM_GCC_441\Debug\PSoC Slave.a(CyFlash.o)
 .text.CyEEPROM_ReadRelease
                0x00000000       0x20 .\CortexM3\ARM_GCC_441\Debug\PSoC Slave.a(CyFlash.o)
 COMMON         0x00000000        0x2 .\CortexM3\ARM_GCC_441\Debug\PSoC Slave.a(CyFlash.o)
 .text          0x00000000        0x0 .\CortexM3\ARM_GCC_441\Debug\PSoC Slave.a(CySpc.o)
 .data          0x00000000        0x0 .\CortexM3\ARM_GCC_441\Debug\PSoC Slave.a(CySpc.o)
 .bss           0x00000000        0x1 .\CortexM3\ARM_GCC_441\Debug\PSoC Slave.a(CySpc.o)
 .text.CySpcStart
                0x00000000       0x58 .\CortexM3\ARM_GCC_441\Debug\PSoC Slave.a(CySpc.o)
 .text.CySpcStop
                0x00000000       0x54 .\CortexM3\ARM_GCC_441\Debug\PSoC Slave.a(CySpc.o)
 .text.CySpcReadData
                0x00000000       0x64 .\CortexM3\ARM_GCC_441\Debug\PSoC Slave.a(CySpc.o)
 .text.CySpcLoadMultiByte
                0x00000000      0x118 .\CortexM3\ARM_GCC_441\Debug\PSoC Slave.a(CySpc.o)
 .text.CySpcLoadRow
                0x00000000       0xbc .\CortexM3\ARM_GCC_441\Debug\PSoC Slave.a(CySpc.o)
 .text.CySpcReadMultiByte
                0x00000000       0xd0 .\CortexM3\ARM_GCC_441\Debug\PSoC Slave.a(CySpc.o)
 .text.CySpcWriteRow
                0x00000000       0xcc .\CortexM3\ARM_GCC_441\Debug\PSoC Slave.a(CySpc.o)
 .text.CySpcProgramRow
                0x00000000       0xcc .\CortexM3\ARM_GCC_441\Debug\PSoC Slave.a(CySpc.o)
 .text.CySpcEraseSector
                0x00000000       0xb8 .\CortexM3\ARM_GCC_441\Debug\PSoC Slave.a(CySpc.o)
 .text.CySpcGetTemp
                0x00000000       0xc4 .\CortexM3\ARM_GCC_441\Debug\PSoC Slave.a(CySpc.o)
 .text.CySpcSetupTs
                0x00000000       0xb4 .\CortexM3\ARM_GCC_441\Debug\PSoC Slave.a(CySpc.o)
 .text.CySpcDisableTs
                0x00000000       0x60 .\CortexM3\ARM_GCC_441\Debug\PSoC Slave.a(CySpc.o)
 .text.CySpcEraseRow
                0x00000000       0xcc .\CortexM3\ARM_GCC_441\Debug\PSoC Slave.a(CySpc.o)
 .text.CySpcLock
                0x00000000       0x4c .\CortexM3\ARM_GCC_441\Debug\PSoC Slave.a(CySpc.o)
 .text.CySpcUnlock
                0x00000000       0x2c .\CortexM3\ARM_GCC_441\Debug\PSoC Slave.a(CySpc.o)
 .text          0x00000000        0x0 .\CortexM3\ARM_GCC_441\Debug\PSoC Slave.a(cyutils.o)
 .data          0x00000000        0x0 .\CortexM3\ARM_GCC_441\Debug\PSoC Slave.a(cyutils.o)
 .bss           0x00000000        0x0 .\CortexM3\ARM_GCC_441\Debug\PSoC Slave.a(cyutils.o)
 .data          0x00000000        0x0 c:/program files (x86)/cypress/psoc creator/2.1/psoc creator/import/gnu_cs/arm/4.4.1/bin/../lib/gcc/arm-none-eabi/4.4.1/../../../../arm-none-eabi/lib/thumb2\libc.a(lib_a-memcpy.o)
 .bss           0x00000000        0x0 c:/program files (x86)/cypress/psoc creator/2.1/psoc creator/import/gnu_cs/arm/4.4.1/bin/../lib/gcc/arm-none-eabi/4.4.1/../../../../arm-none-eabi/lib/thumb2\libc.a(lib_a-memcpy.o)
 .data          0x00000000        0x0 c:/program files (x86)/cypress/psoc creator/2.1/psoc creator/import/gnu_cs/arm/4.4.1/bin/../lib/gcc/arm-none-eabi/4.4.1/../../../../arm-none-eabi/lib/thumb2\libc.a(lib_a-memset.o)
 .bss           0x00000000        0x0 c:/program files (x86)/cypress/psoc creator/2.1/psoc creator/import/gnu_cs/arm/4.4.1/bin/../lib/gcc/arm-none-eabi/4.4.1/../../../../arm-none-eabi/lib/thumb2\libc.a(lib_a-memset.o)
 .text          0x00000000        0x0 c:/program files (x86)/cypress/psoc creator/2.1/psoc creator/import/gnu_cs/arm/4.4.1/bin/../lib/gcc/arm-none-eabi/4.4.1/thumb2/crtend.o
 .data          0x00000000        0x0 c:/program files (x86)/cypress/psoc creator/2.1/psoc creator/import/gnu_cs/arm/4.4.1/bin/../lib/gcc/arm-none-eabi/4.4.1/thumb2/crtend.o
 .bss           0x00000000        0x0 c:/program files (x86)/cypress/psoc creator/2.1/psoc creator/import/gnu_cs/arm/4.4.1/bin/../lib/gcc/arm-none-eabi/4.4.1/thumb2/crtend.o
 .text          0x00000000        0x0 c:/program files (x86)/cypress/psoc creator/2.1/psoc creator/import/gnu_cs/arm/4.4.1/bin/../lib/gcc/arm-none-eabi/4.4.1/thumb2/crtn.o
 .data          0x00000000        0x0 c:/program files (x86)/cypress/psoc creator/2.1/psoc creator/import/gnu_cs/arm/4.4.1/bin/../lib/gcc/arm-none-eabi/4.4.1/thumb2/crtn.o
 .bss           0x00000000        0x0 c:/program files (x86)/cypress/psoc creator/2.1/psoc creator/import/gnu_cs/arm/4.4.1/bin/../lib/gcc/arm-none-eabi/4.4.1/thumb2/crtn.o
 .data          0x00000000        0x0 c:/program files (x86)/cypress/psoc creator/2.1/psoc creator/import/gnu_cs/arm/4.4.1/bin/../lib/gcc/arm-none-eabi/4.4.1/../../../../arm-none-eabi/lib/thumb2\libcs3.a(start_c.o)
 .bss           0x00000000        0x0 c:/program files (x86)/cypress/psoc creator/2.1/psoc creator/import/gnu_cs/arm/4.4.1/bin/../lib/gcc/arm-none-eabi/4.4.1/../../../../arm-none-eabi/lib/thumb2\libcs3.a(start_c.o)
 .text          0x00000000        0x0 c:/program files (x86)/cypress/psoc creator/2.1/psoc creator/import/gnu_cs/arm/4.4.1/bin/../lib/gcc/arm-none-eabi/4.4.1/../../../../arm-none-eabi/lib/thumb2\libcs3micro.a(micro-vector.o)
 .data          0x00000000        0x0 c:/program files (x86)/cypress/psoc creator/2.1/psoc creator/import/gnu_cs/arm/4.4.1/bin/../lib/gcc/arm-none-eabi/4.4.1/../../../../arm-none-eabi/lib/thumb2\libcs3micro.a(micro-vector.o)
 .bss           0x00000000        0x0 c:/program files (x86)/cypress/psoc creator/2.1/psoc creator/import/gnu_cs/arm/4.4.1/bin/../lib/gcc/arm-none-eabi/4.4.1/../../../../arm-none-eabi/lib/thumb2\libcs3micro.a(micro-vector.o)
 .data          0x00000000        0x0 c:/program files (x86)/cypress/psoc creator/2.1/psoc creator/import/gnu_cs/arm/4.4.1/bin/../lib/gcc/arm-none-eabi/4.4.1/../../../../arm-none-eabi/lib/thumb2\libcs3micro.a(micro_isr_interrupt.o)
 .bss           0x00000000        0x0 c:/program files (x86)/cypress/psoc creator/2.1/psoc creator/import/gnu_cs/arm/4.4.1/bin/../lib/gcc/arm-none-eabi/4.4.1/../../../../arm-none-eabi/lib/thumb2\libcs3micro.a(micro_isr_interrupt.o)
 .data          0x00000000        0x0 c:/program files (x86)/cypress/psoc creator/2.1/psoc creator/import/gnu_cs/arm/4.4.1/bin/../lib/gcc/arm-none-eabi/4.4.1/../../../../arm-none-eabi/lib/thumb2\libc.a(lib_a-init.o)
 .bss           0x00000000        0x0 c:/program files (x86)/cypress/psoc creator/2.1/psoc creator/import/gnu_cs/arm/4.4.1/bin/../lib/gcc/arm-none-eabi/4.4.1/../../../../arm-none-eabi/lib/thumb2\libc.a(lib_a-init.o)

Memory Configuration

Name             Origin             Length             Attributes
rom              0x00000000         0x00040000         xr
ram              0x1fff8000         0x0000b000         xrw
*default*        0x00000000         0xffffffff

Linker script and memory map

LOAD c:/program files (x86)/cypress/psoc creator/2.1/psoc creator/import/gnu_cs/arm/4.4.1/bin/../lib/gcc/arm-none-eabi/4.4.1/thumb2/crti.o
LOAD c:/program files (x86)/cypress/psoc creator/2.1/psoc creator/import/gnu_cs/arm/4.4.1/bin/../lib/gcc/arm-none-eabi/4.4.1/thumb2/crtbegin.o
START GROUP
LOAD .\CortexM3\ARM_GCC_441\Debug\main.o
LOAD .\CortexM3\ARM_GCC_441\Debug\Cm3Start.o
LOAD .\CortexM3\ARM_GCC_441\Debug\PSoC Slave.a
LOAD C:\Program Files (x86)\Cypress\PSoC Creator\2.1\PSoC Creator\psoc\content\cycomponentlibrary\CyComponentLibrary.cylib\CortexM3\ARM_GCC_441\Debug\CyComponentLibrary.a
END GROUP
START GROUP
LOAD c:/program files (x86)/cypress/psoc creator/2.1/psoc creator/import/gnu_cs/arm/4.4.1/bin/../lib/gcc/arm-none-eabi/4.4.1/thumb2\libgcc.a
LOAD c:/program files (x86)/cypress/psoc creator/2.1/psoc creator/import/gnu_cs/arm/4.4.1/bin/../lib/gcc/arm-none-eabi/4.4.1/../../../../arm-none-eabi/lib/thumb2\libc.a
END GROUP
LOAD c:/program files (x86)/cypress/psoc creator/2.1/psoc creator/import/gnu_cs/arm/4.4.1/bin/../lib/gcc/arm-none-eabi/4.4.1/thumb2/crtend.o
LOAD c:/program files (x86)/cypress/psoc creator/2.1/psoc creator/import/gnu_cs/arm/4.4.1/bin/../lib/gcc/arm-none-eabi/4.4.1/thumb2/crtn.o
START GROUP
LOAD c:/program files (x86)/cypress/psoc creator/2.1/psoc creator/import/gnu_cs/arm/4.4.1/bin/../lib/gcc/arm-none-eabi/4.4.1/thumb2\libgcc.a
LOAD c:/program files (x86)/cypress/psoc creator/2.1/psoc creator/import/gnu_cs/arm/4.4.1/bin/../lib/gcc/arm-none-eabi/4.4.1/../../../../arm-none-eabi/lib/thumb2\libc.a
LOAD c:/program files (x86)/cypress/psoc creator/2.1/psoc creator/import/gnu_cs/arm/4.4.1/bin/../lib/gcc/arm-none-eabi/4.4.1/../../../../arm-none-eabi/lib/thumb2\libcs3.a
LOAD c:/program files (x86)/cypress/psoc creator/2.1/psoc creator/import/gnu_cs/arm/4.4.1/bin/../lib/gcc/arm-none-eabi/4.4.1/../../../../arm-none-eabi/lib/thumb2\libcs3unhosted.a
LOAD c:/program files (x86)/cypress/psoc creator/2.1/psoc creator/import/gnu_cs/arm/4.4.1/bin/../lib/gcc/arm-none-eabi/4.4.1/../../../../arm-none-eabi/lib/thumb2\libcs3micro.a
END GROUP
                0x1fff8140                PROVIDE (__cs3_heap_start, _end)
                0x00000001                PROVIDE (__cs3_region_num, ((__cs3_regions_end - __cs3_regions) / 0x14))
                0x20008000                PROVIDE (__cs3_stack, 0x20008000)
                0x20004000                PROVIDE (__cs3_heap_end, (__cs3_stack - 0x4000))

.text           0x00000000     0x1760
 CREATE_OBJECT_SYMBOLS
                0x00000000                __cs3_interrupt_vector = __cs3_interrupt_vector_micro
 *(.cs3.interrupt_vector)
 .cs3.interrupt_vector
                0x00000000       0xc0 c:/program files (x86)/cypress/psoc creator/2.1/psoc creator/import/gnu_cs/arm/4.4.1/bin/../lib/gcc/arm-none-eabi/4.4.1/../../../../arm-none-eabi/lib/thumb2\libcs3micro.a(micro-vector.o)
                0x00000000                __cs3_interrupt_vector_micro
                0x00000001                ASSERT ((. != __cs3_interrupt_vector_micro), No interrupt vector)
                0x00000194                PROVIDE (__cs3_reset, Reset)
 *(.cs3.reset)
                0x00000001                ASSERT ((. != __cs3_reset), No reset code)
 *(.dma_init)
                0x00000001                ASSERT ((((0x0 + .) <= 0x10000) || 0x1), DMA Init must be within the first 64k of flash)
 *(.text.cs3.init)
 .text.cs3.init
                0x000000c0       0x5c c:/program files (x86)/cypress/psoc creator/2.1/psoc creator/import/gnu_cs/arm/4.4.1/bin/../lib/gcc/arm-none-eabi/4.4.1/../../../../arm-none-eabi/lib/thumb2\libcs3.a(start_c.o)
                0x000000c0                __cs3_start_c
 *(.text .text.* .gnu.linkonce.t.*)
 .text          0x0000011c       0x30 c:/program files (x86)/cypress/psoc creator/2.1/psoc creator/import/gnu_cs/arm/4.4.1/bin/../lib/gcc/arm-none-eabi/4.4.1/thumb2/crtbegin.o
 .text.main     0x0000014c       0x48 .\CortexM3\ARM_GCC_441\Debug\main.o
                0x0000014c                main
 .text.Reset    0x00000194       0x24 .\CortexM3\ARM_GCC_441\Debug\Cm3Start.o
                0x00000194                Reset
 .text.initialize_psoc
                0x000001b8       0x9c .\CortexM3\ARM_GCC_441\Debug\Cm3Start.o
                0x000001b8                initialize_psoc
 .text.Debounce_Clock_Start
                0x00000254       0x28 .\CortexM3\ARM_GCC_441\Debug\PSoC Slave.a(Debounce_Clock.o)
                0x00000254                Debounce_Clock_Start
 .text.EZI2C_Start
                0x0000027c       0x2c .\CortexM3\ARM_GCC_441\Debug\PSoC Slave.a(EZI2C.o)
                0x0000027c                EZI2C_Start
 .text.EZI2C_EnableInt
                0x000002a8       0x10 .\CortexM3\ARM_GCC_441\Debug\PSoC Slave.a(EZI2C.o)
                0x000002a8                EZI2C_EnableInt
 .text.EZI2C_SetBuffer1
                0x000002b8       0x60 .\CortexM3\ARM_GCC_441\Debug\PSoC Slave.a(EZI2C.o)
                0x000002b8                EZI2C_SetBuffer1
 .text.EZI2C_Init
                0x00000318      0x128 .\CortexM3\ARM_GCC_441\Debug\PSoC Slave.a(EZI2C.o)
                0x00000318                EZI2C_Init
 .text.EZI2C_Enable
                0x00000440       0x9c .\CortexM3\ARM_GCC_441\Debug\PSoC Slave.a(EZI2C.o)
                0x00000440                EZI2C_Enable
 .text.EZI2C_ISR
                0x000004dc      0x3f0 .\CortexM3\ARM_GCC_441\Debug\PSoC Slave.a(EZI2C_INT.o)
                0x000004dc                EZI2C_ISR
 .text.LCD_Init
                0x000008cc       0x90 .\CortexM3\ARM_GCC_441\Debug\PSoC Slave.a(LCD.o)
                0x000008cc                LCD_Init
 .text.LCD_Enable
                0x0000095c       0x1c .\CortexM3\ARM_GCC_441\Debug\PSoC Slave.a(LCD.o)
                0x0000095c                LCD_Enable
 .text.LCD_Start
                0x00000978       0x2c .\CortexM3\ARM_GCC_441\Debug\PSoC Slave.a(LCD.o)
                0x00000978                LCD_Start
 .text.LCD_WriteControl
                0x000009a4       0x40 .\CortexM3\ARM_GCC_441\Debug\PSoC Slave.a(LCD.o)
                0x000009a4                LCD_WriteControl
 .text.LCD_IsReady
                0x000009e4      0x1fc .\CortexM3\ARM_GCC_441\Debug\PSoC Slave.a(LCD.o)
                0x000009e4                LCD_IsReady
 .text.LCD_WrCntrlNib
                0x00000be0       0x8c .\CortexM3\ARM_GCC_441\Debug\PSoC Slave.a(LCD.o)
                0x00000be0                LCD_WrCntrlNib
 *fill*         0x00000c6c        0x4 00
 .text          0x00000c70       0x20 .\CortexM3\ARM_GCC_441\Debug\PSoC Slave.a(CyBootAsmGnu.o)
                0x00000c70                CyDelayCycles
                0x00000c80                CyEnterCriticalSection
                0x00000c88                CyExitCriticalSection
 .text.CyHalt   0x00000c90       0x18 .\CortexM3\ARM_GCC_441\Debug\PSoC Slave.a(CyLib.o)
                0x00000c90                CyHalt
 .text.CyDelay  0x00000ca8       0x48 .\CortexM3\ARM_GCC_441\Debug\PSoC Slave.a(CyLib.o)
                0x00000ca8                CyDelay
 .text.CyDelayUs
                0x00000cf0       0x28 .\CortexM3\ARM_GCC_441\Debug\PSoC Slave.a(CyLib.o)
                0x00000cf0                CyDelayUs
 .text.CyIntSetVector
                0x00000d18       0x68 .\CortexM3\ARM_GCC_441\Debug\PSoC Slave.a(CyLib.o)
                0x00000d18                CyIntSetVector
 .text.CyIntSetPriority
                0x00000d80       0x5c .\CortexM3\ARM_GCC_441\Debug\PSoC Slave.a(CyLib.o)
                0x00000d80                CyIntSetPriority
 .text.CyIntEnable
                0x00000ddc       0x48 .\CortexM3\ARM_GCC_441\Debug\PSoC Slave.a(CyLib.o)
                0x00000ddc                CyIntEnable
 .text.CyIntClearPending
                0x00000e24       0x48 .\CortexM3\ARM_GCC_441\Debug\PSoC Slave.a(CyLib.o)
                0x00000e24                CyIntClearPending
 .text.cymemzero8
                0x00000e6c       0x44 .\CortexM3\ARM_GCC_441\Debug\PSoC Slave.a(cyfitter_cfg.o)
 .text.cymemcpy8
                0x00000eb0       0x50 .\CortexM3\ARM_GCC_441\Debug\PSoC Slave.a(cyfitter_cfg.o)
 .text.cfg_write_bytes32
                0x00000f00       0x94 .\CortexM3\ARM_GCC_441\Debug\PSoC Slave.a(cyfitter_cfg.o)
 .text.ClockSetup
                0x00000f94      0x164 .\CortexM3\ARM_GCC_441\Debug\PSoC Slave.a(cyfitter_cfg.o)
 .text.AnalogSetDefault
                0x000010f8       0x98 .\CortexM3\ARM_GCC_441\Debug\PSoC Slave.a(cyfitter_cfg.o)
                0x000010f8                AnalogSetDefault
 .text.cyfitter_cfg
                0x00001190      0x29c .\CortexM3\ARM_GCC_441\Debug\PSoC Slave.a(cyfitter_cfg.o)
                0x00001190                cyfitter_cfg
 .text.CySetReg24
                0x0000142c       0x4c .\CortexM3\ARM_GCC_441\Debug\PSoC Slave.a(cyutils.o)
                0x0000142c                CySetReg24
 .text          0x00001478      0x190 c:/program files (x86)/cypress/psoc creator/2.1/psoc creator/import/gnu_cs/arm/4.4.1/bin/../lib/gcc/arm-none-eabi/4.4.1/../../../../arm-none-eabi/lib/thumb2\libc.a(lib_a-memcpy.o)
                0x00001478                memcpy
 .text          0x00001608       0xd4 c:/program files (x86)/cypress/psoc creator/2.1/psoc creator/import/gnu_cs/arm/4.4.1/bin/../lib/gcc/arm-none-eabi/4.4.1/../../../../arm-none-eabi/lib/thumb2\libc.a(lib_a-memset.o)
                0x00001608                memset
 .text          0x000016dc       0x30 c:/program files (x86)/cypress/psoc creator/2.1/psoc creator/import/gnu_cs/arm/4.4.1/bin/../lib/gcc/arm-none-eabi/4.4.1/../../../../arm-none-eabi/lib/thumb2\libcs3.a(start_c.o)
                0x000016dc                __cs3_premain
 .text          0x0000170c        0x2 c:/program files (x86)/cypress/psoc creator/2.1/psoc creator/import/gnu_cs/arm/4.4.1/bin/../lib/gcc/arm-none-eabi/4.4.1/../../../../arm-none-eabi/lib/thumb2\libcs3micro.a(micro_isr_interrupt.o)
                0x0000170c                __cs3_isr_external_24
                0x0000170c                __cs3_isr_external_9
                0x0000170c                __cs3_isr_external_14
                0x0000170c                __cs3_isr_reserved_9
                0x0000170c                __cs3_isr_external_4
                0x0000170c                __cs3_isr_external_21
                0x0000170c                __cs3_isr_external_0
                0x0000170c                __cs3_isr_external_27
                0x0000170c                __cs3_isr_external_11
                0x0000170c                __cs3_isr_usage_fault
                0x0000170c                __cs3_isr_svcall
                0x0000170c                __cs3_isr_external_3
                0x0000170c                __cs3_isr_mpu_fault
                0x0000170c                __cs3_isr_external_16
                0x0000170c                __cs3_isr_pendsv
                0x0000170c                __cs3_isr_external_31
                0x0000170c                __cs3_isr_nmi
                0x0000170c                __cs3_isr_external_5
                0x0000170c                __cs3_isr_external_6
                0x0000170c                __cs3_isr_external_12
                0x0000170c                __cs3_isr_hard_fault
                0x0000170c                __cs3_isr_bus_fault
                0x0000170c                __cs3_isr_external_1
                0x0000170c                __cs3_isr_external_13
                0x0000170c                __cs3_isr_external_30
                0x0000170c                __cs3_isr_external_23
                0x0000170c                __cs3_isr_external_20
                0x0000170c                __cs3_isr_debug
                0x0000170c                __cs3_isr_reserved_13
                0x0000170c                __cs3_isr_external_8
                0x0000170c                __cs3_isr_external_26
                0x0000170c                __cs3_isr_reserved_8
                0x0000170c                __cs3_isr_reserved_7
                0x0000170c                __cs3_isr_external_7
                0x0000170c                __cs3_isr_external_28
                0x0000170c                __cs3_isr_systick
                0x0000170c                __cs3_isr_external_22
                0x0000170c                __cs3_isr_external_10
                0x0000170c                __cs3_isr_external_15
                0x0000170c                __cs3_isr_interrupt
                0x0000170c                __cs3_isr_external_18
                0x0000170c                __cs3_isr_external_29
                0x0000170c                __cs3_isr_external_25
                0x0000170c                __cs3_isr_reserved_10
                0x0000170c                __cs3_isr_external_2
                0x0000170c                __cs3_isr_external_17
                0x0000170c                __cs3_isr_external_19
 *fill*         0x0000170e        0x2 00
 .text          0x00001710       0x50 c:/program files (x86)/cypress/psoc creator/2.1/psoc creator/import/gnu_cs/arm/4.4.1/bin/../lib/gcc/arm-none-eabi/4.4.1/../../../../arm-none-eabi/lib/thumb2\libc.a(lib_a-init.o)
                0x00001710                __libc_init_array
 *(.plt)
 *(.gnu.warning)
 *(.glue_7t)
 .glue_7t       0x00000000        0x0 linker stubs
 *(.glue_7)
 .glue_7        0x00000000        0x0 linker stubs
 *(.vfp11_veneer)
 .vfp11_veneer  0x00000000        0x0 linker stubs
 *(.bootloader)
 *(.ARM.extab* .gnu.linkonce.armextab.*)
 *(.gcc_except_table)

.v4_bx          0x00001760        0x0
 .v4_bx         0x00000000        0x0 linker stubs

.eh_frame_hdr
 *(.eh_frame_hdr)

.eh_frame
 *(.eh_frame)
                0x00001760                PROVIDE (__exidx_start, .)

.ARM.exidx
 *(.ARM.exidx* .gnu.linkonce.armexidx.*)
                0x00001760                __exidx_end = .

.rodata         0x00001760       0x68
 *(.rodata .rodata.* .gnu.linkonce.r.*)
 .rodata        0x00001760       0x2c .\CortexM3\ARM_GCC_441\Debug\PSoC Slave.a(cyfitter_cfg.o)
                0x0000178c                . = ALIGN (0x4)
 *(.init)
 .init          0x0000178c        0x4 c:/program files (x86)/cypress/psoc creator/2.1/psoc creator/import/gnu_cs/arm/4.4.1/bin/../lib/gcc/arm-none-eabi/4.4.1/thumb2/crti.o
                0x0000178c                _init
 .init          0x00001790        0x8 c:/program files (x86)/cypress/psoc creator/2.1/psoc creator/import/gnu_cs/arm/4.4.1/bin/../lib/gcc/arm-none-eabi/4.4.1/thumb2/crtn.o
                0x00001798                . = ALIGN (0x4)
                0x00001798                __preinit_array_start = .
 *(.preinit_array)
                0x00001798                __preinit_array_end = .
                0x00001798                . = ALIGN (0x4)
                0x00001798                __init_array_start = .
 *(SORT(.init_array.*))
 *(.init_array)
 .init_array    0x00001798        0x4 c:/program files (x86)/cypress/psoc creator/2.1/psoc creator/import/gnu_cs/arm/4.4.1/bin/../lib/gcc/arm-none-eabi/4.4.1/thumb2/crtbegin.o
 .init_array    0x0000179c        0x4 .\CortexM3\ARM_GCC_441\Debug\Cm3Start.o
                0x000017a0                __init_array_end = .
                0x000017a0                . = ALIGN (0x4)
 *(.fini)
 .fini          0x000017a0        0x4 c:/program files (x86)/cypress/psoc creator/2.1/psoc creator/import/gnu_cs/arm/4.4.1/bin/../lib/gcc/arm-none-eabi/4.4.1/thumb2/crti.o
                0x000017a0                _fini
 .fini          0x000017a4        0x8 c:/program files (x86)/cypress/psoc creator/2.1/psoc creator/import/gnu_cs/arm/4.4.1/bin/../lib/gcc/arm-none-eabi/4.4.1/thumb2/crtn.o
                0x000017ac                . = ALIGN (0x4)
                0x000017ac                __fini_array_start = .
 *(.fini_array)
 .fini_array    0x000017ac        0x4 c:/program files (x86)/cypress/psoc creator/2.1/psoc creator/import/gnu_cs/arm/4.4.1/bin/../lib/gcc/arm-none-eabi/4.4.1/thumb2/crtbegin.o
 *(SORT(.fini_array.*))
                0x000017b0                __fini_array_end = .
                0x000017b0                . = ALIGN (0x4)
 *crtbegin.o(.ctors)
 *(EXCLUDE_FILE(*crtend.o) .ctors)
 *(SORT(.ctors.*))
 *crtend.o(.ctors)
                0x000017b0                . = ALIGN (0x4)
 *crtbegin.o(.dtors)
 *(EXCLUDE_FILE(*crtend.o) .dtors)
 *(SORT(.dtors.*))
 *crtend.o(.dtors)
                0x000017b0                . = ALIGN (0x4)
                0x000017b0                __cs3_regions = .
                0x000017b0        0x4 LONG 0x0
                0x000017b4        0x4 LONG 0x17c8 __cs3_region_init_ram
                0x000017b8        0x4 LONG 0x1fff8000 __cs3_region_start_ram
                0x000017bc        0x4 LONG 0x118 __cs3_region_init_size_ram
                0x000017c0        0x4 LONG 0x28 __cs3_region_zero_size_ram
                0x000017c4                __cs3_regions_end = .
                0x000017c8                . = ALIGN (0x8)
 *fill*         0x000017c4        0x4 00
                0x000017c8                _etext = .

.data           0x1fff8000      0x118 load address 0x000017c8
                0x1fff8000                __cs3_region_start_ram = .
 *(.cs3.region-head.ram)
                0x1fff8001                ASSERT ((. == __cs3_region_start_ram), .cs3.region-head.ram not permitted)
 *(.ramvectors)
 .ramvectors    0x1fff8000      0x100 .\CortexM3\ARM_GCC_441\Debug\Cm3Start.o
                0x1fff8000                CyRamVectors
 *(.jcr)
 .jcr           0x1fff8100        0x0 c:/program files (x86)/cypress/psoc creator/2.1/psoc creator/import/gnu_cs/arm/4.4.1/bin/../lib/gcc/arm-none-eabi/4.4.1/thumb2/crtbegin.o
 .jcr           0x1fff8100        0x4 c:/program files (x86)/cypress/psoc creator/2.1/psoc creator/import/gnu_cs/arm/4.4.1/bin/../lib/gcc/arm-none-eabi/4.4.1/thumb2/crtend.o
 *(.got.plt)
 *(.got)
 *(.shdata)
 *(.data .data.* .gnu.linkonce.d.*)
 .data          0x1fff8104       0x10 .\CortexM3\ARM_GCC_441\Debug\PSoC Slave.a(CyLib.o)
                0x1fff8104                cydelay_freq_hz
                0x1fff8108                cydelay_freq_khz
                0x1fff810c                cydelay_freq_mhz
                0x1fff8110                cydelay_32k_ms
                0x1fff8118                . = ALIGN (0x8)
 *fill*         0x1fff8114        0x4 00
 *(.ram)
                0x1fff8118                _edata = .

.bss            0x1fff8118       0x28 load address 0x000018e0
 *(.shbss)
 *(.bss .bss.* .gnu.linkonce.b.*)
 .bss           0x1fff8118        0x1 c:/program files (x86)/cypress/psoc creator/2.1/psoc creator/import/gnu_cs/arm/4.4.1/bin/../lib/gcc/arm-none-eabi/4.4.1/thumb2/crtbegin.o
 .bss           0x1fff8119        0x1 .\CortexM3\ARM_GCC_441\Debug\PSoC Slave.a(EZI2C.o)
                0x1fff8119                EZI2C_initVar
 .bss           0x1fff811a        0x2 .\CortexM3\ARM_GCC_441\Debug\PSoC Slave.a(EZI2C_INT.o)
 .bss           0x1fff811c        0x2 .\CortexM3\ARM_GCC_441\Debug\PSoC Slave.a(LCD.o)
                0x1fff811c                LCD_enableState
                0x1fff811d                LCD_initVar
 *(COMMON)
 *fill*         0x1fff811e        0x2 00
 COMMON         0x1fff8120       0x10 .\CortexM3\ARM_GCC_441\Debug\main.o
                0x1fff8120                i2cBufferWrite
                0x1fff8128                ezi2cBuffer
                0x1fff812c                i2cBufferRead
 COMMON         0x1fff8130        0xd .\CortexM3\ARM_GCC_441\Debug\PSoC Slave.a(EZI2C_INT.o)
                0x1fff8130                EZI2C_bufSizeS1
                0x1fff8131                EZI2C_curState
                0x1fff8132                EZI2C_rwIndexS1
                0x1fff8133                EZI2C_wrProtectS1
                0x1fff8134                EZI2C_curStatus
                0x1fff8138                EZI2C_dataPtrS1
                0x1fff813c                EZI2C_rwOffsetS1
 COMMON         0x1fff813d        0x1 .\CortexM3\ARM_GCC_441\Debug\PSoC Slave.a(CyLib.o)
                0x1fff813d                CyResetStatus
                0x1fff8140                . = ALIGN (0x8)
 *fill*         0x1fff813e        0x2 00
 *(.ram.b)
                0x1fff8140                _end = .
                0x1fff8140                __end = .
                0x20003000                __cs3_region_end_ram = (__cs3_region_start_ram + 0xb000)
                0x0000b000                __cs3_region_size_ram = 0xb000
                0x000017c8                __cs3_region_init_ram = LOADADDR (.data)
                0x00000118                __cs3_region_init_size_ram = (_edata - ADDR (.data))
                0x00000028                __cs3_region_zero_size_ram = (_end - _edata)

.stab
 *(.stab)

.stabstr
 *(.stabstr)

.debug
 *(.debug)

.line
 *(.line)

.debug_srcinfo
 *(.debug_srcinfo)

.debug_sfnames
 *(.debug_sfnames)

.comment        0x00000000      0x204
 .comment       0x00000000       0x2b .\CortexM3\ARM_GCC_441\Debug\main.o
 .comment       0x0000002b       0x2b .\CortexM3\ARM_GCC_441\Debug\Cm3Start.o
 .comment       0x00000056       0x2b .\CortexM3\ARM_GCC_441\Debug\PSoC Slave.a(Debounce_Clock.o)
 .comment       0x00000081       0x2b .\CortexM3\ARM_GCC_441\Debug\PSoC Slave.a(EZI2C.o)
 .comment       0x000000ac       0x2b .\CortexM3\ARM_GCC_441\Debug\PSoC Slave.a(EZI2C_INT.o)
 .comment       0x000000d7       0x2b .\CortexM3\ARM_GCC_441\Debug\PSoC Slave.a(LCD.o)
 .comment       0x00000102       0x2b .\CortexM3\ARM_GCC_441\Debug\PSoC Slave.a(CyLib.o)
 .comment       0x0000012d       0x2b .\CortexM3\ARM_GCC_441\Debug\PSoC Slave.a(cyPm.o)
 .comment       0x00000158       0x2b .\CortexM3\ARM_GCC_441\Debug\PSoC Slave.a(cyfitter_cfg.o)
 .comment       0x00000183       0x2b .\CortexM3\ARM_GCC_441\Debug\PSoC Slave.a(CyFlash.o)
 .comment       0x000001ae       0x2b .\CortexM3\ARM_GCC_441\Debug\PSoC Slave.a(CySpc.o)
 .comment       0x000001d9       0x2b .\CortexM3\ARM_GCC_441\Debug\PSoC Slave.a(cyutils.o)

.debug_aranges  0x00000000      0x628
 *(.debug_aranges)
 .debug_aranges
                0x00000000       0x30 .\CortexM3\ARM_GCC_441\Debug\main.o
 .debug_aranges
                0x00000030       0x30 .\CortexM3\ARM_GCC_441\Debug\Cm3Start.o
 .debug_aranges
                0x00000060       0x68 .\CortexM3\ARM_GCC_441\Debug\PSoC Slave.a(Debounce_Clock.o)
 .debug_aranges
                0x000000c8       0x78 .\CortexM3\ARM_GCC_441\Debug\PSoC Slave.a(EZI2C.o)
 .debug_aranges
                0x00000140       0x20 .\CortexM3\ARM_GCC_441\Debug\PSoC Slave.a(EZI2C_INT.o)
 .debug_aranges
                0x00000160       0x90 .\CortexM3\ARM_GCC_441\Debug\PSoC Slave.a(LCD.o)
 .debug_aranges
                0x000001f0       0x20 .\CortexM3\ARM_GCC_441\Debug\PSoC Slave.a(CyBootAsmGnu.o)
 .debug_aranges
                0x00000210      0x200 .\CortexM3\ARM_GCC_441\Debug\PSoC Slave.a(CyLib.o)
 .debug_aranges
                0x00000410       0xa8 .\CortexM3\ARM_GCC_441\Debug\PSoC Slave.a(cyPm.o)
 .debug_aranges
                0x000004b8       0x58 .\CortexM3\ARM_GCC_441\Debug\PSoC Slave.a(cyfitter_cfg.o)
 .debug_aranges
                0x00000510       0x68 .\CortexM3\ARM_GCC_441\Debug\PSoC Slave.a(CyFlash.o)
 .debug_aranges
                0x00000578       0x90 .\CortexM3\ARM_GCC_441\Debug\PSoC Slave.a(CySpc.o)
 .debug_aranges
                0x00000608       0x20 .\CortexM3\ARM_GCC_441\Debug\PSoC Slave.a(cyutils.o)

.debug_pubnames
                0x00000000      0xe0d
 *(.debug_pubnames)
 .debug_pubnames
                0x00000000       0x96 .\CortexM3\ARM_GCC_441\Debug\main.o
 .debug_pubnames
                0x00000096       0x57 .\CortexM3\ARM_GCC_441\Debug\Cm3Start.o
 .debug_pubnames
                0x000000ed      0x164 .\CortexM3\ARM_GCC_441\Debug\PSoC Slave.a(Debounce_Clock.o)
 .debug_pubnames
                0x00000251      0x11a .\CortexM3\ARM_GCC_441\Debug\PSoC Slave.a(EZI2C.o)
 .debug_pubnames
                0x0000036b       0xae .\CortexM3\ARM_GCC_441\Debug\PSoC Slave.a(EZI2C_INT.o)
 .debug_pubnames
                0x00000419      0x14d .\CortexM3\ARM_GCC_441\Debug\PSoC Slave.a(LCD.o)
 .debug_pubnames
                0x00000566      0x558 .\CortexM3\ARM_GCC_441\Debug\PSoC Slave.a(CyLib.o)
 .debug_pubnames
                0x00000abe       0xbb .\CortexM3\ARM_GCC_441\Debug\PSoC Slave.a(cyPm.o)
 .debug_pubnames
                0x00000b79       0x52 .\CortexM3\ARM_GCC_441\Debug\PSoC Slave.a(cyfitter_cfg.o)
 .debug_pubnames
                0x00000bcb       0xf0 .\CortexM3\ARM_GCC_441\Debug\PSoC Slave.a(CyFlash.o)
 .debug_pubnames
                0x00000cbb      0x131 .\CortexM3\ARM_GCC_441\Debug\PSoC Slave.a(CySpc.o)
 .debug_pubnames
                0x00000dec       0x21 .\CortexM3\ARM_GCC_441\Debug\PSoC Slave.a(cyutils.o)

.debug_info     0x00000000     0x2b7b
 *(.debug_info .gnu.linkonce.wi.*)
 .debug_info    0x00000000      0x143 .\CortexM3\ARM_GCC_441\Debug\main.o
 .debug_info    0x00000143      0x127 .\CortexM3\ARM_GCC_441\Debug\Cm3Start.o
 .debug_info    0x0000026a      0x229 .\CortexM3\ARM_GCC_441\Debug\PSoC Slave.a(Debounce_Clock.o)
 .debug_info    0x00000493      0x2ad .\CortexM3\ARM_GCC_441\Debug\PSoC Slave.a(EZI2C.o)
 .debug_info    0x00000740      0x147 .\CortexM3\ARM_GCC_441\Debug\PSoC Slave.a(EZI2C_INT.o)
 .debug_info    0x00000887      0x39e .\CortexM3\ARM_GCC_441\Debug\PSoC Slave.a(LCD.o)
 .debug_info    0x00000c25       0x93 .\CortexM3\ARM_GCC_441\Debug\PSoC Slave.a(CyBootAsmGnu.o)
 .debug_info    0x00000cb8      0xc87 .\CortexM3\ARM_GCC_441\Debug\PSoC Slave.a(CyLib.o)
 .debug_info    0x0000193f      0x5c3 .\CortexM3\ARM_GCC_441\Debug\PSoC Slave.a(cyPm.o)
 .debug_info    0x00001f02      0x350 .\CortexM3\ARM_GCC_441\Debug\PSoC Slave.a(cyfitter_cfg.o)
 .debug_info    0x00002252      0x2e4 .\CortexM3\ARM_GCC_441\Debug\PSoC Slave.a(CyFlash.o)
 .debug_info    0x00002536      0x577 .\CortexM3\ARM_GCC_441\Debug\PSoC Slave.a(CySpc.o)
 .debug_info    0x00002aad       0xce .\CortexM3\ARM_GCC_441\Debug\PSoC Slave.a(cyutils.o)

.debug_abbrev   0x00000000      0xbf4
 *(.debug_abbrev)
 .debug_abbrev  0x00000000       0xa5 .\CortexM3\ARM_GCC_441\Debug\main.o
 .debug_abbrev  0x000000a5       0xe3 .\CortexM3\ARM_GCC_441\Debug\Cm3Start.o
 .debug_abbrev  0x00000188       0xcf .\CortexM3\ARM_GCC_441\Debug\PSoC Slave.a(Debounce_Clock.o)
 .debug_abbrev  0x00000257      0x130 .\CortexM3\ARM_GCC_441\Debug\PSoC Slave.a(EZI2C.o)
 .debug_abbrev  0x00000387       0x80 .\CortexM3\ARM_GCC_441\Debug\PSoC Slave.a(EZI2C_INT.o)
 .debug_abbrev  0x00000407      0x103 .\CortexM3\ARM_GCC_441\Debug\PSoC Slave.a(LCD.o)
 .debug_abbrev  0x0000050a       0x14 .\CortexM3\ARM_GCC_441\Debug\PSoC Slave.a(CyBootAsmGnu.o)
 .debug_abbrev  0x0000051e      0x172 .\CortexM3\ARM_GCC_441\Debug\PSoC Slave.a(CyLib.o)
 .debug_abbrev  0x00000690      0x137 .\CortexM3\ARM_GCC_441\Debug\PSoC Slave.a(cyPm.o)
 .debug_abbrev  0x000007c7      0x15b .\CortexM3\ARM_GCC_441\Debug\PSoC Slave.a(cyfitter_cfg.o)
 .debug_abbrev  0x00000922      0x12a .\CortexM3\ARM_GCC_441\Debug\PSoC Slave.a(CyFlash.o)
 .debug_abbrev  0x00000a4c      0x139 .\CortexM3\ARM_GCC_441\Debug\PSoC Slave.a(CySpc.o)
 .debug_abbrev  0x00000b85       0x6f .\CortexM3\ARM_GCC_441\Debug\PSoC Slave.a(cyutils.o)

.debug_line     0x00000000     0x164b
 *(.debug_line)
 .debug_line    0x00000000       0x9d .\CortexM3\ARM_GCC_441\Debug\main.o
 .debug_line    0x0000009d       0xcd .\CortexM3\ARM_GCC_441\Debug\Cm3Start.o
 .debug_line    0x0000016a      0x15f .\CortexM3\ARM_GCC_441\Debug\PSoC Slave.a(Debounce_Clock.o)
 .debug_line    0x000002c9      0x177 .\CortexM3\ARM_GCC_441\Debug\PSoC Slave.a(EZI2C.o)
 .debug_line    0x00000440       0xd1 .\CortexM3\ARM_GCC_441\Debug\PSoC Slave.a(EZI2C_INT.o)
 .debug_line    0x00000511      0x1d7 .\CortexM3\ARM_GCC_441\Debug\PSoC Slave.a(LCD.o)
 .debug_line    0x000006e8       0x67 .\CortexM3\ARM_GCC_441\Debug\PSoC Slave.a(CyBootAsmGnu.o)
 .debug_line    0x0000074f      0x5ea .\CortexM3\ARM_GCC_441\Debug\PSoC Slave.a(CyLib.o)
 .debug_line    0x00000d39      0x3b3 .\CortexM3\ARM_GCC_441\Debug\PSoC Slave.a(cyPm.o)
 .debug_line    0x000010ec      0x156 .\CortexM3\ARM_GCC_441\Debug\PSoC Slave.a(cyfitter_cfg.o)
 .debug_line    0x00001242      0x16a .\CortexM3\ARM_GCC_441\Debug\PSoC Slave.a(CyFlash.o)
 .debug_line    0x000013ac      0x21e .\CortexM3\ARM_GCC_441\Debug\PSoC Slave.a(CySpc.o)
 .debug_line    0x000015ca       0x81 .\CortexM3\ARM_GCC_441\Debug\PSoC Slave.a(cyutils.o)

.debug_frame    0x00000000     0x13a4
 *(.debug_frame)
 .debug_frame   0x00000000       0x64 .\CortexM3\ARM_GCC_441\Debug\main.o
 .debug_frame   0x00000064       0x5c .\CortexM3\ARM_GCC_441\Debug\Cm3Start.o
 .debug_frame   0x000000c0      0x130 .\CortexM3\ARM_GCC_441\Debug\PSoC Slave.a(Debounce_Clock.o)
 .debug_frame   0x000001f0      0x168 .\CortexM3\ARM_GCC_441\Debug\PSoC Slave.a(EZI2C.o)
 .debug_frame   0x00000358       0x2c .\CortexM3\ARM_GCC_441\Debug\PSoC Slave.a(EZI2C_INT.o)
 .debug_frame   0x00000384      0x1e0 .\CortexM3\ARM_GCC_441\Debug\PSoC Slave.a(LCD.o)
 .debug_frame   0x00000564      0x72c .\CortexM3\ARM_GCC_441\Debug\PSoC Slave.a(CyLib.o)
 .debug_frame   0x00000c90      0x224 .\CortexM3\ARM_GCC_441\Debug\PSoC Slave.a(cyPm.o)
 .debug_frame   0x00000eb4       0xf8 .\CortexM3\ARM_GCC_441\Debug\PSoC Slave.a(cyfitter_cfg.o)
 .debug_frame   0x00000fac      0x13c .\CortexM3\ARM_GCC_441\Debug\PSoC Slave.a(CyFlash.o)
 .debug_frame   0x000010e8      0x1c8 .\CortexM3\ARM_GCC_441\Debug\PSoC Slave.a(CySpc.o)
 .debug_frame   0x000012b0       0x2c .\CortexM3\ARM_GCC_441\Debug\PSoC Slave.a(cyutils.o)
 .debug_frame   0x000012dc       0x34 c:/program files (x86)/cypress/psoc creator/2.1/psoc creator/import/gnu_cs/arm/4.4.1/bin/../lib/gcc/arm-none-eabi/4.4.1/../../../../arm-none-eabi/lib/thumb2\libc.a(lib_a-memcpy.o)
 .debug_frame   0x00001310       0x28 c:/program files (x86)/cypress/psoc creator/2.1/psoc creator/import/gnu_cs/arm/4.4.1/bin/../lib/gcc/arm-none-eabi/4.4.1/../../../../arm-none-eabi/lib/thumb2\libc.a(lib_a-memset.o)
 .debug_frame   0x00001338       0x40 c:/program files (x86)/cypress/psoc creator/2.1/psoc creator/import/gnu_cs/arm/4.4.1/bin/../lib/gcc/arm-none-eabi/4.4.1/../../../../arm-none-eabi/lib/thumb2\libcs3.a(start_c.o)
 .debug_frame   0x00001378       0x2c c:/program files (x86)/cypress/psoc creator/2.1/psoc creator/import/gnu_cs/arm/4.4.1/bin/../lib/gcc/arm-none-eabi/4.4.1/../../../../arm-none-eabi/lib/thumb2\libc.a(lib_a-init.o)

.debug_str      0x00000000     0x13db
 *(.debug_str)
 .debug_str     0x00000000      0x122 .\CortexM3\ARM_GCC_441\Debug\main.o
                                0x15b (size before relaxing)
 .debug_str     0x00000122       0x8b .\CortexM3\ARM_GCC_441\Debug\Cm3Start.o
                                0x16e (size before relaxing)
 .debug_str     0x000001ad      0x1aa .\CortexM3\ARM_GCC_441\Debug\PSoC Slave.a(Debounce_Clock.o)
                                0x28d (size before relaxing)
 .debug_str     0x00000357      0x1a1 .\CortexM3\ARM_GCC_441\Debug\PSoC Slave.a(EZI2C.o)
                                0x28d (size before relaxing)
 .debug_str     0x000004f8       0x3b .\CortexM3\ARM_GCC_441\Debug\PSoC Slave.a(EZI2C_INT.o)
                                0x18a (size before relaxing)
 .debug_str     0x00000533      0x16f .\CortexM3\ARM_GCC_441\Debug\PSoC Slave.a(LCD.o)
                                0x259 (size before relaxing)
 .debug_str     0x000006a2      0x600 .\CortexM3\ARM_GCC_441\Debug\PSoC Slave.a(CyLib.o)
                                0x73f (size before relaxing)
 .debug_str     0x00000ca2      0x372 .\CortexM3\ARM_GCC_441\Debug\PSoC Slave.a(cyPm.o)
                                0x47d (size before relaxing)
 .debug_str     0x00001014      0x114 .\CortexM3\ARM_GCC_441\Debug\PSoC Slave.a(cyfitter_cfg.o)
                                0x223 (size before relaxing)
 .debug_str     0x00001128      0x113 .\CortexM3\ARM_GCC_441\Debug\PSoC Slave.a(CyFlash.o)
                                0x220 (size before relaxing)
 .debug_str     0x0000123b      0x172 .\CortexM3\ARM_GCC_441\Debug\PSoC Slave.a(CySpc.o)
                                0x289 (size before relaxing)
 .debug_str     0x000013ad       0x2e .\CortexM3\ARM_GCC_441\Debug\PSoC Slave.a(cyutils.o)
                                0x11d (size before relaxing)

.debug_loc      0x00000000     0x1efc
 *(.debug_loc)
 .debug_loc     0x00000000       0x81 .\CortexM3\ARM_GCC_441\Debug\main.o
 .debug_loc     0x00000081       0x62 .\CortexM3\ARM_GCC_441\Debug\Cm3Start.o
 .debug_loc     0x000000e3      0x1ea .\CortexM3\ARM_GCC_441\Debug\PSoC Slave.a(Debounce_Clock.o)
 .debug_loc     0x000002cd      0x24c .\CortexM3\ARM_GCC_441\Debug\PSoC Slave.a(EZI2C.o)
 .debug_loc     0x00000519       0x2b .\CortexM3\ARM_GCC_441\Debug\PSoC Slave.a(EZI2C_INT.o)
 .debug_loc     0x00000544      0x309 .\CortexM3\ARM_GCC_441\Debug\PSoC Slave.a(LCD.o)
 .debug_loc     0x0000084d      0xc43 .\CortexM3\ARM_GCC_441\Debug\PSoC Slave.a(CyLib.o)
 .debug_loc     0x00001490      0x35a .\CortexM3\ARM_GCC_441\Debug\PSoC Slave.a(cyPm.o)
 .debug_loc     0x000017ea      0x1ac .\CortexM3\ARM_GCC_441\Debug\PSoC Slave.a(cyfitter_cfg.o)
 .debug_loc     0x00001996      0x1f6 .\CortexM3\ARM_GCC_441\Debug\PSoC Slave.a(CyFlash.o)
 .debug_loc     0x00001b8c      0x339 .\CortexM3\ARM_GCC_441\Debug\PSoC Slave.a(CySpc.o)
 .debug_loc     0x00001ec5       0x37 .\CortexM3\ARM_GCC_441\Debug\PSoC Slave.a(cyutils.o)

.debug_macinfo
 *(.debug_macinfo)

.debug_ranges   0x00000000      0x5a8
 *(.debug_ranges)
 .debug_ranges  0x00000000       0x28 .\CortexM3\ARM_GCC_441\Debug\main.o
 .debug_ranges  0x00000028       0x28 .\CortexM3\ARM_GCC_441\Debug\Cm3Start.o
 .debug_ranges  0x00000050       0x60 .\CortexM3\ARM_GCC_441\Debug\PSoC Slave.a(Debounce_Clock.o)
 .debug_ranges  0x000000b0       0x70 .\CortexM3\ARM_GCC_441\Debug\PSoC Slave.a(EZI2C.o)
 .debug_ranges  0x00000120       0x18 .\CortexM3\ARM_GCC_441\Debug\PSoC Slave.a(EZI2C_INT.o)
 .debug_ranges  0x00000138       0x88 .\CortexM3\ARM_GCC_441\Debug\PSoC Slave.a(LCD.o)
 .debug_ranges  0x000001c0      0x1f8 .\CortexM3\ARM_GCC_441\Debug\PSoC Slave.a(CyLib.o)
 .debug_ranges  0x000003b8       0xa0 .\CortexM3\ARM_GCC_441\Debug\PSoC Slave.a(cyPm.o)
 .debug_ranges  0x00000458       0x50 .\CortexM3\ARM_GCC_441\Debug\PSoC Slave.a(cyfitter_cfg.o)
 .debug_ranges  0x000004a8       0x60 .\CortexM3\ARM_GCC_441\Debug\PSoC Slave.a(CyFlash.o)
 .debug_ranges  0x00000508       0x88 .\CortexM3\ARM_GCC_441\Debug\PSoC Slave.a(CySpc.o)
 .debug_ranges  0x00000590       0x18 .\CortexM3\ARM_GCC_441\Debug\PSoC Slave.a(cyutils.o)

.debug_weaknames
 *(.debug_weaknames)

.debug_funcnames
 *(.debug_funcnames)

.debug_typenames
 *(.debug_typenames)

.debug_varnames
 *(.debug_varnames)

.note.gnu.arm.ident
 *(.note.gnu.arm.ident)

.ARM.attributes
                0x00000000       0x25
 *(.ARM.attributes)
 .ARM.attributes
                0x00000000       0x19 c:/program files (x86)/cypress/psoc creator/2.1/psoc creator/import/gnu_cs/arm/4.4.1/bin/../lib/gcc/arm-none-eabi/4.4.1/thumb2/crti.o
 .ARM.attributes
                0x00000019       0x29 c:/program files (x86)/cypress/psoc creator/2.1/psoc creator/import/gnu_cs/arm/4.4.1/bin/../lib/gcc/arm-none-eabi/4.4.1/thumb2/crtbegin.o
 .ARM.attributes
                0x00000042       0x31 .\CortexM3\ARM_GCC_441\Debug\main.o
 .ARM.attributes
                0x00000073       0x31 .\CortexM3\ARM_GCC_441\Debug\Cm3Start.o
 .ARM.attributes
                0x000000a4       0x31 .\CortexM3\ARM_GCC_441\Debug\PSoC Slave.a(Debounce_Clock.o)
 .ARM.attributes
                0x000000d5       0x31 .\CortexM3\ARM_GCC_441\Debug\PSoC Slave.a(EZI2C.o)
 .ARM.attributes
                0x00000106       0x31 .\CortexM3\ARM_GCC_441\Debug\PSoC Slave.a(EZI2C_INT.o)
 .ARM.attributes
                0x00000137       0x31 .\CortexM3\ARM_GCC_441\Debug\PSoC Slave.a(LCD.o)
 .ARM.attributes
                0x00000168       0x21 .\CortexM3\ARM_GCC_441\Debug\PSoC Slave.a(CyBootAsmGnu.o)
 .ARM.attributes
                0x00000189       0x31 .\CortexM3\ARM_GCC_441\Debug\PSoC Slave.a(CyLib.o)
 .ARM.attributes
                0x000001ba       0x31 .\CortexM3\ARM_GCC_441\Debug\PSoC Slave.a(cyPm.o)
 .ARM.attributes
                0x000001eb       0x31 .\CortexM3\ARM_GCC_441\Debug\PSoC Slave.a(cyfitter_cfg.o)
 .ARM.attributes
                0x0000021c       0x31 .\CortexM3\ARM_GCC_441\Debug\PSoC Slave.a(CyFlash.o)
 .ARM.attributes
                0x0000024d       0x31 .\CortexM3\ARM_GCC_441\Debug\PSoC Slave.a(CySpc.o)
 .ARM.attributes
                0x0000027e       0x31 .\CortexM3\ARM_GCC_441\Debug\PSoC Slave.a(cyutils.o)
 .ARM.attributes
                0x000002af       0x29 c:/program files (x86)/cypress/psoc creator/2.1/psoc creator/import/gnu_cs/arm/4.4.1/bin/../lib/gcc/arm-none-eabi/4.4.1/../../../../arm-none-eabi/lib/thumb2\libc.a(lib_a-memcpy.o)
 .ARM.attributes
                0x000002d8       0x29 c:/program files (x86)/cypress/psoc creator/2.1/psoc creator/import/gnu_cs/arm/4.4.1/bin/../lib/gcc/arm-none-eabi/4.4.1/../../../../arm-none-eabi/lib/thumb2\libc.a(lib_a-memset.o)
 .ARM.attributes
                0x00000301       0x29 c:/program files (x86)/cypress/psoc creator/2.1/psoc creator/import/gnu_cs/arm/4.4.1/bin/../lib/gcc/arm-none-eabi/4.4.1/thumb2/crtend.o
 .ARM.attributes
                0x0000032a       0x19 c:/program files (x86)/cypress/psoc creator/2.1/psoc creator/import/gnu_cs/arm/4.4.1/bin/../lib/gcc/arm-none-eabi/4.4.1/thumb2/crtn.o
 .ARM.attributes
                0x00000343       0x29 c:/program files (x86)/cypress/psoc creator/2.1/psoc creator/import/gnu_cs/arm/4.4.1/bin/../lib/gcc/arm-none-eabi/4.4.1/../../../../arm-none-eabi/lib/thumb2\libcs3.a(start_c.o)
 .ARM.attributes
                0x0000036c       0x19 c:/program files (x86)/cypress/psoc creator/2.1/psoc creator/import/gnu_cs/arm/4.4.1/bin/../lib/gcc/arm-none-eabi/4.4.1/../../../../arm-none-eabi/lib/thumb2\libcs3micro.a(micro-vector.o)
 .ARM.attributes
                0x00000385       0x19 c:/program files (x86)/cypress/psoc creator/2.1/psoc creator/import/gnu_cs/arm/4.4.1/bin/../lib/gcc/arm-none-eabi/4.4.1/../../../../arm-none-eabi/lib/thumb2\libcs3micro.a(micro_isr_interrupt.o)
 .ARM.attributes
                0x0000039e       0x29 c:/program files (x86)/cypress/psoc creator/2.1/psoc creator/import/gnu_cs/arm/4.4.1/bin/../lib/gcc/arm-none-eabi/4.4.1/../../../../arm-none-eabi/lib/thumb2\libc.a(lib_a-init.o)

/DISCARD/
 *(.note.GNU-stack)
OUTPUT(.\CortexM3\ARM_GCC_441\Debug\PSoC Slave.elf elf32-littlearm)
